node:internal/modules/cjs/loader:1522
  throw err;
  ^

Error: Cannot find module '@aws-sdk/client-opensearch'
Require stack:
- C:\Users\scott\OneDrive\Desktop\Common Crawler Code\rampedup-phase1\tmp-os-wait.js
    at Module._resolveFilename (node:internal/modules/cjs/loader:1519:15)
    at wrapResolveFilename (node:internal/modules/cjs/loader:1073:27)
    at defaultResolveImplForCJSLoading (node:internal/modules/cjs/loader:1097:10)
    at resolveForCJSWithHooks (node:internal/modules/cjs/loader:1124:12)
    at Module._load (node:internal/modules/cjs/loader:1296:5)
    at wrapModuleLoad (node:internal/modules/cjs/loader:255:19)
    at Module.require (node:internal/modules/cjs/loader:1619:12)
    at require (node:internal/modules/helpers:191:16)
    at Object.<anonymous> (C:\Users\scott\OneDrive\Desktop\Common Crawler Code\rampedup-phase1\tmp-os-wait.js:1:53)
    at Module._compile (node:internal/modules/cjs/loader:1873:14) {
  code: 'MODULE_NOT_FOUND',
  requireStack: [
    'C:\\Users\\scott\\OneDrive\\Desktop\\Common Crawler Code\\rampedup-phase1\\tmp-os-wait.js'
  ]
}

Node.js v26.2.0
