(no --crawl) latest corpus: CC-MAIN-2026-25
  [create db] ok — scanned 0 MB (~$0.0000)
  [create table] ok — scanned 0 MB (~$0.0000)
  [add partition] ok — scanned 0 MB (~$0.0000)
Resolve mode: mmiss-chunk-02 -> cc-warc-mmiss-02.jsonl; crawls: CC-MAIN-2025-51, CC-MAIN-2025-47, CC-MAIN-2025-43, CC-MAIN-2025-38, CC-MAIN-2025-33, CC-MAIN-2025-30
  4,365,340 URL(s) read -> 4,365,340 distinct key(s) (0 non-URL skipped)
  uploading keys (240.2 MB) -> s3://aws-athena-query-results-475987770186-us-east-1/bio-resolve/1782940146913/keys.txt ...
  [create db] ok — scanned 0 MB (~$0.0000)
  [create table] ok — scanned 0 MB (~$0.0000)
  [add partition] ok — scanned 0 MB (~$0.0000)
  [create db] ok — scanned 0 MB (~$0.0000)
  [create table] ok — scanned 0 MB (~$0.0000)
  [add partition] ok — scanned 0 MB (~$0.0000)
  [create db] ok — scanned 0 MB (~$0.0000)
  [create table] ok — scanned 0 MB (~$0.0000)
  [add partition] ok — scanned 0 MB (~$0.0000)
  [create db] ok — scanned 0 MB (~$0.0000)
  [create table] ok — scanned 0 MB (~$0.0000)
  [add partition] ok — scanned 0 MB (~$0.0000)
  [create db] ok — scanned 0 MB (~$0.0000)
  [create table] ok — scanned 0 MB (~$0.0000)
  [add partition] ok — scanned 0 MB (~$0.0000)
  [create db] ok — scanned 0 MB (~$0.0000)
  [create table] ok — scanned 0 MB (~$0.0000)
  [add partition] ok — scanned 0 MB (~$0.0000)
  [drop keys tbl] ok — scanned 0 MB (~$0.0000)
  [create keys tbl] ok — scanned 0 MB (~$0.0000)
  [resolve] ok — scanned 564140 MB (~$2.9577)

Resolved 207,100 / 4,365,340 URL(s) in CC (4.7% hit) -> cc-warc-mmiss-02.jsonl
Next: DATABASE_URL=… node load-queue.js cc-warc-mmiss-02.jsonl   (the 12-region fleet then drains it)
