Lambda concurrency limit 1000 -> driving at 250 concurrent (raise the quota to go faster)
  2,000 ptrs | 1,188 records | 254 ptr/s | 0 inv-err
  11,000 ptrs | 6,003 records | 1104 ptr/s | 0 inv-err
  11,400 ptrs | 6,207 records | 1136 ptr/s | 0 inv-err
  34,000 ptrs | 17,975 records | 2815 ptr/s | 0 inv-err
  35,400 ptrs | 18,786 records | 2910 ptr/s | 0 inv-err
  44,200 ptrs | 23,669 records | 3438 ptr/s | 0 inv-err
  52,200 ptrs | 27,909 records | 3767 ptr/s | 0 inv-err
  77,200 ptrs | 41,098 records | 4544 ptr/s | 0 inv-err
  80,600 ptrs | 42,947 records | 4585 ptr/s | 0 inv-err
  100,000 ptrs | 53,181 records | 4908 ptr/s | 0 inv-err
  100,800 ptrs | 53,532 records | 4945 ptr/s | 0 inv-err
  118,200 ptrs | 62,661 records | 5058 ptr/s | 0 inv-err
  120,200 ptrs | 63,740 records | 5079 ptr/s | 0 inv-err
  128,800 ptrs | 68,487 records | 5035 ptr/s | 0 inv-err
  130,400 ptrs | 69,331 records | 5002 ptr/s | 0 inv-err
  143,200 ptrs | 75,860 records | 4962 ptr/s | 0 inv-err
  143,800 ptrs | 76,168 records | 4922 ptr/s | 0 inv-err
  159,800 ptrs | 84,411 records | 4817 ptr/s | 0 inv-err
  176,800 ptrs | 93,211 records | 4794 ptr/s | 0 inv-err
  180,800 ptrs | 95,390 records | 4865 ptr/s | 0 inv-err
  190,200 ptrs | 100,282 records | 5010 ptr/s | 0 inv-err
  195,000 ptrs | 102,847 records | 5082 ptr/s | 0 inv-err
  209,400 ptrs | 110,286 records | 5292 ptr/s | 0 inv-err
  254,600 ptrs | 133,518 records | 5410 ptr/s | 0 inv-err
  264,800 ptrs | 138,733 records | 5475 ptr/s | 0 inv-err
  266,400 ptrs | 139,419 records | 5461 ptr/s | 0 inv-err
  279,400 ptrs | 146,193 records | 5406 ptr/s | 0 inv-err
  296,600 ptrs | 155,416 records | 5506 ptr/s | 0 inv-err
  298,400 ptrs | 156,357 records | 5509 ptr/s | 0 inv-err
  300,200 ptrs | 157,283 records | 5521 ptr/s | 0 inv-err
  301,600 ptrs | 158,026 records | 5528 ptr/s | 0 inv-err
  303,800 ptrs | 159,073 records | 5527 ptr/s | 0 inv-err
  320,000 ptrs | 167,200 records | 5637 ptr/s | 0 inv-err
  325,600 ptrs | 170,243 records | 5677 ptr/s | 0 inv-err
  331,400 ptrs | 173,142 records | 5718 ptr/s | 0 inv-err
  335,200 ptrs | 175,069 records | 5753 ptr/s | 0 inv-err
  356,800 ptrs | 186,106 records | 5910 ptr/s | 0 inv-err
  361,400 ptrs | 188,290 records | 5937 ptr/s | 0 inv-err
  371,600 ptrs | 193,378 records | 6007 ptr/s | 0 inv-err
  407,200 ptrs | 211,874 records | 6238 ptr/s | 0 inv-err
  407,600 ptrs | 212,050 records | 6236 ptr/s | 0 inv-err
  407,800 ptrs | 212,116 records | 6239 ptr/s | 0 inv-err
  428,800 ptrs | 222,532 records | 6375 ptr/s | 0 inv-err
  431,800 ptrs | 224,125 records | 6391 ptr/s | 0 inv-err
  439,200 ptrs | 227,705 records | 6412 ptr/s | 0 inv-err
  464,400 ptrs | 240,954 records | 6527 ptr/s | 0 inv-err
  472,000 ptrs | 244,882 records | 6567 ptr/s | 0 inv-err
  474,200 ptrs | 246,125 records | 6580 ptr/s | 0 inv-err
  478,200 ptrs | 248,000 records | 6599 ptr/s | 0 inv-err
  494,800 ptrs | 256,813 records | 6688 ptr/s | 0 inv-err
  499,600 ptrs | 259,413 records | 6717 ptr/s | 0 inv-err
  509,400 ptrs | 264,278 records | 6733 ptr/s | 0 inv-err
  516,800 ptrs | 267,985 records | 6784 ptr/s | 0 inv-err
  519,600 ptrs | 269,336 records | 6785 ptr/s | 0 inv-err
  525,000 ptrs | 272,147 records | 6811 ptr/s | 0 inv-err
  552,600 ptrs | 285,711 records | 6928 ptr/s | 0 inv-err
  560,800 ptrs | 290,147 records | 6950 ptr/s | 0 inv-err
  562,000 ptrs | 290,751 records | 6950 ptr/s | 0 inv-err
  578,000 ptrs | 298,989 records | 7017 ptr/s | 0 inv-err
  584,400 ptrs | 302,317 records | 7043 ptr/s | 0 inv-err
  589,400 ptrs | 304,903 records | 7061 ptr/s | 0 inv-err
  606,000 ptrs | 313,236 records | 7133 ptr/s | 0 inv-err
  612,200 ptrs | 316,530 records | 7155 ptr/s | 0 inv-err
  621,600 ptrs | 321,185 records | 7198 ptr/s | 0 inv-err
  627,400 ptrs | 324,269 records | 7215 ptr/s | 0 inv-err
  660,000 ptrs | 340,422 records | 7286 ptr/s | 0 inv-err
  670,600 ptrs | 345,810 records | 7300 ptr/s | 0 inv-err
  673,800 ptrs | 347,568 records | 7279 ptr/s | 0 inv-err
  679,000 ptrs | 350,226 records | 7288 ptr/s | 0 inv-err
  694,400 ptrs | 358,619 records | 7273 ptr/s | 0 inv-err
  694,600 ptrs | 358,729 records | 7275 ptr/s | 0 inv-err
  725,400 ptrs | 374,252 records | 7114 ptr/s | 0 inv-err
  727,800 ptrs | 375,432 records | 7094 ptr/s | 0 inv-err
  728,400 ptrs | 375,748 records | 7081 ptr/s | 0 inv-err
  744,800 ptrs | 384,015 records | 6970 ptr/s | 0 inv-err
  754,600 ptrs | 389,023 records | 7027 ptr/s | 0 inv-err
  766,800 ptrs | 395,021 records | 7095 ptr/s | 0 inv-err
  768,000 ptrs | 395,517 records | 7099 ptr/s | 0 inv-err
  781,000 ptrs | 401,901 records | 7142 ptr/s | 0 inv-err
  781,800 ptrs | 402,244 records | 7142 ptr/s | 0 inv-err
  799,000 ptrs | 410,872 records | 7137 ptr/s | 0 inv-err
  799,400 ptrs | 411,178 records | 7140 ptr/s | 0 inv-err
  811,400 ptrs | 417,091 records | 7170 ptr/s | 0 inv-err
  828,400 ptrs | 425,582 records | 7181 ptr/s | 0 inv-err
  839,800 ptrs | 431,609 records | 7211 ptr/s | 0 inv-err
  852,400 ptrs | 437,974 records | 7238 ptr/s | 0 inv-err
  863,000 ptrs | 443,231 records | 7266 ptr/s | 0 inv-err
  866,600 ptrs | 445,091 records | 7281 ptr/s | 0 inv-err
  868,600 ptrs | 446,057 records | 7288 ptr/s | 0 inv-err
  881,000 ptrs | 452,049 records | 7313 ptr/s | 0 inv-err
  891,000 ptrs | 456,825 records | 7341 ptr/s | 0 inv-err
  909,200 ptrs | 466,433 records | 7356 ptr/s | 0 inv-err
  926,400 ptrs | 475,053 records | 7425 ptr/s | 0 inv-err
  926,800 ptrs | 475,239 records | 7422 ptr/s | 0 inv-err
  928,600 ptrs | 476,108 records | 7430 ptr/s | 0 inv-err
  952,200 ptrs | 487,907 records | 7348 ptr/s | 0 inv-err
  965,800 ptrs | 494,702 records | 7363 ptr/s | 0 inv-err
  970,000 ptrs | 496,871 records | 7362 ptr/s | 0 inv-err
  974,800 ptrs | 499,464 records | 7351 ptr/s | 0 inv-err
  977,600 ptrs | 500,803 records | 7340 ptr/s | 0 inv-err
  1,002,000 ptrs | 512,686 records | 7129 ptr/s | 0 inv-err
  1,005,000 ptrs | 514,286 records | 7135 ptr/s | 0 inv-err
  1,025,200 ptrs | 524,585 records | 7210 ptr/s | 0 inv-err
  1,036,400 ptrs | 530,483 records | 7235 ptr/s | 0 inv-err
  1,041,600 ptrs | 533,020 records | 7246 ptr/s | 0 inv-err
  1,048,800 ptrs | 536,676 records | 7239 ptr/s | 0 inv-err
  1,051,000 ptrs | 537,781 records | 7244 ptr/s | 0 inv-err
  1,080,200 ptrs | 552,497 records | 7305 ptr/s | 0 inv-err
  1,081,000 ptrs | 552,902 records | 7306 ptr/s | 0 inv-err
  1,082,200 ptrs | 553,403 records | 7304 ptr/s | 0 inv-err
  1,098,600 ptrs | 561,018 records | 7345 ptr/s | 0 inv-err
  1,116,000 ptrs | 569,978 records | 7363 ptr/s | 0 inv-err
  1,127,400 ptrs | 575,407 records | 7385 ptr/s | 0 inv-err
  1,129,200 ptrs | 576,325 records | 7387 ptr/s | 0 inv-err
  1,131,600 ptrs | 577,755 records | 7393 ptr/s | 0 inv-err
  1,132,800 ptrs | 578,442 records | 7396 ptr/s | 0 inv-err
  1,164,200 ptrs | 594,456 records | 7455 ptr/s | 0 inv-err
  1,167,800 ptrs | 596,383 records | 7464 ptr/s | 0 inv-err
  1,174,800 ptrs | 599,858 records | 7484 ptr/s | 0 inv-err
  1,195,600 ptrs | 610,387 records | 7517 ptr/s | 0 inv-err
  1,205,800 ptrs | 615,605 records | 7538 ptr/s | 0 inv-err
  1,219,200 ptrs | 622,542 records | 7556 ptr/s | 0 inv-err
  1,221,200 ptrs | 623,581 records | 7568 ptr/s | 0 inv-err
  1,232,000 ptrs | 629,050 records | 7583 ptr/s | 0 inv-err
  1,240,200 ptrs | 633,122 records | 7601 ptr/s | 0 inv-err
  1,257,000 ptrs | 641,336 records | 7634 ptr/s | 0 inv-err
  1,267,800 ptrs | 646,847 records | 7639 ptr/s | 0 inv-err
  1,273,200 ptrs | 649,621 records | 7653 ptr/s | 0 inv-err
  1,276,800 ptrs | 651,573 records | 7660 ptr/s | 0 inv-err
  1,283,800 ptrs | 655,100 records | 7671 ptr/s | 0 inv-err
  1,294,800 ptrs | 660,378 records | 7695 ptr/s | 0 inv-err
  1,306,600 ptrs | 666,644 records | 7710 ptr/s | 0 inv-err
  1,315,600 ptrs | 671,060 records | 7718 ptr/s | 0 inv-err
  1,321,200 ptrs | 673,833 records | 7733 ptr/s | 0 inv-err
  1,322,800 ptrs | 674,671 records | 7742 ptr/s | 0 inv-err
  1,336,600 ptrs | 681,823 records | 7767 ptr/s | 0 inv-err
  1,344,200 ptrs | 685,850 records | 7780 ptr/s | 0 inv-err
  1,351,000 ptrs | 689,432 records | 7793 ptr/s | 0 inv-err
  1,376,600 ptrs | 702,096 records | 7836 ptr/s | 0 inv-err
  1,380,600 ptrs | 704,143 records | 7837 ptr/s | 0 inv-err
  1,402,800 ptrs | 715,474 records | 7865 ptr/s | 0 inv-err
  1,418,800 ptrs | 723,760 records | 7888 ptr/s | 0 inv-err
  1,422,800 ptrs | 725,829 records | 7897 ptr/s | 0 inv-err
  1,427,800 ptrs | 728,256 records | 7903 ptr/s | 0 inv-err
  1,434,200 ptrs | 731,688 records | 7912 ptr/s | 0 inv-err
  1,447,200 ptrs | 738,028 records | 7926 ptr/s | 0 inv-err
  1,461,800 ptrs | 745,205 records | 7946 ptr/s | 0 inv-err
  1,462,200 ptrs | 745,434 records | 7948 ptr/s | 0 inv-err
  1,495,400 ptrs | 761,889 records | 7981 ptr/s | 0 inv-err
  1,496,600 ptrs | 762,513 records | 7984 ptr/s | 0 inv-err
  1,507,200 ptrs | 767,650 records | 7980 ptr/s | 0 inv-err
  1,507,800 ptrs | 767,977 records | 7983 ptr/s | 0 inv-err
  1,523,400 ptrs | 776,155 records | 8015 ptr/s | 0 inv-err
  1,536,800 ptrs | 783,154 records | 8022 ptr/s | 0 inv-err
  1,544,200 ptrs | 787,000 records | 8023 ptr/s | 0 inv-err
  1,556,800 ptrs | 793,569 records | 8038 ptr/s | 0 inv-err
  1,558,200 ptrs | 794,207 records | 8041 ptr/s | 0 inv-err
  1,561,000 ptrs | 795,623 records | 8048 ptr/s | 0 inv-err
  1,572,000 ptrs | 801,450 records | 8059 ptr/s | 0 inv-err
  1,579,600 ptrs | 805,580 records | 8069 ptr/s | 0 inv-err
  1,586,600 ptrs | 809,103 records | 8076 ptr/s | 0 inv-err
  1,590,800 ptrs | 811,245 records | 8080 ptr/s | 0 inv-err
  1,610,400 ptrs | 821,295 records | 8106 ptr/s | 0 inv-err
  1,624,000 ptrs | 828,366 records | 8125 ptr/s | 0 inv-err
  1,629,000 ptrs | 830,951 records | 8126 ptr/s | 0 inv-err
  1,645,600 ptrs | 839,056 records | 8148 ptr/s | 0 inv-err
  1,647,000 ptrs | 839,706 records | 8147 ptr/s | 0 inv-err
  1,653,800 ptrs | 843,293 records | 8156 ptr/s | 0 inv-err
  1,668,000 ptrs | 850,192 records | 8178 ptr/s | 0 inv-err
  1,676,600 ptrs | 854,427 records | 8183 ptr/s | 0 inv-err
  1,697,600 ptrs | 864,817 records | 8198 ptr/s | 0 inv-err
  1,700,200 ptrs | 866,002 records | 8206 ptr/s | 0 inv-err
  1,728,400 ptrs | 879,992 records | 8236 ptr/s | 0 inv-err
  1,728,800 ptrs | 880,170 records | 8238 ptr/s | 0 inv-err
  1,731,000 ptrs | 881,162 records | 8240 ptr/s | 0 inv-err
  1,740,000 ptrs | 885,891 records | 8243 ptr/s | 0 inv-err
  1,767,000 ptrs | 899,324 records | 8266 ptr/s | 0 inv-err
  1,769,200 ptrs | 900,416 records | 8272 ptr/s | 0 inv-err
  1,774,600 ptrs | 903,156 records | 8274 ptr/s | 0 inv-err
  1,776,600 ptrs | 904,288 records | 8278 ptr/s | 0 inv-err
  1,803,200 ptrs | 918,085 records | 8296 ptr/s | 0 inv-err
  1,804,400 ptrs | 918,701 records | 8301 ptr/s | 0 inv-err
  1,817,800 ptrs | 925,417 records | 8313 ptr/s | 0 inv-err
  1,824,400 ptrs | 928,817 records | 8324 ptr/s | 0 inv-err
  1,856,400 ptrs | 945,312 records | 8352 ptr/s | 0 inv-err
  1,857,000 ptrs | 945,610 records | 8350 ptr/s | 0 inv-err
  1,859,200 ptrs | 946,660 records | 8357 ptr/s | 0 inv-err
  1,867,200 ptrs | 950,773 records | 8362 ptr/s | 0 inv-err
  1,877,200 ptrs | 955,827 records | 8381 ptr/s | 0 inv-err
  1,881,200 ptrs | 957,805 records | 8373 ptr/s | 0 inv-err
  1,887,600 ptrs | 961,024 records | 8376 ptr/s | 0 inv-err
  1,905,800 ptrs | 970,575 records | 8393 ptr/s | 0 inv-err
  1,912,200 ptrs | 973,772 records | 8406 ptr/s | 0 inv-err
  1,926,600 ptrs | 981,465 records | 8418 ptr/s | 0 inv-err
  1,938,800 ptrs | 987,725 records | 8423 ptr/s | 0 inv-err
  1,950,200 ptrs | 993,346 records | 8432 ptr/s | 0 inv-err
  1,964,200 ptrs | 1,000,184 records | 8450 ptr/s | 0 inv-err
  1,977,600 ptrs | 1,006,552 records | 8456 ptr/s | 1 inv-err
  1,979,400 ptrs | 1,007,476 records | 8460 ptr/s | 1 inv-err
  1,983,600 ptrs | 1,009,403 records | 8464 ptr/s | 1 inv-err
  1,986,000 ptrs | 1,010,589 records | 8467 ptr/s | 1 inv-err
  2,018,000 ptrs | 1,026,550 records | 8487 ptr/s | 1 inv-err
  2,019,800 ptrs | 1,027,530 records | 8491 ptr/s | 1 inv-err
  2,023,200 ptrs | 1,029,270 records | 8494 ptr/s | 1 inv-err
  2,023,600 ptrs | 1,029,491 records | 8493 ptr/s | 1 inv-err
  2,032,000 ptrs | 1,033,846 records | 8496 ptr/s | 1 inv-err
  2,037,000 ptrs | 1,036,255 records | 8506 ptr/s | 1 inv-err
  2,061,600 ptrs | 1,048,854 records | 8527 ptr/s | 1 inv-err
  2,077,400 ptrs | 1,057,285 records | 8536 ptr/s | 1 inv-err
  2,078,600 ptrs | 1,057,864 records | 8537 ptr/s | 1 inv-err
  2,103,600 ptrs | 1,070,140 records | 8552 ptr/s | 1 inv-err
  2,110,000 ptrs | 1,073,135 records | 8561 ptr/s | 1 inv-err
  2,138,000 ptrs | 1,087,725 records | 8577 ptr/s | 1 inv-err
  2,140,600 ptrs | 1,089,029 records | 8581 ptr/s | 1 inv-err
  2,141,000 ptrs | 1,089,207 records | 8582 ptr/s | 1 inv-err
  2,148,200 ptrs | 1,092,881 records | 8584 ptr/s | 1 inv-err
  2,155,400 ptrs | 1,096,835 records | 8588 ptr/s | 1 inv-err
  2,179,800 ptrs | 1,109,179 records | 8607 ptr/s | 1 inv-err
  2,181,800 ptrs | 1,110,343 records | 8611 ptr/s | 1 inv-err
  2,184,200 ptrs | 1,111,541 records | 8611 ptr/s | 1 inv-err
  2,203,800 ptrs | 1,121,998 records | 8623 ptr/s | 1 inv-err
  2,208,400 ptrs | 1,124,256 records | 8624 ptr/s | 1 inv-err
  2,214,800 ptrs | 1,127,332 records | 8629 ptr/s | 1 inv-err
  2,220,800 ptrs | 1,130,435 records | 8632 ptr/s | 1 inv-err
  2,240,800 ptrs | 1,140,678 records | 8646 ptr/s | 1 inv-err
  2,245,400 ptrs | 1,143,053 records | 8650 ptr/s | 1 inv-err
  2,248,600 ptrs | 1,144,768 records | 8650 ptr/s | 1 inv-err
  2,254,200 ptrs | 1,147,683 records | 8654 ptr/s | 1 inv-err
  2,287,000 ptrs | 1,164,403 records | 8677 ptr/s | 1 inv-err
  2,289,000 ptrs | 1,165,479 records | 8678 ptr/s | 1 inv-err
  2,300,600 ptrs | 1,171,378 records | 8679 ptr/s | 1 inv-err
  2,303,600 ptrs | 1,172,871 records | 8678 ptr/s | 1 inv-err
  2,306,400 ptrs | 1,174,449 records | 8681 ptr/s | 1 inv-err
  2,342,400 ptrs | 1,192,515 records | 8650 ptr/s | 1 inv-err
  2,344,400 ptrs | 1,193,587 records | 8642 ptr/s | 1 inv-err
  2,353,600 ptrs | 1,198,260 records | 8632 ptr/s | 1 inv-err
  2,355,200 ptrs | 1,199,099 records | 8628 ptr/s | 1 inv-err
  2,368,200 ptrs | 1,205,604 records | 8603 ptr/s | 1 inv-err
  2,380,000 ptrs | 1,211,692 records | 8562 ptr/s | 1 inv-err
  2,380,600 ptrs | 1,212,034 records | 8555 ptr/s | 1 inv-err
  2,390,600 ptrs | 1,217,048 records | 8463 ptr/s | 1 inv-err
  2,404,200 ptrs | 1,223,754 records | 8431 ptr/s | 1 inv-err
  2,411,800 ptrs | 1,227,342 records | 8441 ptr/s | 1 inv-err
  2,413,600 ptrs | 1,228,194 records | 8443 ptr/s | 1 inv-err
  2,420,400 ptrs | 1,231,665 records | 8458 ptr/s | 1 inv-err
  2,442,800 ptrs | 1,243,225 records | 8471 ptr/s | 1 inv-err
  2,470,800 ptrs | 1,257,573 records | 8457 ptr/s | 1 inv-err
  2,471,800 ptrs | 1,258,111 records | 8458 ptr/s | 1 inv-err
  2,477,400 ptrs | 1,260,840 records | 8448 ptr/s | 1 inv-err
  2,485,400 ptrs | 1,264,914 records | 8455 ptr/s | 1 inv-err
  2,499,400 ptrs | 1,272,182 records | 8464 ptr/s | 1 inv-err
  2,500,600 ptrs | 1,272,663 records | 8466 ptr/s | 1 inv-err
  2,506,000 ptrs | 1,275,373 records | 8466 ptr/s | 1 inv-err
  2,524,400 ptrs | 1,284,374 records | 8478 ptr/s | 1 inv-err
  2,543,800 ptrs | 1,293,890 records | 8471 ptr/s | 2 inv-err
  2,546,200 ptrs | 1,295,205 records | 8466 ptr/s | 2 inv-err
  2,555,600 ptrs | 1,299,682 records | 8477 ptr/s | 2 inv-err
  2,584,200 ptrs | 1,314,418 records | 8424 ptr/s | 2 inv-err
  2,588,400 ptrs | 1,316,676 records | 8416 ptr/s | 2 inv-err
  2,599,200 ptrs | 1,322,038 records | 8377 ptr/s | 2 inv-err
  2,600,000 ptrs | 1,322,440 records | 8372 ptr/s | 2 inv-err
  2,619,600 ptrs | 1,332,010 records | 8336 ptr/s | 2 inv-err
  2,621,400 ptrs | 1,332,979 records | 8336 ptr/s | 2 inv-err
  2,631,200 ptrs | 1,338,179 records | 8330 ptr/s | 2 inv-err
  2,640,000 ptrs | 1,342,580 records | 8338 ptr/s | 2 inv-err
  2,648,600 ptrs | 1,346,981 records | 8348 ptr/s | 2 inv-err
  2,648,800 ptrs | 1,347,094 records | 8349 ptr/s | 2 inv-err
  2,662,200 ptrs | 1,353,930 records | 8360 ptr/s | 2 inv-err
  2,696,200 ptrs | 1,371,281 records | 8364 ptr/s | 2 inv-err
  2,697,000 ptrs | 1,371,722 records | 8366 ptr/s | 2 inv-err
  2,704,000 ptrs | 1,375,385 records | 8370 ptr/s | 2 inv-err
  2,706,200 ptrs | 1,376,449 records | 8364 ptr/s | 2 inv-err
  2,714,000 ptrs | 1,380,630 records | 8367 ptr/s | 2 inv-err
  2,746,000 ptrs | 1,397,141 records | 8352 ptr/s | 2 inv-err
  2,752,000 ptrs | 1,400,162 records | 8350 ptr/s | 2 inv-err
  2,768,400 ptrs | 1,408,310 records | 8354 ptr/s | 2 inv-err
  2,783,000 ptrs | 1,416,135 records | 8355 ptr/s | 2 inv-err
  2,803,200 ptrs | 1,426,506 records | 8366 ptr/s | 2 inv-err
  2,804,400 ptrs | 1,427,161 records | 8367 ptr/s | 2 inv-err
  2,807,400 ptrs | 1,428,637 records | 8371 ptr/s | 2 inv-err
  2,808,000 ptrs | 1,428,916 records | 8370 ptr/s | 2 inv-err
  2,814,800 ptrs | 1,432,368 records | 8373 ptr/s | 2 inv-err
  2,829,400 ptrs | 1,439,610 records | 8384 ptr/s | 2 inv-err
  2,832,800 ptrs | 1,441,379 records | 8385 ptr/s | 2 inv-err
  2,845,000 ptrs | 1,447,657 records | 8386 ptr/s | 2 inv-err
  2,860,800 ptrs | 1,455,911 records | 8388 ptr/s | 2 inv-err
  2,865,600 ptrs | 1,458,384 records | 8397 ptr/s | 2 inv-err
  2,869,000 ptrs | 1,460,090 records | 8397 ptr/s | 2 inv-err
  2,876,000 ptrs | 1,463,679 records | 8396 ptr/s | 2 inv-err
  2,877,600 ptrs | 1,464,521 records | 8400 ptr/s | 2 inv-err
  2,889,800 ptrs | 1,470,606 records | 8414 ptr/s | 2 inv-err
  2,906,800 ptrs | 1,479,235 records | 8404 ptr/s | 2 inv-err
  2,915,200 ptrs | 1,483,565 records | 8404 ptr/s | 2 inv-err
  2,937,800 ptrs | 1,495,332 records | 8361 ptr/s | 2 inv-err
  2,939,400 ptrs | 1,496,045 records | 8365 ptr/s | 2 inv-err
  2,944,600 ptrs | 1,498,780 records | 8364 ptr/s | 2 inv-err
  2,951,400 ptrs | 1,502,094 records | 8357 ptr/s | 2 inv-err
  2,961,000 ptrs | 1,506,851 records | 8344 ptr/s | 2 inv-err
  2,981,200 ptrs | 1,516,854 records | 8270 ptr/s | 2 inv-err
  2,993,000 ptrs | 1,522,684 records | 8269 ptr/s | 2 inv-err
  3,009,400 ptrs | 1,531,285 records | 8288 ptr/s | 2 inv-err
  3,012,000 ptrs | 1,532,584 records | 8291 ptr/s | 2 inv-err
  3,017,400 ptrs | 1,535,570 records | 8297 ptr/s | 2 inv-err
  3,027,800 ptrs | 1,540,983 records | 8300 ptr/s | 2 inv-err
  3,037,400 ptrs | 1,546,374 records | 8302 ptr/s | 2 inv-err
  3,045,000 ptrs | 1,550,141 records | 8298 ptr/s | 2 inv-err
  3,058,400 ptrs | 1,557,134 records | 8312 ptr/s | 2 inv-err
  3,079,800 ptrs | 1,567,716 records | 8329 ptr/s | 2 inv-err
  3,080,600 ptrs | 1,568,051 records | 8327 ptr/s | 2 inv-err
  3,082,200 ptrs | 1,568,940 records | 8329 ptr/s | 2 inv-err
  3,093,800 ptrs | 1,574,979 records | 8332 ptr/s | 2 inv-err
  3,123,400 ptrs | 1,589,902 records | 8354 ptr/s | 2 inv-err
  3,134,400 ptrs | 1,595,779 records | 8359 ptr/s | 2 inv-err
  3,138,200 ptrs | 1,597,658 records | 8360 ptr/s | 2 inv-err
  3,139,400 ptrs | 1,598,249 records | 8361 ptr/s | 2 inv-err
  3,145,200 ptrs | 1,601,083 records | 8365 ptr/s | 2 inv-err
  3,146,600 ptrs | 1,601,830 records | 8365 ptr/s | 2 inv-err
  3,163,000 ptrs | 1,610,321 records | 8377 ptr/s | 2 inv-err
  3,167,200 ptrs | 1,612,370 records | 8380 ptr/s | 2 inv-err
  3,188,400 ptrs | 1,623,155 records | 8389 ptr/s | 2 inv-err
  3,199,400 ptrs | 1,628,702 records | 8396 ptr/s | 2 inv-err
  3,201,600 ptrs | 1,629,875 records | 8397 ptr/s | 2 inv-err
  3,218,600 ptrs | 1,638,524 records | 8402 ptr/s | 2 inv-err
  3,221,600 ptrs | 1,640,198 records | 8399 ptr/s | 2 inv-err
  3,226,800 ptrs | 1,642,881 records | 8404 ptr/s | 2 inv-err
  3,241,200 ptrs | 1,650,014 records | 8409 ptr/s | 2 inv-err
  3,262,200 ptrs | 1,660,720 records | 8428 ptr/s | 2 inv-err
  3,272,800 ptrs | 1,666,021 records | 8427 ptr/s | 2 inv-err
  3,278,000 ptrs | 1,668,535 records | 8427 ptr/s | 2 inv-err
  3,287,600 ptrs | 1,673,732 records | 8433 ptr/s | 2 inv-err
  3,293,800 ptrs | 1,676,985 records | 8436 ptr/s | 2 inv-err
  3,315,400 ptrs | 1,688,088 records | 8443 ptr/s | 2 inv-err
  3,318,200 ptrs | 1,689,362 records | 8444 ptr/s | 2 inv-err
  3,326,400 ptrs | 1,693,445 records | 8445 ptr/s | 2 inv-err
  3,333,400 ptrs | 1,696,914 records | 8442 ptr/s | 2 inv-err
  3,338,000 ptrs | 1,699,274 records | 8440 ptr/s | 2 inv-err
  3,354,200 ptrs | 1,707,949 records | 8432 ptr/s | 2 inv-err
  3,367,600 ptrs | 1,714,896 records | 8428 ptr/s | 2 inv-err
  3,381,400 ptrs | 1,721,817 records | 8416 ptr/s | 2 inv-err
  3,401,600 ptrs | 1,732,232 records | 8385 ptr/s | 2 inv-err
  3,402,600 ptrs | 1,732,774 records | 8385 ptr/s | 2 inv-err
  3,409,600 ptrs | 1,736,201 records | 8378 ptr/s | 2 inv-err
  3,417,600 ptrs | 1,740,329 records | 8373 ptr/s | 2 inv-err
  3,419,800 ptrs | 1,741,329 records | 8370 ptr/s | 2 inv-err
  3,441,400 ptrs | 1,752,342 records | 8382 ptr/s | 2 inv-err
  3,455,400 ptrs | 1,759,109 records | 8400 ptr/s | 2 inv-err
  3,456,000 ptrs | 1,759,416 records | 8400 ptr/s | 2 inv-err
  3,468,600 ptrs | 1,765,593 records | 8399 ptr/s | 2 inv-err
  3,488,400 ptrs | 1,775,959 records | 8409 ptr/s | 2 inv-err
  3,496,000 ptrs | 1,779,955 records | 8416 ptr/s | 2 inv-err
  3,496,600 ptrs | 1,780,219 records | 8418 ptr/s | 2 inv-err
  3,510,000 ptrs | 1,786,805 records | 8420 ptr/s | 2 inv-err
  3,512,800 ptrs | 1,788,165 records | 8420 ptr/s | 2 inv-err
  3,530,400 ptrs | 1,797,139 records | 8428 ptr/s | 2 inv-err
  3,534,000 ptrs | 1,798,840 records | 8429 ptr/s | 2 inv-err
  3,536,000 ptrs | 1,799,839 records | 8432 ptr/s | 2 inv-err
  3,567,600 ptrs | 1,815,320 records | 8443 ptr/s | 2 inv-err
  3,568,400 ptrs | 1,815,713 records | 8443 ptr/s | 2 inv-err
  3,580,200 ptrs | 1,821,808 records | 8450 ptr/s | 2 inv-err
  3,593,800 ptrs | 1,828,879 records | 8458 ptr/s | 2 inv-err
  3,596,600 ptrs | 1,830,378 records | 8461 ptr/s | 2 inv-err
  3,616,800 ptrs | 1,840,479 records | 8469 ptr/s | 2 inv-err
  3,623,400 ptrs | 1,843,907 records | 8474 ptr/s | 2 inv-err
  3,643,400 ptrs | 1,854,449 records | 8478 ptr/s | 2 inv-err
  3,643,800 ptrs | 1,854,645 records | 8479 ptr/s | 2 inv-err
  3,644,600 ptrs | 1,855,030 records | 8479 ptr/s | 2 inv-err
  3,649,000 ptrs | 1,857,452 records | 8483 ptr/s | 2 inv-err
  3,665,800 ptrs | 1,866,053 records | 8490 ptr/s | 2 inv-err
  3,666,800 ptrs | 1,866,606 records | 8491 ptr/s | 2 inv-err
  3,692,800 ptrs | 1,880,042 records | 8504 ptr/s | 2 inv-err
  3,704,800 ptrs | 1,886,066 records | 8502 ptr/s | 2 inv-err
  3,706,200 ptrs | 1,886,774 records | 8505 ptr/s | 2 inv-err
  3,733,600 ptrs | 1,901,213 records | 8517 ptr/s | 2 inv-err
  3,736,400 ptrs | 1,902,750 records | 8520 ptr/s | 2 inv-err
  3,745,600 ptrs | 1,907,680 records | 8523 ptr/s | 2 inv-err
  3,745,800 ptrs | 1,907,763 records | 8523 ptr/s | 2 inv-err
  3,755,400 ptrs | 1,912,808 records | 8526 ptr/s | 2 inv-err
  3,759,000 ptrs | 1,914,752 records | 8528 ptr/s | 2 inv-err
  3,761,400 ptrs | 1,915,922 records | 8532 ptr/s | 2 inv-err
  3,783,600 ptrs | 1,928,215 records | 8541 ptr/s | 2 inv-err
  3,800,800 ptrs | 1,936,968 records | 8551 ptr/s | 2 inv-err
  3,818,000 ptrs | 1,945,511 records | 8554 ptr/s | 2 inv-err
  3,820,800 ptrs | 1,946,783 records | 8557 ptr/s | 2 inv-err
  3,824,000 ptrs | 1,948,386 records | 8559 ptr/s | 2 inv-err
  3,847,000 ptrs | 1,960,383 records | 8572 ptr/s | 2 inv-err
  3,848,000 ptrs | 1,960,940 records | 8572 ptr/s | 2 inv-err
  3,855,400 ptrs | 1,964,463 records | 8569 ptr/s | 2 inv-err
  3,856,600 ptrs | 1,965,031 records | 8572 ptr/s | 2 inv-err
  3,861,800 ptrs | 1,967,871 records | 8572 ptr/s | 2 inv-err
  3,888,600 ptrs | 1,981,355 records | 8590 ptr/s | 2 inv-err
  3,899,800 ptrs | 1,987,182 records | 8575 ptr/s | 2 inv-err
  3,907,600 ptrs | 1,991,180 records | 8554 ptr/s | 2 inv-err
  3,915,800 ptrs | 1,995,387 records | 8553 ptr/s | 2 inv-err
  3,923,400 ptrs | 1,999,187 records | 8551 ptr/s | 2 inv-err
  3,946,600 ptrs | 2,011,455 records | 8522 ptr/s | 2 inv-err
  3,959,000 ptrs | 2,017,883 records | 8454 ptr/s | 2 inv-err
  3,972,800 ptrs | 2,025,169 records | 8467 ptr/s | 2 inv-err
  3,976,000 ptrs | 2,026,851 records | 8472 ptr/s | 2 inv-err
  3,987,000 ptrs | 2,032,602 records | 8479 ptr/s | 2 inv-err
  3,993,000 ptrs | 2,035,739 records | 8478 ptr/s | 2 inv-err
  4,002,000 ptrs | 2,040,249 records | 8479 ptr/s | 2 inv-err
  4,003,800 ptrs | 2,041,098 records | 8472 ptr/s | 2 inv-err
  4,032,000 ptrs | 2,055,673 records | 8472 ptr/s | 2 inv-err
  4,039,400 ptrs | 2,059,458 records | 8479 ptr/s | 2 inv-err
  4,041,800 ptrs | 2,060,825 records | 8480 ptr/s | 2 inv-err
  4,044,200 ptrs | 2,062,195 records | 8484 ptr/s | 2 inv-err
  4,050,800 ptrs | 2,065,571 records | 8487 ptr/s | 2 inv-err
  4,061,000 ptrs | 2,070,913 records | 8489 ptr/s | 2 inv-err
  4,064,200 ptrs | 2,072,839 records | 8492 ptr/s | 2 inv-err
  4,083,800 ptrs | 2,082,882 records | 8493 ptr/s | 2 inv-err
  4,090,200 ptrs | 2,086,075 records | 8496 ptr/s | 2 inv-err
  4,119,000 ptrs | 2,101,143 records | 8498 ptr/s | 2 inv-err
  4,119,600 ptrs | 2,101,509 records | 8499 ptr/s | 2 inv-err
  4,134,200 ptrs | 2,109,202 records | 8500 ptr/s | 2 inv-err
  4,140,400 ptrs | 2,112,514 records | 8500 ptr/s | 2 inv-err
  4,152,600 ptrs | 2,118,575 records | 8490 ptr/s | 2 inv-err
  4,158,800 ptrs | 2,121,780 records | 8487 ptr/s | 2 inv-err
  4,167,400 ptrs | 2,126,240 records | 8488 ptr/s | 2 inv-err
  4,173,000 ptrs | 2,129,288 records | 8487 ptr/s | 2 inv-err
  4,188,200 ptrs | 2,137,222 records | 8480 ptr/s | 2 inv-err
  4,220,600 ptrs | 2,153,980 records | 8480 ptr/s | 2 inv-err
  4,221,200 ptrs | 2,154,288 records | 8479 ptr/s | 2 inv-err
  4,225,400 ptrs | 2,156,433 records | 8478 ptr/s | 2 inv-err
  4,228,600 ptrs | 2,158,217 records | 8477 ptr/s | 2 inv-err
  4,234,200 ptrs | 2,160,964 records | 8477 ptr/s | 2 inv-err
  4,238,600 ptrs | 2,163,045 records | 8476 ptr/s | 2 inv-err
  4,259,000 ptrs | 2,173,228 records | 8482 ptr/s | 2 inv-err
  4,276,200 ptrs | 2,182,113 records | 8479 ptr/s | 2 inv-err
  4,283,800 ptrs | 2,186,092 records | 8485 ptr/s | 2 inv-err
  4,291,200 ptrs | 2,189,726 records | 8477 ptr/s | 2 inv-err
  4,294,400 ptrs | 2,191,494 records | 8480 ptr/s | 2 inv-err
  4,307,200 ptrs | 2,198,188 records | 8484 ptr/s | 2 inv-err
  4,319,200 ptrs | 2,204,310 records | 8487 ptr/s | 2 inv-err
  4,319,800 ptrs | 2,204,623 records | 8488 ptr/s | 2 inv-err
  4,328,800 ptrs | 2,209,115 records | 8486 ptr/s | 2 inv-err
  4,339,800 ptrs | 2,214,912 records | 8491 ptr/s | 2 inv-err
  4,361,600 ptrs | 2,226,224 records | 8490 ptr/s | 2 inv-err
  4,368,200 ptrs | 2,229,806 records | 8490 ptr/s | 2 inv-err
  4,368,800 ptrs | 2,230,124 records | 8489 ptr/s | 2 inv-err
  4,386,000 ptrs | 2,239,146 records | 8496 ptr/s | 2 inv-err
  4,400,800 ptrs | 2,246,929 records | 8492 ptr/s | 2 inv-err
  4,410,600 ptrs | 2,252,156 records | 8494 ptr/s | 2 inv-err
  4,427,800 ptrs | 2,261,142 records | 8495 ptr/s | 2 inv-err
  4,435,800 ptrs | 2,265,579 records | 8493 ptr/s | 2 inv-err
  4,445,800 ptrs | 2,270,685 records | 8496 ptr/s | 2 inv-err
  4,446,200 ptrs | 2,270,915 records | 8496 ptr/s | 2 inv-err
  4,452,800 ptrs | 2,274,395 records | 8498 ptr/s | 2 inv-err
  4,470,800 ptrs | 2,283,435 records | 8498 ptr/s | 2 inv-err
  4,478,200 ptrs | 2,287,498 records | 8501 ptr/s | 2 inv-err
  4,479,600 ptrs | 2,288,253 records | 8503 ptr/s | 2 inv-err
  4,485,400 ptrs | 2,291,075 records | 8505 ptr/s | 2 inv-err
  4,497,400 ptrs | 2,297,267 records | 8505 ptr/s | 2 inv-err
  4,503,800 ptrs | 2,300,588 records | 8509 ptr/s | 2 inv-err
  4,524,000 ptrs | 2,310,964 records | 8507 ptr/s | 2 inv-err
  4,561,200 ptrs | 2,330,275 records | 8521 ptr/s | 2 inv-err
  4,563,800 ptrs | 2,331,613 records | 8523 ptr/s | 2 inv-err
  4,579,000 ptrs | 2,339,482 records | 8525 ptr/s | 2 inv-err
  4,594,400 ptrs | 2,347,596 records | 8532 ptr/s | 2 inv-err
  4,595,600 ptrs | 2,348,241 records | 8531 ptr/s | 2 inv-err
  4,599,200 ptrs | 2,350,005 records | 8531 ptr/s | 2 inv-err
  4,602,000 ptrs | 2,351,413 records | 8532 ptr/s | 2 inv-err
  4,616,400 ptrs | 2,358,470 records | 8536 ptr/s | 2 inv-err
  4,622,600 ptrs | 2,361,857 records | 8535 ptr/s | 2 inv-err
  4,626,800 ptrs | 2,363,989 records | 8538 ptr/s | 2 inv-err
  4,637,000 ptrs | 2,369,547 records | 8540 ptr/s | 2 inv-err
  4,645,600 ptrs | 2,374,253 records | 8541 ptr/s | 2 inv-err
  4,650,000 ptrs | 2,376,491 records | 8543 ptr/s | 2 inv-err
  4,660,600 ptrs | 2,382,227 records | 8544 ptr/s | 2 inv-err
  4,672,000 ptrs | 2,388,348 records | 8546 ptr/s | 2 inv-err
  4,687,400 ptrs | 2,396,719 records | 8551 ptr/s | 2 inv-err
  4,692,400 ptrs | 2,399,188 records | 8549 ptr/s | 2 inv-err
  4,702,200 ptrs | 2,404,519 records | 8554 ptr/s | 2 inv-err
  4,726,000 ptrs | 2,416,641 records | 8558 ptr/s | 2 inv-err
  4,729,600 ptrs | 2,418,616 records | 8560 ptr/s | 2 inv-err
  4,734,200 ptrs | 2,420,948 records | 8563 ptr/s | 2 inv-err
  4,734,400 ptrs | 2,421,044 records | 8563 ptr/s | 2 inv-err
  4,751,000 ptrs | 2,430,055 records | 8570 ptr/s | 2 inv-err
  4,756,200 ptrs | 2,432,761 records | 8570 ptr/s | 2 inv-err
  4,769,800 ptrs | 2,439,976 records | 8573 ptr/s | 2 inv-err
  4,782,200 ptrs | 2,446,450 records | 8575 ptr/s | 2 inv-err
  4,794,600 ptrs | 2,452,988 records | 8580 ptr/s | 2 inv-err
  4,802,400 ptrs | 2,457,001 records | 8583 ptr/s | 2 inv-err
  4,822,400 ptrs | 2,467,626 records | 8590 ptr/s | 2 inv-err
  4,831,400 ptrs | 2,472,423 records | 8592 ptr/s | 2 inv-err
  4,841,400 ptrs | 2,477,694 records | 8593 ptr/s | 2 inv-err
  4,849,800 ptrs | 2,482,137 records | 8596 ptr/s | 2 inv-err
  4,856,000 ptrs | 2,485,412 records | 8593 ptr/s | 2 inv-err
  4,873,800 ptrs | 2,494,625 records | 8591 ptr/s | 2 inv-err
  4,874,800 ptrs | 2,495,108 records | 8585 ptr/s | 2 inv-err
  4,885,600 ptrs | 2,500,663 records | 8578 ptr/s | 2 inv-err
  4,895,000 ptrs | 2,505,892 records | 8571 ptr/s | 2 inv-err
  4,914,400 ptrs | 2,516,234 records | 8551 ptr/s | 2 inv-err
  4,920,000 ptrs | 2,519,045 records | 8540 ptr/s | 2 inv-err
  4,926,600 ptrs | 2,522,637 records | 8526 ptr/s | 2 inv-err
  4,938,800 ptrs | 2,528,596 records | 8479 ptr/s | 2 inv-err
  4,949,200 ptrs | 2,533,887 records | 8469 ptr/s | 2 inv-err
  4,961,000 ptrs | 2,539,900 records | 8473 ptr/s | 2 inv-err
  4,961,800 ptrs | 2,540,358 records | 8473 ptr/s | 2 inv-err
  4,976,600 ptrs | 2,548,003 records | 8479 ptr/s | 2 inv-err
  4,979,000 ptrs | 2,549,290 records | 8481 ptr/s | 2 inv-err
  4,996,600 ptrs | 2,558,571 records | 8484 ptr/s | 2 inv-err
  5,017,800 ptrs | 2,569,683 records | 8486 ptr/s | 2 inv-err
  5,023,600 ptrs | 2,572,880 records | 8487 ptr/s | 2 inv-err
  5,040,000 ptrs | 2,581,511 records | 8483 ptr/s | 2 inv-err
  5,042,000 ptrs | 2,582,360 records | 8484 ptr/s | 2 inv-err
  5,055,000 ptrs | 2,589,171 records | 8486 ptr/s | 2 inv-err
  5,075,600 ptrs | 2,599,603 records | 8492 ptr/s | 3 inv-err
  5,079,200 ptrs | 2,601,438 records | 8491 ptr/s | 3 inv-err
  5,080,000 ptrs | 2,601,845 records | 8490 ptr/s | 3 inv-err
  5,092,400 ptrs | 2,608,419 records | 8492 ptr/s | 3 inv-err
  5,092,800 ptrs | 2,608,623 records | 8492 ptr/s | 3 inv-err
  5,099,000 ptrs | 2,611,857 records | 8490 ptr/s | 3 inv-err
  5,119,800 ptrs | 2,622,907 records | 8495 ptr/s | 3 inv-err
  5,128,600 ptrs | 2,627,657 records | 8499 ptr/s | 3 inv-err
  5,141,600 ptrs | 2,634,435 records | 8493 ptr/s | 3 inv-err
  5,153,200 ptrs | 2,640,613 records | 8497 ptr/s | 3 inv-err
  5,155,000 ptrs | 2,641,616 records | 8495 ptr/s | 3 inv-err
  5,157,400 ptrs | 2,642,925 records | 8497 ptr/s | 3 inv-err
  5,162,800 ptrs | 2,645,783 records | 8500 ptr/s | 3 inv-err
  5,178,200 ptrs | 2,653,892 records | 8500 ptr/s | 3 inv-err
  5,194,800 ptrs | 2,662,541 records | 8502 ptr/s | 3 inv-err
  5,203,200 ptrs | 2,666,974 records | 8503 ptr/s | 3 inv-err
  5,223,600 ptrs | 2,677,500 records | 8509 ptr/s | 3 inv-err
  5,235,800 ptrs | 2,683,766 records | 8512 ptr/s | 3 inv-err
  5,238,200 ptrs | 2,685,104 records | 8513 ptr/s | 3 inv-err
  5,238,800 ptrs | 2,685,507 records | 8514 ptr/s | 3 inv-err
  5,252,400 ptrs | 2,692,467 records | 8518 ptr/s | 3 inv-err
  5,271,800 ptrs | 2,702,265 records | 8514 ptr/s | 3 inv-err
  5,278,000 ptrs | 2,705,513 records | 8513 ptr/s | 3 inv-err
  5,305,000 ptrs | 2,719,907 records | 8514 ptr/s | 3 inv-err
  5,306,600 ptrs | 2,720,752 records | 8515 ptr/s | 3 inv-err
  5,312,400 ptrs | 2,723,627 records | 8516 ptr/s | 3 inv-err
  5,330,000 ptrs | 2,733,202 records | 8517 ptr/s | 3 inv-err
  5,334,200 ptrs | 2,735,311 records | 8521 ptr/s | 3 inv-err
  5,338,000 ptrs | 2,737,256 records | 8523 ptr/s | 3 inv-err
  5,350,600 ptrs | 2,744,241 records | 8529 ptr/s | 3 inv-err
  5,364,000 ptrs | 2,751,083 records | 8529 ptr/s | 3 inv-err
  5,374,000 ptrs | 2,756,154 records | 8532 ptr/s | 3 inv-err
  5,376,800 ptrs | 2,757,526 records | 8533 ptr/s | 3 inv-err
  5,379,800 ptrs | 2,759,091 records | 8533 ptr/s | 3 inv-err
  5,401,000 ptrs | 2,770,571 records | 8534 ptr/s | 3 inv-err
  5,406,400 ptrs | 2,773,377 records | 8529 ptr/s | 3 inv-err
  5,408,400 ptrs | 2,774,312 records | 8527 ptr/s | 3 inv-err
  5,444,600 ptrs | 2,793,437 records | 8505 ptr/s | 3 inv-err
  5,449,400 ptrs | 2,795,826 records | 8492 ptr/s | 3 inv-err
  5,452,200 ptrs | 2,797,214 records | 8485 ptr/s | 3 inv-err
  5,468,400 ptrs | 2,805,662 records | 8449 ptr/s | 3 inv-err
  5,476,400 ptrs | 2,809,745 records | 8451 ptr/s | 3 inv-err
  5,507,600 ptrs | 2,825,909 records | 8408 ptr/s | 3 inv-err
  5,514,800 ptrs | 2,829,696 records | 8412 ptr/s | 3 inv-err
  5,516,400 ptrs | 2,830,557 records | 8413 ptr/s | 3 inv-err
  5,527,400 ptrs | 2,836,179 records | 8422 ptr/s | 3 inv-err
  5,531,600 ptrs | 2,838,408 records | 8422 ptr/s | 3 inv-err
  5,536,400 ptrs | 2,840,999 records | 8424 ptr/s | 3 inv-err
  5,540,000 ptrs | 2,842,928 records | 8423 ptr/s | 3 inv-err
  5,547,800 ptrs | 2,846,935 records | 8422 ptr/s | 3 inv-err
  5,554,200 ptrs | 2,850,060 records | 8426 ptr/s | 3 inv-err
  5,556,600 ptrs | 2,851,465 records | 8424 ptr/s | 3 inv-err
  5,578,600 ptrs | 2,863,231 records | 8422 ptr/s | 3 inv-err
  5,591,400 ptrs | 2,870,102 records | 8423 ptr/s | 3 inv-err
  5,593,200 ptrs | 2,871,063 records | 8422 ptr/s | 3 inv-err
  5,631,400 ptrs | 2,891,315 records | 8434 ptr/s | 3 inv-err
  5,635,800 ptrs | 2,893,635 records | 8436 ptr/s | 3 inv-err
  5,638,200 ptrs | 2,894,920 records | 8436 ptr/s | 3 inv-err
  5,648,000 ptrs | 2,899,852 records | 8434 ptr/s | 3 inv-err
  5,651,400 ptrs | 2,901,488 records | 8436 ptr/s | 3 inv-err
  5,652,800 ptrs | 2,902,272 records | 8437 ptr/s | 3 inv-err
  5,658,600 ptrs | 2,905,172 records | 8437 ptr/s | 3 inv-err
  5,682,600 ptrs | 2,917,445 records | 8440 ptr/s | 3 inv-err
  5,709,400 ptrs | 2,931,042 records | 8433 ptr/s | 3 inv-err
  5,711,400 ptrs | 2,931,980 records | 8431 ptr/s | 3 inv-err
  5,713,600 ptrs | 2,933,208 records | 8428 ptr/s | 3 inv-err
  5,715,400 ptrs | 2,934,137 records | 8430 ptr/s | 3 inv-err
  5,730,200 ptrs | 2,942,170 records | 8412 ptr/s | 3 inv-err
  5,741,000 ptrs | 2,947,670 records | 8405 ptr/s | 3 inv-err
  5,745,800 ptrs | 2,950,024 records | 8404 ptr/s | 3 inv-err
  5,751,400 ptrs | 2,952,947 records | 8403 ptr/s | 3 inv-err
  5,759,400 ptrs | 2,957,215 records | 8402 ptr/s | 3 inv-err
  5,769,800 ptrs | 2,962,388 records | 8405 ptr/s | 3 inv-err
  5,782,000 ptrs | 2,968,432 records | 8409 ptr/s | 3 inv-err
  5,784,600 ptrs | 2,969,665 records | 8409 ptr/s | 3 inv-err
  5,824,800 ptrs | 2,990,868 records | 8420 ptr/s | 3 inv-err
  5,825,600 ptrs | 2,991,235 records | 8421 ptr/s | 3 inv-err
  5,832,200 ptrs | 2,994,754 records | 8423 ptr/s | 3 inv-err
  5,833,200 ptrs | 2,995,291 records | 8422 ptr/s | 3 inv-err
  5,845,800 ptrs | 3,001,931 records | 8428 ptr/s | 3 inv-err
  5,860,000 ptrs | 3,009,343 records | 8433 ptr/s | 3 inv-err
  5,869,200 ptrs | 3,014,136 records | 8434 ptr/s | 3 inv-err
  5,875,800 ptrs | 3,017,550 records | 8435 ptr/s | 3 inv-err
  5,892,800 ptrs | 3,026,610 records | 8441 ptr/s | 3 inv-err
  5,899,600 ptrs | 3,030,091 records | 8443 ptr/s | 3 inv-err
  5,900,800 ptrs | 3,030,676 records | 8444 ptr/s | 3 inv-err
  5,912,000 ptrs | 3,036,357 records | 8448 ptr/s | 3 inv-err
  5,926,200 ptrs | 3,043,524 records | 8453 ptr/s | 3 inv-err
  5,947,600 ptrs | 3,054,656 records | 8457 ptr/s | 3 inv-err
  5,952,200 ptrs | 3,057,062 records | 8458 ptr/s | 3 inv-err
  5,954,000 ptrs | 3,057,965 records | 8459 ptr/s | 3 inv-err
  5,973,000 ptrs | 3,068,135 records | 8465 ptr/s | 3 inv-err
  5,976,200 ptrs | 3,069,898 records | 8465 ptr/s | 3 inv-err
  5,998,800 ptrs | 3,081,493 records | 8454 ptr/s | 3 inv-err
  6,007,600 ptrs | 3,086,257 records | 8452 ptr/s | 3 inv-err
  6,009,000 ptrs | 3,086,911 records | 8453 ptr/s | 3 inv-err
  6,015,200 ptrs | 3,090,256 records | 8451 ptr/s | 3 inv-err
  6,023,800 ptrs | 3,094,587 records | 8444 ptr/s | 3 inv-err
  6,037,400 ptrs | 3,101,723 records | 8426 ptr/s | 3 inv-err
  6,045,800 ptrs | 3,105,886 records | 8412 ptr/s | 3 inv-err
  6,067,000 ptrs | 3,116,859 records | 8376 ptr/s | 3 inv-err
  6,067,800 ptrs | 3,117,250 records | 8377 ptr/s | 3 inv-err
  6,077,400 ptrs | 3,122,187 records | 8383 ptr/s | 3 inv-err
  6,099,000 ptrs | 3,133,543 records | 8393 ptr/s | 3 inv-err
  6,102,000 ptrs | 3,135,027 records | 8394 ptr/s | 3 inv-err
  6,116,800 ptrs | 3,142,909 records | 8392 ptr/s | 3 inv-err
  6,120,200 ptrs | 3,144,857 records | 8390 ptr/s | 3 inv-err
  6,126,200 ptrs | 3,147,874 records | 8389 ptr/s | 3 inv-err
  6,134,400 ptrs | 3,152,091 records | 8390 ptr/s | 3 inv-err
  6,137,800 ptrs | 3,153,803 records | 8391 ptr/s | 3 inv-err
  6,154,800 ptrs | 3,162,916 records | 8397 ptr/s | 3 inv-err
  6,173,400 ptrs | 3,172,856 records | 8399 ptr/s | 3 inv-err
  6,177,200 ptrs | 3,175,014 records | 8402 ptr/s | 3 inv-err
  6,184,400 ptrs | 3,178,544 records | 8403 ptr/s | 3 inv-err
  6,187,400 ptrs | 3,179,994 records | 8403 ptr/s | 3 inv-err
  6,206,400 ptrs | 3,189,951 records | 8412 ptr/s | 3 inv-err
  6,210,000 ptrs | 3,191,921 records | 8414 ptr/s | 3 inv-err
  6,235,400 ptrs | 3,204,879 records | 8419 ptr/s | 3 inv-err
  6,243,400 ptrs | 3,209,135 records | 8420 ptr/s | 3 inv-err
  6,245,200 ptrs | 3,210,042 records | 8420 ptr/s | 3 inv-err
  6,258,600 ptrs | 3,217,130 records | 8421 ptr/s | 3 inv-err
  6,264,400 ptrs | 3,219,895 records | 8422 ptr/s | 3 inv-err
  6,276,400 ptrs | 3,226,012 records | 8418 ptr/s | 3 inv-err
  6,290,600 ptrs | 3,233,631 records | 8410 ptr/s | 3 inv-err
  6,299,800 ptrs | 3,238,566 records | 8408 ptr/s | 3 inv-err
  6,314,600 ptrs | 3,246,350 records | 8386 ptr/s | 3 inv-err
  6,315,200 ptrs | 3,246,694 records | 8384 ptr/s | 3 inv-err
  6,336,400 ptrs | 3,257,311 records | 8368 ptr/s | 3 inv-err
  6,340,000 ptrs | 3,259,067 records | 8370 ptr/s | 3 inv-err
  6,358,400 ptrs | 3,268,241 records | 8382 ptr/s | 3 inv-err
  6,359,600 ptrs | 3,268,961 records | 8383 ptr/s | 3 inv-err
  6,389,400 ptrs | 3,284,368 records | 8384 ptr/s | 3 inv-err
  6,392,800 ptrs | 3,286,081 records | 8383 ptr/s | 3 inv-err
  6,408,000 ptrs | 3,293,882 records | 8383 ptr/s | 3 inv-err
  6,410,000 ptrs | 3,294,869 records | 8383 ptr/s | 3 inv-err
  6,422,600 ptrs | 3,301,184 records | 8387 ptr/s | 3 inv-err
  6,422,800 ptrs | 3,301,282 records | 8387 ptr/s | 3 inv-err
  6,424,400 ptrs | 3,302,063 records | 8388 ptr/s | 3 inv-err
  6,440,400 ptrs | 3,310,280 records | 8396 ptr/s | 3 inv-err
  6,444,200 ptrs | 3,312,243 records | 8397 ptr/s | 3 inv-err
  6,451,800 ptrs | 3,316,163 records | 8399 ptr/s | 3 inv-err
  6,478,800 ptrs | 3,330,279 records | 8404 ptr/s | 3 inv-err
  6,482,000 ptrs | 3,332,020 records | 8404 ptr/s | 3 inv-err
  6,489,800 ptrs | 3,335,903 records | 8405 ptr/s | 3 inv-err
  6,498,600 ptrs | 3,340,384 records | 8406 ptr/s | 3 inv-err
  6,508,200 ptrs | 3,345,049 records | 8404 ptr/s | 3 inv-err
  6,513,600 ptrs | 3,347,895 records | 8402 ptr/s | 3 inv-err
  6,522,400 ptrs | 3,352,313 records | 8402 ptr/s | 3 inv-err
  6,530,000 ptrs | 3,356,495 records | 8390 ptr/s | 3 inv-err
  6,556,800 ptrs | 3,370,466 records | 8343 ptr/s | 3 inv-err
  6,569,400 ptrs | 3,376,775 records | 8336 ptr/s | 3 inv-err
  6,569,800 ptrs | 3,376,981 records | 8335 ptr/s | 3 inv-err
  6,579,000 ptrs | 3,381,595 records | 8336 ptr/s | 3 inv-err
  6,600,400 ptrs | 3,392,842 records | 8344 ptr/s | 3 inv-err
  6,605,200 ptrs | 3,395,376 records | 8347 ptr/s | 3 inv-err
  6,611,600 ptrs | 3,398,966 records | 8349 ptr/s | 3 inv-err
  6,617,400 ptrs | 3,402,010 records | 8349 ptr/s | 3 inv-err
  6,617,600 ptrs | 3,402,117 records | 8349 ptr/s | 3 inv-err
  6,632,200 ptrs | 3,409,643 records | 8350 ptr/s | 3 inv-err
  6,637,800 ptrs | 3,412,640 records | 8353 ptr/s | 3 inv-err
  6,650,800 ptrs | 3,419,568 records | 8357 ptr/s | 3 inv-err
  6,656,800 ptrs | 3,422,815 records | 8357 ptr/s | 3 inv-err
  6,679,200 ptrs | 3,434,962 records | 8360 ptr/s | 3 inv-err
  6,686,200 ptrs | 3,438,637 records | 8362 ptr/s | 3 inv-err
  6,716,000 ptrs | 3,454,214 records | 8371 ptr/s | 3 inv-err
  6,718,600 ptrs | 3,455,527 records | 8371 ptr/s | 3 inv-err
  6,726,400 ptrs | 3,459,598 records | 8373 ptr/s | 3 inv-err
  6,728,600 ptrs | 3,460,918 records | 8374 ptr/s | 3 inv-err
  6,730,400 ptrs | 3,461,811 records | 8374 ptr/s | 3 inv-err
  6,753,200 ptrs | 3,474,256 records | 8382 ptr/s | 3 inv-err
  6,757,600 ptrs | 3,476,651 records | 8383 ptr/s | 3 inv-err
  6,762,600 ptrs | 3,479,231 records | 8383 ptr/s | 3 inv-err
  6,763,200 ptrs | 3,479,518 records | 8382 ptr/s | 3 inv-err
  6,771,200 ptrs | 3,484,025 records | 8383 ptr/s | 3 inv-err
  6,793,800 ptrs | 3,495,789 records | 8388 ptr/s | 3 inv-err
  6,813,000 ptrs | 3,505,922 records | 8389 ptr/s | 3 inv-err
  6,817,200 ptrs | 3,508,108 records | 8389 ptr/s | 3 inv-err
  6,831,000 ptrs | 3,514,886 records | 8390 ptr/s | 3 inv-err
  6,833,600 ptrs | 3,516,234 records | 8388 ptr/s | 3 inv-err
  6,852,600 ptrs | 3,526,078 records | 8380 ptr/s | 3 inv-err
  6,858,800 ptrs | 3,529,375 records | 8380 ptr/s | 3 inv-err
  6,861,800 ptrs | 3,530,934 records | 8378 ptr/s | 3 inv-err
  6,872,600 ptrs | 3,536,408 records | 8367 ptr/s | 3 inv-err
  6,899,600 ptrs | 3,550,567 records | 8351 ptr/s | 3 inv-err
  6,906,400 ptrs | 3,554,024 records | 8349 ptr/s | 3 inv-err
  6,906,800 ptrs | 3,554,258 records | 8349 ptr/s | 3 inv-err
  6,911,600 ptrs | 3,556,701 records | 8341 ptr/s | 3 inv-err
  6,913,200 ptrs | 3,557,468 records | 8341 ptr/s | 3 inv-err
  6,939,600 ptrs | 3,570,973 records | 8346 ptr/s | 3 inv-err
  6,952,600 ptrs | 3,577,734 records | 8350 ptr/s | 3 inv-err
  6,963,600 ptrs | 3,583,600 records | 8354 ptr/s | 3 inv-err
  6,970,200 ptrs | 3,587,183 records | 8354 ptr/s | 3 inv-err
  6,983,200 ptrs | 3,593,748 records | 8357 ptr/s | 3 inv-err
  6,996,400 ptrs | 3,600,524 records | 8360 ptr/s | 3 inv-err
  6,998,800 ptrs | 3,601,870 records | 8360 ptr/s | 3 inv-err
  7,002,200 ptrs | 3,603,570 records | 8361 ptr/s | 3 inv-err
  7,012,200 ptrs | 3,609,043 records | 8362 ptr/s | 3 inv-err
  7,031,400 ptrs | 3,619,274 records | 8360 ptr/s | 3 inv-err
  7,043,400 ptrs | 3,625,854 records | 8357 ptr/s | 3 inv-err
  7,046,400 ptrs | 3,627,336 records | 8359 ptr/s | 3 inv-err
  7,047,600 ptrs | 3,627,966 records | 8359 ptr/s | 3 inv-err
  7,059,600 ptrs | 3,634,215 records | 8361 ptr/s | 3 inv-err
  7,077,200 ptrs | 3,643,413 records | 8363 ptr/s | 3 inv-err
  7,078,800 ptrs | 3,644,292 records | 8362 ptr/s | 3 inv-err
  7,111,800 ptrs | 3,661,811 records | 8370 ptr/s | 3 inv-err
  7,124,000 ptrs | 3,668,434 records | 8371 ptr/s | 3 inv-err
  7,125,000 ptrs | 3,669,031 records | 8372 ptr/s | 3 inv-err
  7,130,800 ptrs | 3,672,074 records | 8373 ptr/s | 3 inv-err
  7,163,284 ptrs | 3,688,991 records | 8379 ptr/s | 3 inv-err
  7,163,684 ptrs | 3,689,215 records | 8379 ptr/s | 3 inv-err
  7,169,284 ptrs | 3,692,078 records | 8368 ptr/s | 3 inv-err
  7,171,284 ptrs | 3,693,116 records | 8335 ptr/s | 3 inv-err
DONE: 7,172,084 pointers -> 3,693,486 records | 7,171,269 fetched, 0 empty | 4 invoke-err | 1013s | 7081 ptr/s
Next: OPENSEARCH_ENDPOINT=… node load-extracted.js cc-extracted/bf-cc-warc-people-company/
