=== BEFORE Sat Aug  1 01:49:30 EDT 2026 ===
total 12,072,644 | real-phone 1,578,305
=== [1/2] lambda-drive cc-warc-mon-all.jsonl Sat Aug  1 01:49:30 EDT 2026 ===
Lambda concurrency limit 1000 -> driving at 250 concurrent (raise the quota to go faster)
  800 ptrs | 699 records | 151 ptr/s | 0 inv-err
  12,800 ptrs | 10,547 records | 1918 ptr/s | 0 inv-err
  27,400 ptrs | 22,699 records | 3835 ptr/s | 0 inv-err
  35,400 ptrs | 29,320 records | 4786 ptr/s | 0 inv-err
  43,000 ptrs | 35,630 records | 5499 ptr/s | 0 inv-err
  49,200 ptrs | 40,754 records | 5374 ptr/s | 0 inv-err
  51,400 ptrs | 42,447 records | 5024 ptr/s | 0 inv-err
  52,600 ptrs | 43,441 records | 5048 ptr/s | 0 inv-err
  69,600 ptrs | 57,140 records | 6040 ptr/s | 0 inv-err
  87,000 ptrs | 71,468 records | 6955 ptr/s | 0 inv-err
  95,400 ptrs | 78,469 records | 6890 ptr/s | 0 inv-err
  105,600 ptrs | 86,981 records | 6851 ptr/s | 0 inv-err
  106,600 ptrs | 87,799 records | 6898 ptr/s | 0 inv-err
  107,600 ptrs | 88,625 records | 6948 ptr/s | 0 inv-err
  140,000 ptrs | 115,700 records | 7463 ptr/s | 0 inv-err
  147,000 ptrs | 121,657 records | 7446 ptr/s | 0 inv-err
  178,200 ptrs | 147,729 records | 7955 ptr/s | 0 inv-err
  182,400 ptrs | 151,248 records | 7980 ptr/s | 0 inv-err
  183,600 ptrs | 152,248 records | 7976 ptr/s | 0 inv-err
  194,000 ptrs | 160,945 records | 7924 ptr/s | 0 inv-err
  199,200 ptrs | 165,259 records | 8047 ptr/s | 0 inv-err
  214,400 ptrs | 178,024 records | 8236 ptr/s | 0 inv-err
  220,200 ptrs | 182,868 records | 8211 ptr/s | 0 inv-err
  222,800 ptrs | 185,026 records | 8245 ptr/s | 0 inv-err
  234,400 ptrs | 194,582 records | 8230 ptr/s | 0 inv-err
  242,200 ptrs | 200,994 records | 8250 ptr/s | 0 inv-err
  253,200 ptrs | 209,929 records | 8269 ptr/s | 0 inv-err
  268,200 ptrs | 222,305 records | 8369 ptr/s | 0 inv-err
  285,000 ptrs | 236,163 records | 8322 ptr/s | 0 inv-err
  294,200 ptrs | 243,708 records | 8374 ptr/s | 0 inv-err
  308,400 ptrs | 255,535 records | 8513 ptr/s | 0 inv-err
  313,600 ptrs | 259,805 records | 8531 ptr/s | 0 inv-err
  322,600 ptrs | 267,140 records | 8474 ptr/s | 0 inv-err
  338,400 ptrs | 279,805 records | 8503 ptr/s | 0 inv-err
  341,200 ptrs | 282,112 records | 8517 ptr/s | 0 inv-err
  356,000 ptrs | 294,270 records | 8579 ptr/s | 0 inv-err
  356,800 ptrs | 294,937 records | 8572 ptr/s | 0 inv-err
  369,800 ptrs | 305,784 records | 8545 ptr/s | 0 inv-err
  377,600 ptrs | 312,299 records | 8599 ptr/s | 0 inv-err
  380,200 ptrs | 314,470 records | 8619 ptr/s | 0 inv-err
  390,000 ptrs | 322,656 records | 8704 ptr/s | 0 inv-err
  409,600 ptrs | 338,784 records | 8621 ptr/s | 0 inv-err
  412,400 ptrs | 340,949 records | 8606 ptr/s | 0 inv-err
  425,200 ptrs | 351,413 records | 8695 ptr/s | 0 inv-err
  428,000 ptrs | 353,708 records | 8714 ptr/s | 0 inv-err
  438,600 ptrs | 362,355 records | 8737 ptr/s | 0 inv-err
  456,400 ptrs | 376,610 records | 8732 ptr/s | 0 inv-err
  459,600 ptrs | 379,286 records | 8737 ptr/s | 0 inv-err
  479,200 ptrs | 395,564 records | 8856 ptr/s | 0 inv-err
  490,800 ptrs | 405,044 records | 8941 ptr/s | 0 inv-err
  497,400 ptrs | 410,454 records | 8952 ptr/s | 0 inv-err
  503,600 ptrs | 415,519 records | 8932 ptr/s | 0 inv-err
  513,400 ptrs | 423,452 records | 8976 ptr/s | 0 inv-err
  523,400 ptrs | 431,642 records | 8982 ptr/s | 0 inv-err
  538,800 ptrs | 444,033 records | 9053 ptr/s | 0 inv-err
  539,200 ptrs | 444,367 records | 9048 ptr/s | 0 inv-err
  561,800 ptrs | 462,653 records | 9080 ptr/s | 0 inv-err
  565,800 ptrs | 465,900 records | 9100 ptr/s | 0 inv-err
  579,600 ptrs | 477,424 records | 9155 ptr/s | 0 inv-err
  585,600 ptrs | 482,387 records | 9164 ptr/s | 0 inv-err
  596,200 ptrs | 491,139 records | 9177 ptr/s | 0 inv-err
  603,200 ptrs | 496,880 records | 9197 ptr/s | 0 inv-err
  614,000 ptrs | 505,792 records | 9266 ptr/s | 0 inv-err
  623,400 ptrs | 513,587 records | 9287 ptr/s | 0 inv-err
  637,200 ptrs | 525,191 records | 9285 ptr/s | 0 inv-err
  652,800 ptrs | 537,989 records | 9348 ptr/s | 0 inv-err
  671,200 ptrs | 553,206 records | 9410 ptr/s | 0 inv-err
  676,600 ptrs | 557,702 records | 9397 ptr/s | 0 inv-err
  683,200 ptrs | 563,361 records | 9396 ptr/s | 0 inv-err
  697,600 ptrs | 575,188 records | 9457 ptr/s | 0 inv-err
  711,000 ptrs | 586,227 records | 9502 ptr/s | 0 inv-err
  720,000 ptrs | 593,691 records | 9514 ptr/s | 0 inv-err
  727,800 ptrs | 600,109 records | 9526 ptr/s | 0 inv-err
  729,600 ptrs | 601,630 records | 9530 ptr/s | 0 inv-err
  739,000 ptrs | 609,317 records | 9551 ptr/s | 0 inv-err
  742,400 ptrs | 612,087 records | 9573 ptr/s | 0 inv-err
  756,400 ptrs | 623,483 records | 9604 ptr/s | 0 inv-err
  771,200 ptrs | 635,654 records | 9604 ptr/s | 0 inv-err
  775,800 ptrs | 639,563 records | 9615 ptr/s | 0 inv-err
  788,200 ptrs | 649,925 records | 9639 ptr/s | 0 inv-err
  794,400 ptrs | 654,977 records | 9657 ptr/s | 0 inv-err
  813,800 ptrs | 670,910 records | 9683 ptr/s | 0 inv-err
  816,600 ptrs | 673,247 records | 9696 ptr/s | 0 inv-err
  834,200 ptrs | 687,930 records | 9700 ptr/s | 0 inv-err
  839,200 ptrs | 692,029 records | 9727 ptr/s | 0 inv-err
  840,000 ptrs | 692,676 records | 9725 ptr/s | 0 inv-err
  855,800 ptrs | 705,617 records | 9762 ptr/s | 0 inv-err
  859,400 ptrs | 708,613 records | 9763 ptr/s | 0 inv-err
  880,400 ptrs | 725,948 records | 9813 ptr/s | 0 inv-err
  890,200 ptrs | 733,780 records | 9816 ptr/s | 0 inv-err
  891,600 ptrs | 734,914 records | 9815 ptr/s | 0 inv-err
  894,200 ptrs | 737,030 records | 9817 ptr/s | 0 inv-err
  929,800 ptrs | 766,264 records | 9804 ptr/s | 0 inv-err
  930,000 ptrs | 766,438 records | 9805 ptr/s | 0 inv-err
  942,200 ptrs | 776,425 records | 9816 ptr/s | 0 inv-err
  942,800 ptrs | 776,928 records | 9818 ptr/s | 0 inv-err
  954,000 ptrs | 786,226 records | 9819 ptr/s | 0 inv-err
  965,200 ptrs | 795,590 records | 9820 ptr/s | 0 inv-err
  975,800 ptrs | 804,389 records | 9852 ptr/s | 0 inv-err
  994,400 ptrs | 819,638 records | 9886 ptr/s | 0 inv-err
  1,020,800 ptrs | 841,750 records | 9866 ptr/s | 0 inv-err
  1,031,800 ptrs | 850,796 records | 9910 ptr/s | 0 inv-err
  1,032,200 ptrs | 851,113 records | 9911 ptr/s | 0 inv-err
  1,034,600 ptrs | 853,035 records | 9915 ptr/s | 0 inv-err
  1,036,200 ptrs | 854,373 records | 9923 ptr/s | 0 inv-err
  1,061,200 ptrs | 875,089 records | 9928 ptr/s | 0 inv-err
  1,062,600 ptrs | 876,258 records | 9932 ptr/s | 0 inv-err
  1,063,800 ptrs | 877,280 records | 9935 ptr/s | 0 inv-err
  1,070,800 ptrs | 883,155 records | 9927 ptr/s | 0 inv-err
  1,091,400 ptrs | 900,124 records | 9982 ptr/s | 0 inv-err
  1,101,400 ptrs | 908,424 records | 9982 ptr/s | 0 inv-err
  1,113,000 ptrs | 917,891 records | 9982 ptr/s | 0 inv-err
  1,127,000 ptrs | 929,238 records | 9985 ptr/s | 0 inv-err
  1,127,400 ptrs | 929,532 records | 9987 ptr/s | 0 inv-err
  1,159,200 ptrs | 955,885 records | 10024 ptr/s | 0 inv-err
  1,170,000 ptrs | 964,711 records | 10015 ptr/s | 0 inv-err
  1,173,800 ptrs | 967,853 records | 10028 ptr/s | 0 inv-err
  1,179,600 ptrs | 972,624 records | 10026 ptr/s | 0 inv-err
  1,186,000 ptrs | 977,967 records | 10041 ptr/s | 0 inv-err
  1,192,800 ptrs | 983,588 records | 10061 ptr/s | 0 inv-err
  1,215,200 ptrs | 1,001,927 records | 10040 ptr/s | 0 inv-err
  1,219,400 ptrs | 1,005,256 records | 10045 ptr/s | 0 inv-err
  1,226,800 ptrs | 1,011,293 records | 10045 ptr/s | 0 inv-err
  1,230,800 ptrs | 1,014,546 records | 10046 ptr/s | 0 inv-err
  1,240,200 ptrs | 1,022,131 records | 10039 ptr/s | 0 inv-err
  1,245,400 ptrs | 1,026,437 records | 10048 ptr/s | 0 inv-err
  1,265,200 ptrs | 1,042,929 records | 10035 ptr/s | 0 inv-err
  1,267,400 ptrs | 1,044,715 records | 10031 ptr/s | 0 inv-err
  1,286,400 ptrs | 1,060,199 records | 10016 ptr/s | 0 inv-err
  1,295,200 ptrs | 1,067,504 records | 10038 ptr/s | 0 inv-err
  1,302,400 ptrs | 1,073,530 records | 10040 ptr/s | 0 inv-err
  1,317,400 ptrs | 1,086,028 records | 10014 ptr/s | 0 inv-err
  1,322,800 ptrs | 1,090,458 records | 10001 ptr/s | 0 inv-err
  1,330,600 ptrs | 1,096,865 records | 10018 ptr/s | 0 inv-err
  1,332,200 ptrs | 1,098,186 records | 10023 ptr/s | 0 inv-err
  1,354,000 ptrs | 1,116,115 records | 10030 ptr/s | 0 inv-err
  1,354,200 ptrs | 1,116,284 records | 10031 ptr/s | 0 inv-err
  1,373,200 ptrs | 1,131,490 records | 9995 ptr/s | 0 inv-err
  1,378,000 ptrs | 1,135,395 records | 10013 ptr/s | 0 inv-err
  1,405,200 ptrs | 1,157,966 records | 9964 ptr/s | 0 inv-err
  1,411,800 ptrs | 1,163,386 records | 9984 ptr/s | 0 inv-err
  1,425,800 ptrs | 1,174,872 records | 10015 ptr/s | 0 inv-err
  1,426,800 ptrs | 1,175,683 records | 10019 ptr/s | 0 inv-err
  1,432,800 ptrs | 1,180,684 records | 10016 ptr/s | 0 inv-err
  1,444,200 ptrs | 1,190,185 records | 9941 ptr/s | 0 inv-err
  1,451,600 ptrs | 1,196,357 records | 9956 ptr/s | 0 inv-err
  1,461,800 ptrs | 1,204,801 records | 9996 ptr/s | 0 inv-err
  1,467,400 ptrs | 1,209,389 records | 10011 ptr/s | 0 inv-err
  1,480,400 ptrs | 1,220,004 records | 10033 ptr/s | 0 inv-err
  1,482,400 ptrs | 1,221,642 records | 10031 ptr/s | 0 inv-err
  1,506,000 ptrs | 1,240,883 records | 10011 ptr/s | 0 inv-err
  1,507,200 ptrs | 1,241,875 records | 10016 ptr/s | 0 inv-err
  1,511,000 ptrs | 1,244,986 records | 10020 ptr/s | 0 inv-err
  1,543,000 ptrs | 1,271,274 records | 10041 ptr/s | 0 inv-err
  1,550,000 ptrs | 1,276,941 records | 10048 ptr/s | 0 inv-err
  1,566,600 ptrs | 1,290,369 records | 10073 ptr/s | 0 inv-err
  1,577,000 ptrs | 1,298,838 records | 10080 ptr/s | 0 inv-err
  1,581,800 ptrs | 1,302,834 records | 10071 ptr/s | 0 inv-err
  1,584,200 ptrs | 1,304,831 records | 10074 ptr/s | 0 inv-err
  1,600,400 ptrs | 1,318,295 records | 10087 ptr/s | 0 inv-err
  1,615,400 ptrs | 1,330,763 records | 10123 ptr/s | 0 inv-err
  1,615,800 ptrs | 1,331,079 records | 10125 ptr/s | 0 inv-err
  1,618,800 ptrs | 1,333,586 records | 10123 ptr/s | 0 inv-err
  1,626,000 ptrs | 1,339,520 records | 10131 ptr/s | 0 inv-err
  1,638,800 ptrs | 1,350,251 records | 10121 ptr/s | 0 inv-err
  1,645,800 ptrs | 1,356,051 records | 10128 ptr/s | 0 inv-err
  1,655,000 ptrs | 1,363,577 records | 10148 ptr/s | 0 inv-err
  1,669,400 ptrs | 1,375,317 records | 10169 ptr/s | 0 inv-err
  1,671,200 ptrs | 1,376,792 records | 10168 ptr/s | 0 inv-err
  1,691,000 ptrs | 1,393,392 records | 10169 ptr/s | 0 inv-err
  1,694,400 ptrs | 1,396,232 records | 10170 ptr/s | 0 inv-err
  1,706,000 ptrs | 1,405,703 records | 10182 ptr/s | 0 inv-err
  1,715,800 ptrs | 1,413,693 records | 10203 ptr/s | 0 inv-err
  1,727,200 ptrs | 1,423,234 records | 10195 ptr/s | 0 inv-err
  1,736,200 ptrs | 1,430,775 records | 10201 ptr/s | 0 inv-err
  1,746,800 ptrs | 1,439,455 records | 10205 ptr/s | 0 inv-err
  1,773,000 ptrs | 1,460,814 records | 10222 ptr/s | 0 inv-err
  1,780,400 ptrs | 1,466,781 records | 10214 ptr/s | 0 inv-err
  1,781,200 ptrs | 1,467,462 records | 10214 ptr/s | 0 inv-err
  1,783,000 ptrs | 1,468,931 records | 10211 ptr/s | 0 inv-err
  1,789,400 ptrs | 1,474,146 records | 10223 ptr/s | 0 inv-err
  1,823,600 ptrs | 1,501,893 records | 10240 ptr/s | 0 inv-err
  1,828,000 ptrs | 1,505,457 records | 10241 ptr/s | 0 inv-err
  1,841,000 ptrs | 1,516,053 records | 10251 ptr/s | 0 inv-err
  1,845,400 ptrs | 1,519,568 records | 10250 ptr/s | 0 inv-err
  1,852,800 ptrs | 1,525,570 records | 10253 ptr/s | 0 inv-err
  1,853,200 ptrs | 1,525,875 records | 10253 ptr/s | 0 inv-err
  1,866,800 ptrs | 1,536,884 records | 10257 ptr/s | 0 inv-err
  1,879,000 ptrs | 1,546,686 records | 10265 ptr/s | 0 inv-err
  1,882,800 ptrs | 1,549,742 records | 10243 ptr/s | 0 inv-err
  1,886,600 ptrs | 1,552,716 records | 10218 ptr/s | 0 inv-err
  1,887,400 ptrs | 1,553,352 records | 10216 ptr/s | 0 inv-err
  1,909,200 ptrs | 1,570,983 records | 10241 ptr/s | 0 inv-err
  1,920,600 ptrs | 1,580,224 records | 10247 ptr/s | 0 inv-err
  1,934,200 ptrs | 1,591,199 records | 10219 ptr/s | 0 inv-err
  1,948,600 ptrs | 1,602,836 records | 10235 ptr/s | 0 inv-err
  1,950,600 ptrs | 1,604,454 records | 10236 ptr/s | 0 inv-err
  1,957,200 ptrs | 1,609,815 records | 10242 ptr/s | 0 inv-err
  1,968,600 ptrs | 1,619,124 records | 10235 ptr/s | 0 inv-err
  1,997,800 ptrs | 1,642,761 records | 10251 ptr/s | 0 inv-err
  1,998,800 ptrs | 1,643,571 records | 10251 ptr/s | 0 inv-err
  2,001,200 ptrs | 1,645,454 records | 10244 ptr/s | 0 inv-err
  2,013,400 ptrs | 1,655,481 records | 10230 ptr/s | 0 inv-err
  2,026,600 ptrs | 1,666,365 records | 10229 ptr/s | 0 inv-err
  2,040,200 ptrs | 1,677,396 records | 10243 ptr/s | 0 inv-err
  2,045,400 ptrs | 1,681,486 records | 10240 ptr/s | 0 inv-err
  2,056,400 ptrs | 1,690,439 records | 10238 ptr/s | 0 inv-err
  2,066,200 ptrs | 1,698,478 records | 10233 ptr/s | 0 inv-err
  2,068,800 ptrs | 1,700,599 records | 10236 ptr/s | 0 inv-err
  2,100,200 ptrs | 1,726,152 records | 10244 ptr/s | 0 inv-err
  2,110,200 ptrs | 1,734,241 records | 10243 ptr/s | 0 inv-err
  2,110,400 ptrs | 1,734,394 records | 10243 ptr/s | 0 inv-err
  2,123,200 ptrs | 1,744,744 records | 10245 ptr/s | 0 inv-err
  2,128,800 ptrs | 1,749,294 records | 10252 ptr/s | 0 inv-err
  2,142,400 ptrs | 1,760,318 records | 10250 ptr/s | 0 inv-err
  2,142,600 ptrs | 1,760,478 records | 10251 ptr/s | 0 inv-err
  2,156,200 ptrs | 1,771,514 records | 10245 ptr/s | 0 inv-err
  2,164,000 ptrs | 1,777,803 records | 10248 ptr/s | 0 inv-err
  2,183,000 ptrs | 1,793,275 records | 10259 ptr/s | 0 inv-err
  2,183,800 ptrs | 1,793,928 records | 10261 ptr/s | 0 inv-err
  2,189,400 ptrs | 1,798,480 records | 10255 ptr/s | 0 inv-err
  2,195,600 ptrs | 1,803,452 records | 10227 ptr/s | 0 inv-err
  2,219,400 ptrs | 1,822,700 records | 10247 ptr/s | 0 inv-err
  2,230,000 ptrs | 1,831,320 records | 10230 ptr/s | 0 inv-err
  2,241,400 ptrs | 1,840,496 records | 10215 ptr/s | 0 inv-err
  2,254,800 ptrs | 1,851,377 records | 10228 ptr/s | 0 inv-err
  2,258,000 ptrs | 1,853,939 records | 10233 ptr/s | 0 inv-err
  2,268,000 ptrs | 1,862,103 records | 10226 ptr/s | 0 inv-err
  2,270,400 ptrs | 1,864,011 records | 10221 ptr/s | 0 inv-err
  2,273,800 ptrs | 1,866,779 records | 10209 ptr/s | 0 inv-err
  2,296,800 ptrs | 1,885,447 records | 10219 ptr/s | 0 inv-err
  2,308,600 ptrs | 1,894,976 records | 10223 ptr/s | 0 inv-err
  2,326,800 ptrs | 1,909,600 records | 10213 ptr/s | 0 inv-err
  2,331,200 ptrs | 1,913,181 records | 10215 ptr/s | 0 inv-err
  2,332,600 ptrs | 1,914,314 records | 10217 ptr/s | 0 inv-err
  2,347,800 ptrs | 1,926,614 records | 10221 ptr/s | 0 inv-err
  2,358,400 ptrs | 1,935,204 records | 10217 ptr/s | 0 inv-err
  2,368,600 ptrs | 1,943,399 records | 10214 ptr/s | 0 inv-err
  2,378,400 ptrs | 1,951,337 records | 10223 ptr/s | 0 inv-err
  2,389,400 ptrs | 1,960,187 records | 10212 ptr/s | 0 inv-err
  2,411,200 ptrs | 1,977,889 records | 10209 ptr/s | 0 inv-err
  2,417,400 ptrs | 1,982,913 records | 10215 ptr/s | 0 inv-err
  2,424,000 ptrs | 1,988,239 records | 10207 ptr/s | 0 inv-err
  2,426,600 ptrs | 1,990,352 records | 10203 ptr/s | 0 inv-err
  2,432,200 ptrs | 1,994,918 records | 10177 ptr/s | 0 inv-err
  2,443,200 ptrs | 2,003,257 records | 10170 ptr/s | 0 inv-err
  2,449,800 ptrs | 2,008,387 records | 10171 ptr/s | 0 inv-err
  2,481,400 ptrs | 2,031,722 records | 10155 ptr/s | 0 inv-err
  2,481,800 ptrs | 2,032,043 records | 10155 ptr/s | 0 inv-err
  2,487,600 ptrs | 2,036,153 records | 10153 ptr/s | 0 inv-err
  2,499,000 ptrs | 2,044,365 records | 10148 ptr/s | 0 inv-err
  2,522,400 ptrs | 2,061,467 records | 10155 ptr/s | 0 inv-err
  2,530,600 ptrs | 2,067,525 records | 10156 ptr/s | 0 inv-err
  2,536,600 ptrs | 2,071,925 records | 10154 ptr/s | 0 inv-err
  2,541,200 ptrs | 2,075,337 records | 10143 ptr/s | 0 inv-err
  2,541,600 ptrs | 2,075,642 records | 10144 ptr/s | 0 inv-err
  2,568,800 ptrs | 2,095,894 records | 10151 ptr/s | 0 inv-err
  2,576,600 ptrs | 2,101,700 records | 10159 ptr/s | 0 inv-err
  2,579,600 ptrs | 2,103,924 records | 10164 ptr/s | 0 inv-err
  2,597,800 ptrs | 2,117,532 records | 10137 ptr/s | 0 inv-err
  2,604,800 ptrs | 2,122,791 records | 10134 ptr/s | 0 inv-err
  2,607,800 ptrs | 2,125,069 records | 10136 ptr/s | 0 inv-err
  2,611,400 ptrs | 2,127,847 records | 10139 ptr/s | 0 inv-err
  2,621,000 ptrs | 2,135,102 records | 10149 ptr/s | 0 inv-err
  2,653,600 ptrs | 2,159,034 records | 10136 ptr/s | 0 inv-err
  2,672,600 ptrs | 2,173,092 records | 10145 ptr/s | 0 inv-err
  2,675,600 ptrs | 2,175,245 records | 10145 ptr/s | 0 inv-err
  2,676,400 ptrs | 2,175,841 records | 10146 ptr/s | 0 inv-err
  2,682,800 ptrs | 2,180,372 records | 10139 ptr/s | 0 inv-err
  2,684,000 ptrs | 2,181,243 records | 10137 ptr/s | 0 inv-err
  2,712,000 ptrs | 2,202,020 records | 10125 ptr/s | 0 inv-err
  2,716,800 ptrs | 2,205,638 records | 10124 ptr/s | 0 inv-err
  2,721,600 ptrs | 2,209,117 records | 10120 ptr/s | 0 inv-err
  2,727,800 ptrs | 2,213,689 records | 10121 ptr/s | 0 inv-err
  2,741,800 ptrs | 2,224,098 records | 10118 ptr/s | 0 inv-err
  2,743,400 ptrs | 2,225,272 records | 10118 ptr/s | 0 inv-err
  2,755,600 ptrs | 2,234,191 records | 10116 ptr/s | 0 inv-err
  2,762,800 ptrs | 2,239,438 records | 10114 ptr/s | 0 inv-err
  2,767,000 ptrs | 2,242,558 records | 10109 ptr/s | 0 inv-err
  2,787,000 ptrs | 2,257,388 records | 10119 ptr/s | 0 inv-err
  2,803,800 ptrs | 2,269,598 records | 10112 ptr/s | 0 inv-err
  2,810,200 ptrs | 2,274,403 records | 10098 ptr/s | 0 inv-err
  2,820,800 ptrs | 2,282,227 records | 10104 ptr/s | 0 inv-err
  2,827,000 ptrs | 2,286,747 records | 10101 ptr/s | 0 inv-err
  2,844,800 ptrs | 2,299,688 records | 10108 ptr/s | 0 inv-err
  2,845,000 ptrs | 2,299,811 records | 10106 ptr/s | 0 inv-err
  2,857,000 ptrs | 2,308,583 records | 10104 ptr/s | 0 inv-err
  2,873,400 ptrs | 2,320,541 records | 10100 ptr/s | 0 inv-err
  2,876,800 ptrs | 2,322,968 records | 10099 ptr/s | 0 inv-err
  2,894,400 ptrs | 2,335,903 records | 10095 ptr/s | 0 inv-err
  2,904,800 ptrs | 2,343,492 records | 10098 ptr/s | 0 inv-err
  2,920,400 ptrs | 2,354,933 records | 10090 ptr/s | 0 inv-err
  2,929,000 ptrs | 2,361,243 records | 10090 ptr/s | 0 inv-err
  2,941,000 ptrs | 2,370,135 records | 10092 ptr/s | 0 inv-err
  2,942,400 ptrs | 2,371,121 records | 10093 ptr/s | 0 inv-err
  2,952,600 ptrs | 2,378,610 records | 10083 ptr/s | 0 inv-err
  2,953,800 ptrs | 2,379,503 records | 10085 ptr/s | 0 inv-err
  2,966,000 ptrs | 2,388,319 records | 10081 ptr/s | 0 inv-err
  2,974,800 ptrs | 2,394,709 records | 10082 ptr/s | 0 inv-err
  2,981,200 ptrs | 2,399,467 records | 10089 ptr/s | 0 inv-err
  3,004,800 ptrs | 2,416,690 records | 10079 ptr/s | 0 inv-err
  3,006,200 ptrs | 2,417,693 records | 10078 ptr/s | 0 inv-err
  3,013,800 ptrs | 2,423,123 records | 10073 ptr/s | 0 inv-err
  3,040,800 ptrs | 2,442,932 records | 10072 ptr/s | 0 inv-err
  3,041,200 ptrs | 2,443,232 records | 10072 ptr/s | 0 inv-err
  3,055,800 ptrs | 2,454,106 records | 10073 ptr/s | 0 inv-err
  3,064,200 ptrs | 2,460,339 records | 10075 ptr/s | 0 inv-err
  3,068,000 ptrs | 2,463,069 records | 10076 ptr/s | 0 inv-err
  3,081,000 ptrs | 2,472,391 records | 10070 ptr/s | 0 inv-err
  3,088,600 ptrs | 2,478,065 records | 10065 ptr/s | 0 inv-err
  3,091,400 ptrs | 2,480,160 records | 10065 ptr/s | 0 inv-err
  3,094,800 ptrs | 2,482,712 records | 10067 ptr/s | 0 inv-err
  3,106,200 ptrs | 2,490,995 records | 10074 ptr/s | 0 inv-err
  3,145,400 ptrs | 2,519,960 records | 10063 ptr/s | 0 inv-err
  3,149,600 ptrs | 2,522,987 records | 10066 ptr/s | 0 inv-err
  3,151,400 ptrs | 2,524,367 records | 10067 ptr/s | 0 inv-err
  3,174,200 ptrs | 2,541,072 records | 10058 ptr/s | 0 inv-err
  3,188,200 ptrs | 2,551,387 records | 10050 ptr/s | 0 inv-err
  3,188,600 ptrs | 2,551,672 records | 10051 ptr/s | 0 inv-err
  3,191,800 ptrs | 2,554,068 records | 10053 ptr/s | 0 inv-err
  3,210,800 ptrs | 2,567,993 records | 10070 ptr/s | 0 inv-err
  3,214,600 ptrs | 2,570,772 records | 10069 ptr/s | 0 inv-err
  3,224,600 ptrs | 2,578,056 records | 10053 ptr/s | 0 inv-err
  3,231,400 ptrs | 2,583,022 records | 10047 ptr/s | 0 inv-err
  3,236,800 ptrs | 2,586,977 records | 10052 ptr/s | 0 inv-err
  3,260,200 ptrs | 2,604,164 records | 10062 ptr/s | 0 inv-err
  3,261,400 ptrs | 2,605,026 records | 10061 ptr/s | 0 inv-err
  3,284,000 ptrs | 2,621,447 records | 10043 ptr/s | 0 inv-err
  3,287,200 ptrs | 2,623,820 records | 10047 ptr/s | 0 inv-err
  3,298,600 ptrs | 2,632,248 records | 10057 ptr/s | 0 inv-err
  3,306,800 ptrs | 2,638,153 records | 10062 ptr/s | 0 inv-err
  3,313,400 ptrs | 2,642,899 records | 10055 ptr/s | 0 inv-err
  3,317,000 ptrs | 2,645,498 records | 10046 ptr/s | 0 inv-err
  3,341,400 ptrs | 2,663,365 records | 10047 ptr/s | 0 inv-err
  3,344,600 ptrs | 2,665,700 records | 10049 ptr/s | 0 inv-err
  3,349,800 ptrs | 2,669,566 records | 10051 ptr/s | 0 inv-err
  3,358,200 ptrs | 2,675,693 records | 10052 ptr/s | 0 inv-err
  3,366,800 ptrs | 2,681,966 records | 10041 ptr/s | 0 inv-err
  3,384,400 ptrs | 2,694,881 records | 10036 ptr/s | 0 inv-err
  3,388,000 ptrs | 2,697,456 records | 10037 ptr/s | 0 inv-err
  3,392,600 ptrs | 2,700,858 records | 10044 ptr/s | 0 inv-err
  3,393,800 ptrs | 2,701,761 records | 10045 ptr/s | 0 inv-err
  3,419,600 ptrs | 2,720,654 records | 10028 ptr/s | 0 inv-err
  3,423,600 ptrs | 2,723,651 records | 10028 ptr/s | 0 inv-err
  3,448,600 ptrs | 2,742,194 records | 10040 ptr/s | 0 inv-err
  3,449,600 ptrs | 2,742,988 records | 10041 ptr/s | 0 inv-err
  3,463,600 ptrs | 2,753,149 records | 10023 ptr/s | 0 inv-err
  3,469,000 ptrs | 2,756,902 records | 10025 ptr/s | 0 inv-err
  3,475,200 ptrs | 2,761,622 records | 10028 ptr/s | 0 inv-err
  3,489,600 ptrs | 2,772,066 records | 10032 ptr/s | 0 inv-err
  3,491,800 ptrs | 2,773,684 records | 10033 ptr/s | 0 inv-err
  3,505,400 ptrs | 2,783,828 records | 10023 ptr/s | 0 inv-err
  3,514,600 ptrs | 2,790,525 records | 10019 ptr/s | 0 inv-err
  3,533,800 ptrs | 2,804,718 records | 10027 ptr/s | 0 inv-err
  3,543,800 ptrs | 2,812,056 records | 10028 ptr/s | 0 inv-err
  3,556,400 ptrs | 2,821,128 records | 10010 ptr/s | 0 inv-err
  3,571,400 ptrs | 2,832,170 records | 10012 ptr/s | 0 inv-err
  3,581,400 ptrs | 2,839,505 records | 10018 ptr/s | 0 inv-err
  3,586,400 ptrs | 2,843,170 records | 10021 ptr/s | 0 inv-err
  3,591,200 ptrs | 2,846,708 records | 10026 ptr/s | 0 inv-err
  3,594,600 ptrs | 2,849,196 records | 10021 ptr/s | 0 inv-err
  3,606,000 ptrs | 2,857,514 records | 10003 ptr/s | 0 inv-err
  3,615,800 ptrs | 2,864,759 records | 10006 ptr/s | 0 inv-err
  3,633,600 ptrs | 2,877,847 records | 10019 ptr/s | 0 inv-err
  3,639,000 ptrs | 2,881,840 records | 10018 ptr/s | 0 inv-err
  3,639,800 ptrs | 2,882,401 records | 10016 ptr/s | 0 inv-err
  3,644,600 ptrs | 2,885,898 records | 10003 ptr/s | 0 inv-err
  3,653,800 ptrs | 2,892,734 records | 9999 ptr/s | 0 inv-err
  3,668,800 ptrs | 2,903,613 records | 10006 ptr/s | 0 inv-err
  3,685,600 ptrs | 2,915,889 records | 10011 ptr/s | 0 inv-err
  3,697,600 ptrs | 2,924,525 records | 9995 ptr/s | 0 inv-err
  3,712,000 ptrs | 2,935,151 records | 9998 ptr/s | 0 inv-err
  3,717,600 ptrs | 2,939,296 records | 10002 ptr/s | 0 inv-err
  3,723,000 ptrs | 2,943,265 records | 10005 ptr/s | 0 inv-err
  3,741,000 ptrs | 2,956,505 records | 10000 ptr/s | 0 inv-err
  3,754,000 ptrs | 2,965,918 records | 9994 ptr/s | 0 inv-err
  3,762,200 ptrs | 2,971,773 records | 9995 ptr/s | 0 inv-err
  3,774,000 ptrs | 2,980,442 records | 9992 ptr/s | 0 inv-err
  3,775,400 ptrs | 2,981,520 records | 9994 ptr/s | 0 inv-err
  3,783,200 ptrs | 2,987,172 records | 9992 ptr/s | 0 inv-err
  3,800,200 ptrs | 2,999,686 records | 9994 ptr/s | 0 inv-err
  3,816,600 ptrs | 3,011,755 records | 9989 ptr/s | 0 inv-err
  3,835,200 ptrs | 3,025,321 records | 9988 ptr/s | 0 inv-err
  3,839,600 ptrs | 3,028,592 records | 9990 ptr/s | 0 inv-err
  3,860,600 ptrs | 3,044,112 records | 9986 ptr/s | 0 inv-err
  3,862,200 ptrs | 3,045,226 records | 9985 ptr/s | 0 inv-err
  3,863,800 ptrs | 3,046,397 records | 9986 ptr/s | 0 inv-err
  3,881,200 ptrs | 3,059,207 records | 9982 ptr/s | 0 inv-err
  3,894,400 ptrs | 3,068,873 records | 9989 ptr/s | 0 inv-err
  3,896,200 ptrs | 3,070,188 records | 9989 ptr/s | 0 inv-err
  3,897,400 ptrs | 3,071,063 records | 9990 ptr/s | 0 inv-err
  3,899,800 ptrs | 3,072,788 records | 9988 ptr/s | 0 inv-err
  3,924,400 ptrs | 3,090,820 records | 9975 ptr/s | 0 inv-err
  3,926,600 ptrs | 3,092,373 records | 9977 ptr/s | 0 inv-err
  3,934,200 ptrs | 3,097,787 records | 9984 ptr/s | 0 inv-err
  3,939,400 ptrs | 3,101,531 records | 9986 ptr/s | 0 inv-err
  3,957,200 ptrs | 3,114,527 records | 9981 ptr/s | 0 inv-err
  3,974,600 ptrs | 3,127,359 records | 9976 ptr/s | 0 inv-err
  3,978,200 ptrs | 3,129,990 records | 9978 ptr/s | 0 inv-err
  3,988,600 ptrs | 3,137,640 records | 9984 ptr/s | 0 inv-err
  4,008,200 ptrs | 3,152,011 records | 9972 ptr/s | 0 inv-err
  4,025,400 ptrs | 3,164,744 records | 9973 ptr/s | 0 inv-err
  4,034,800 ptrs | 3,171,689 records | 9979 ptr/s | 0 inv-err
  4,043,000 ptrs | 3,177,676 records | 9984 ptr/s | 0 inv-err
  4,050,800 ptrs | 3,183,485 records | 9979 ptr/s | 0 inv-err
  4,053,600 ptrs | 3,185,530 records | 9978 ptr/s | 0 inv-err
  4,055,400 ptrs | 3,186,738 records | 9979 ptr/s | 0 inv-err
  4,081,200 ptrs | 3,205,654 records | 9976 ptr/s | 0 inv-err
  4,087,600 ptrs | 3,210,356 records | 9973 ptr/s | 0 inv-err
  4,090,000 ptrs | 3,212,129 records | 9975 ptr/s | 0 inv-err
  4,106,800 ptrs | 3,224,401 records | 9976 ptr/s | 0 inv-err
  4,109,400 ptrs | 3,226,279 records | 9974 ptr/s | 0 inv-err
  4,120,000 ptrs | 3,234,081 records | 9975 ptr/s | 0 inv-err
  4,128,400 ptrs | 3,240,186 records | 9975 ptr/s | 0 inv-err
  4,135,200 ptrs | 3,245,095 records | 9974 ptr/s | 0 inv-err
  4,140,600 ptrs | 3,249,061 records | 9973 ptr/s | 0 inv-err
  4,150,000 ptrs | 3,255,865 records | 9971 ptr/s | 0 inv-err
  4,165,400 ptrs | 3,266,998 records | 9974 ptr/s | 0 inv-err
  4,174,000 ptrs | 3,273,321 records | 9974 ptr/s | 0 inv-err
  4,192,200 ptrs | 3,286,701 records | 9974 ptr/s | 0 inv-err
  4,195,200 ptrs | 3,288,890 records | 9973 ptr/s | 0 inv-err
  4,203,000 ptrs | 3,294,672 records | 9976 ptr/s | 0 inv-err
  4,210,600 ptrs | 3,300,273 records | 9976 ptr/s | 0 inv-err
  4,225,000 ptrs | 3,310,859 records | 9974 ptr/s | 0 inv-err
  4,233,200 ptrs | 3,316,851 records | 9974 ptr/s | 0 inv-err
  4,240,200 ptrs | 3,322,009 records | 9976 ptr/s | 0 inv-err
  4,260,200 ptrs | 3,336,857 records | 9977 ptr/s | 0 inv-err
  4,272,400 ptrs | 3,345,768 records | 9974 ptr/s | 0 inv-err
  4,279,400 ptrs | 3,350,816 records | 9975 ptr/s | 0 inv-err
  4,298,000 ptrs | 3,364,434 records | 9979 ptr/s | 0 inv-err
  4,304,400 ptrs | 3,369,124 records | 9980 ptr/s | 0 inv-err
  4,315,400 ptrs | 3,377,331 records | 9978 ptr/s | 0 inv-err
  4,325,000 ptrs | 3,384,641 records | 9985 ptr/s | 0 inv-err
  4,325,400 ptrs | 3,384,934 records | 9986 ptr/s | 0 inv-err
  4,352,800 ptrs | 3,405,276 records | 9991 ptr/s | 0 inv-err
  4,353,000 ptrs | 3,405,441 records | 9991 ptr/s | 0 inv-err
  4,355,200 ptrs | 3,407,057 records | 9989 ptr/s | 0 inv-err
  4,372,000 ptrs | 3,420,109 records | 9985 ptr/s | 0 inv-err
  4,393,000 ptrs | 3,436,044 records | 9992 ptr/s | 0 inv-err
  4,408,200 ptrs | 3,447,502 records | 9983 ptr/s | 0 inv-err
  4,410,600 ptrs | 3,449,355 records | 9983 ptr/s | 0 inv-err
  4,417,600 ptrs | 3,454,792 records | 9985 ptr/s | 0 inv-err
  4,424,800 ptrs | 3,460,108 records | 9988 ptr/s | 0 inv-err
  4,431,200 ptrs | 3,464,950 records | 9986 ptr/s | 0 inv-err
  4,440,800 ptrs | 3,472,382 records | 9986 ptr/s | 0 inv-err
  4,450,600 ptrs | 3,479,849 records | 9984 ptr/s | 0 inv-err
  4,454,800 ptrs | 3,483,057 records | 9987 ptr/s | 0 inv-err
  4,468,200 ptrs | 3,493,190 records | 9987 ptr/s | 0 inv-err
  4,468,800 ptrs | 3,493,640 records | 9988 ptr/s | 0 inv-err
  4,485,400 ptrs | 3,506,272 records | 9990 ptr/s | 0 inv-err
  4,500,800 ptrs | 3,518,100 records | 9992 ptr/s | 0 inv-err
  4,524,000 ptrs | 3,535,653 records | 9992 ptr/s | 0 inv-err
  4,531,600 ptrs | 3,541,343 records | 9994 ptr/s | 0 inv-err
  4,532,800 ptrs | 3,542,229 records | 9993 ptr/s | 0 inv-err
  4,553,600 ptrs | 3,558,019 records | 9994 ptr/s | 0 inv-err
  4,566,400 ptrs | 3,567,643 records | 9993 ptr/s | 0 inv-err
  4,574,000 ptrs | 3,573,314 records | 9994 ptr/s | 0 inv-err
  4,581,400 ptrs | 3,578,904 records | 9990 ptr/s | 0 inv-err
  4,586,600 ptrs | 3,582,852 records | 9993 ptr/s | 0 inv-err
  4,592,600 ptrs | 3,587,482 records | 9994 ptr/s | 0 inv-err
  4,610,000 ptrs | 3,600,560 records | 10001 ptr/s | 0 inv-err
  4,613,600 ptrs | 3,603,298 records | 10000 ptr/s | 0 inv-err
  4,618,400 ptrs | 3,606,892 records | 10000 ptr/s | 0 inv-err
  4,625,200 ptrs | 3,611,928 records | 9995 ptr/s | 0 inv-err
  4,640,600 ptrs | 3,623,492 records | 9995 ptr/s | 0 inv-err
  4,653,400 ptrs | 3,633,085 records | 10000 ptr/s | 0 inv-err
  4,661,800 ptrs | 3,639,199 records | 9999 ptr/s | 0 inv-err
  4,670,600 ptrs | 3,645,899 records | 9996 ptr/s | 0 inv-err
  4,692,800 ptrs | 3,662,692 records | 9994 ptr/s | 0 inv-err
  4,703,400 ptrs | 3,670,656 records | 9997 ptr/s | 0 inv-err
  4,707,600 ptrs | 3,673,818 records | 9997 ptr/s | 0 inv-err
  4,709,200 ptrs | 3,675,008 records | 9996 ptr/s | 0 inv-err
  4,723,200 ptrs | 3,685,589 records | 9996 ptr/s | 0 inv-err
  4,725,200 ptrs | 3,687,064 records | 9998 ptr/s | 0 inv-err
  4,735,400 ptrs | 3,694,846 records | 9997 ptr/s | 0 inv-err
  4,748,200 ptrs | 3,704,477 records | 9996 ptr/s | 0 inv-err
  4,763,800 ptrs | 3,716,256 records | 9996 ptr/s | 0 inv-err
  4,765,800 ptrs | 3,717,800 records | 9997 ptr/s | 0 inv-err
  4,776,000 ptrs | 3,725,489 records | 9996 ptr/s | 0 inv-err
  4,779,000 ptrs | 3,727,803 records | 9995 ptr/s | 0 inv-err
  4,788,200 ptrs | 3,734,825 records | 9993 ptr/s | 0 inv-err
  4,803,600 ptrs | 3,746,577 records | 9993 ptr/s | 0 inv-err
  4,818,600 ptrs | 3,757,767 records | 9993 ptr/s | 0 inv-err
  4,846,800 ptrs | 3,779,072 records | 9990 ptr/s | 0 inv-err
  4,850,400 ptrs | 3,781,845 records | 9989 ptr/s | 0 inv-err
  4,874,800 ptrs | 3,800,284 records | 9993 ptr/s | 0 inv-err
  4,879,600 ptrs | 3,804,014 records | 9992 ptr/s | 0 inv-err
  4,880,200 ptrs | 3,804,474 records | 9992 ptr/s | 0 inv-err
  4,892,600 ptrs | 3,813,774 records | 9989 ptr/s | 0 inv-err
  4,903,600 ptrs | 3,822,146 records | 9988 ptr/s | 0 inv-err
  4,905,000 ptrs | 3,823,249 records | 9988 ptr/s | 0 inv-err
  4,924,600 ptrs | 3,837,906 records | 9992 ptr/s | 0 inv-err
  4,925,400 ptrs | 3,838,511 records | 9992 ptr/s | 0 inv-err
  4,929,000 ptrs | 3,841,334 records | 9988 ptr/s | 0 inv-err
  4,946,600 ptrs | 3,854,624 records | 9987 ptr/s | 0 inv-err
  4,951,200 ptrs | 3,858,141 records | 9989 ptr/s | 0 inv-err
  4,952,000 ptrs | 3,858,740 records | 9990 ptr/s | 0 inv-err
  4,971,400 ptrs | 3,873,433 records | 9987 ptr/s | 0 inv-err
  4,982,800 ptrs | 3,882,097 records | 9986 ptr/s | 0 inv-err
  4,987,400 ptrs | 3,885,559 records | 9987 ptr/s | 0 inv-err
  4,993,200 ptrs | 3,889,966 records | 9989 ptr/s | 0 inv-err
  5,009,800 ptrs | 3,902,643 records | 9994 ptr/s | 0 inv-err
  5,019,000 ptrs | 3,909,530 records | 9994 ptr/s | 0 inv-err
  5,020,600 ptrs | 3,910,736 records | 9994 ptr/s | 0 inv-err
  5,024,600 ptrs | 3,913,875 records | 9987 ptr/s | 0 inv-err
  5,066,400 ptrs | 3,945,223 records | 9992 ptr/s | 0 inv-err
  5,067,600 ptrs | 3,946,136 records | 9991 ptr/s | 0 inv-err
  5,083,400 ptrs | 3,958,093 records | 9988 ptr/s | 0 inv-err
  5,086,800 ptrs | 3,960,663 records | 9988 ptr/s | 0 inv-err
  5,090,200 ptrs | 3,963,212 records | 9985 ptr/s | 0 inv-err
  5,103,200 ptrs | 3,973,211 records | 9987 ptr/s | 0 inv-err
  5,113,000 ptrs | 3,980,484 records | 9988 ptr/s | 0 inv-err
  5,122,800 ptrs | 3,987,942 records | 9986 ptr/s | 0 inv-err
  5,128,600 ptrs | 3,992,265 records | 9986 ptr/s | 0 inv-err
  5,139,400 ptrs | 4,000,436 records | 9989 ptr/s | 0 inv-err
  5,148,000 ptrs | 4,007,013 records | 9984 ptr/s | 0 inv-err
  5,159,400 ptrs | 4,015,534 records | 9986 ptr/s | 0 inv-err
  5,161,200 ptrs | 4,016,836 records | 9985 ptr/s | 0 inv-err
  5,173,200 ptrs | 4,025,939 records | 9987 ptr/s | 0 inv-err
  5,190,200 ptrs | 4,038,716 records | 9991 ptr/s | 0 inv-err
  5,210,600 ptrs | 4,054,112 records | 9983 ptr/s | 0 inv-err
  5,211,000 ptrs | 4,054,414 records | 9983 ptr/s | 0 inv-err
  5,232,200 ptrs | 4,070,396 records | 9989 ptr/s | 0 inv-err
  5,235,200 ptrs | 4,072,723 records | 9988 ptr/s | 0 inv-err
  5,258,000 ptrs | 4,090,102 records | 9983 ptr/s | 0 inv-err
  5,270,600 ptrs | 4,099,438 records | 9985 ptr/s | 0 inv-err
  5,297,800 ptrs | 4,120,055 records | 9986 ptr/s | 0 inv-err
  5,302,800 ptrs | 4,123,837 records | 9986 ptr/s | 0 inv-err
  5,305,800 ptrs | 4,126,021 records | 9985 ptr/s | 0 inv-err
  5,308,200 ptrs | 4,127,866 records | 9984 ptr/s | 0 inv-err
  5,313,600 ptrs | 4,131,878 records | 9986 ptr/s | 0 inv-err
  5,314,400 ptrs | 4,132,458 records | 9987 ptr/s | 0 inv-err
  5,317,400 ptrs | 4,134,815 records | 9987 ptr/s | 0 inv-err
  5,322,600 ptrs | 4,138,736 records | 9988 ptr/s | 0 inv-err
  5,352,400 ptrs | 4,161,138 records | 9984 ptr/s | 0 inv-err
  5,358,200 ptrs | 4,165,512 records | 9985 ptr/s | 0 inv-err
  5,381,000 ptrs | 4,182,633 records | 9988 ptr/s | 0 inv-err
  5,385,600 ptrs | 4,186,002 records | 9989 ptr/s | 0 inv-err
  5,393,600 ptrs | 4,192,012 records | 9989 ptr/s | 0 inv-err
  5,401,800 ptrs | 4,198,159 records | 9987 ptr/s | 0 inv-err
  5,405,000 ptrs | 4,200,575 records | 9988 ptr/s | 0 inv-err
  5,415,200 ptrs | 4,208,270 records | 9992 ptr/s | 0 inv-err
  5,415,400 ptrs | 4,208,413 records | 9992 ptr/s | 0 inv-err
  5,434,400 ptrs | 4,222,826 records | 9990 ptr/s | 0 inv-err
  5,438,000 ptrs | 4,225,487 records | 9990 ptr/s | 0 inv-err
  5,445,400 ptrs | 4,231,071 records | 9989 ptr/s | 0 inv-err
  5,462,800 ptrs | 4,244,234 records | 9992 ptr/s | 0 inv-err
  5,468,800 ptrs | 4,248,841 records | 9992 ptr/s | 0 inv-err
  5,480,800 ptrs | 4,257,847 records | 9990 ptr/s | 0 inv-err
  5,486,200 ptrs | 4,261,972 records | 9990 ptr/s | 0 inv-err
  5,493,000 ptrs | 4,267,017 records | 9985 ptr/s | 0 inv-err
  5,502,200 ptrs | 4,274,019 records | 9991 ptr/s | 0 inv-err
  5,510,600 ptrs | 4,280,301 records | 9993 ptr/s | 0 inv-err
  5,526,400 ptrs | 4,292,248 records | 9987 ptr/s | 0 inv-err
  5,535,200 ptrs | 4,298,911 records | 9987 ptr/s | 0 inv-err
  5,539,200 ptrs | 4,302,007 records | 9989 ptr/s | 0 inv-err
  5,540,800 ptrs | 4,303,211 records | 9989 ptr/s | 0 inv-err
  5,563,800 ptrs | 4,320,519 records | 9995 ptr/s | 0 inv-err
  5,577,400 ptrs | 4,330,872 records | 9988 ptr/s | 0 inv-err
  5,595,800 ptrs | 4,344,798 records | 9991 ptr/s | 0 inv-err
  5,600,600 ptrs | 4,348,448 records | 9993 ptr/s | 0 inv-err
  5,608,200 ptrs | 4,354,256 records | 9994 ptr/s | 0 inv-err
  5,611,600 ptrs | 4,356,901 records | 9994 ptr/s | 0 inv-err
  5,637,400 ptrs | 4,376,511 records | 9988 ptr/s | 0 inv-err
  5,639,400 ptrs | 4,378,065 records | 9988 ptr/s | 0 inv-err
  5,651,200 ptrs | 4,386,923 records | 9995 ptr/s | 0 inv-err
  5,661,400 ptrs | 4,394,656 records | 9997 ptr/s | 0 inv-err
  5,674,600 ptrs | 4,404,600 records | 9987 ptr/s | 0 inv-err
  5,675,200 ptrs | 4,405,087 records | 9987 ptr/s | 0 inv-err
  5,680,400 ptrs | 4,409,077 records | 9987 ptr/s | 0 inv-err
  5,686,200 ptrs | 4,413,421 records | 9986 ptr/s | 0 inv-err
  5,704,200 ptrs | 4,427,103 records | 9991 ptr/s | 0 inv-err
  5,711,600 ptrs | 4,432,705 records | 9989 ptr/s | 0 inv-err
  5,730,400 ptrs | 4,446,786 records | 9988 ptr/s | 0 inv-err
  5,739,400 ptrs | 4,453,577 records | 9990 ptr/s | 0 inv-err
  5,757,600 ptrs | 4,467,221 records | 9988 ptr/s | 0 inv-err
  5,765,600 ptrs | 4,473,278 records | 9990 ptr/s | 0 inv-err
  5,778,400 ptrs | 4,482,966 records | 9990 ptr/s | 0 inv-err
  5,781,800 ptrs | 4,485,560 records | 9989 ptr/s | 0 inv-err
  5,784,600 ptrs | 4,487,624 records | 9988 ptr/s | 0 inv-err
  5,796,000 ptrs | 4,496,416 records | 9991 ptr/s | 0 inv-err
  5,805,200 ptrs | 4,503,242 records | 9988 ptr/s | 0 inv-err
  5,809,000 ptrs | 4,506,118 records | 9989 ptr/s | 0 inv-err
  5,821,000 ptrs | 4,515,044 records | 9991 ptr/s | 0 inv-err
  5,844,000 ptrs | 4,532,545 records | 9988 ptr/s | 0 inv-err
  5,849,000 ptrs | 4,536,360 records | 9988 ptr/s | 0 inv-err
  5,855,200 ptrs | 4,541,029 records | 9990 ptr/s | 0 inv-err
  5,864,800 ptrs | 4,548,360 records | 9989 ptr/s | 0 inv-err
  5,887,600 ptrs | 4,565,615 records | 9989 ptr/s | 0 inv-err
  5,891,400 ptrs | 4,568,328 records | 9992 ptr/s | 0 inv-err
  5,897,000 ptrs | 4,572,552 records | 9993 ptr/s | 0 inv-err
  5,904,400 ptrs | 4,578,276 records | 9990 ptr/s | 0 inv-err
  5,917,800 ptrs | 4,588,430 records | 9988 ptr/s | 0 inv-err
  5,920,000 ptrs | 4,590,077 records | 9987 ptr/s | 0 inv-err
  5,952,800 ptrs | 4,615,045 records | 9988 ptr/s | 0 inv-err
  5,954,400 ptrs | 4,616,263 records | 9989 ptr/s | 0 inv-err
  5,957,600 ptrs | 4,618,674 records | 9986 ptr/s | 0 inv-err
  5,964,000 ptrs | 4,623,510 records | 9987 ptr/s | 0 inv-err
  5,973,600 ptrs | 4,630,610 records | 9985 ptr/s | 0 inv-err
  5,991,200 ptrs | 4,643,834 records | 9990 ptr/s | 0 inv-err
  6,008,000 ptrs | 4,656,427 records | 9987 ptr/s | 0 inv-err
  6,012,800 ptrs | 4,660,075 records | 9986 ptr/s | 0 inv-err
  6,022,000 ptrs | 4,666,919 records | 9989 ptr/s | 0 inv-err
  6,035,000 ptrs | 4,676,646 records | 9990 ptr/s | 0 inv-err
  6,046,600 ptrs | 4,685,239 records | 9987 ptr/s | 0 inv-err
  6,061,800 ptrs | 4,696,762 records | 9986 ptr/s | 0 inv-err
  6,062,000 ptrs | 4,696,917 records | 9986 ptr/s | 0 inv-err
  6,063,800 ptrs | 4,698,275 records | 9986 ptr/s | 0 inv-err
  6,073,800 ptrs | 4,705,839 records | 9990 ptr/s | 0 inv-err
  6,085,600 ptrs | 4,714,702 records | 9991 ptr/s | 0 inv-err
  6,093,000 ptrs | 4,720,265 records | 9987 ptr/s | 0 inv-err
  6,104,800 ptrs | 4,729,063 records | 9985 ptr/s | 0 inv-err
  6,115,400 ptrs | 4,737,008 records | 9986 ptr/s | 0 inv-err
  6,127,200 ptrs | 4,745,793 records | 9990 ptr/s | 0 inv-err
  6,132,400 ptrs | 4,749,711 records | 9990 ptr/s | 0 inv-err
  6,149,000 ptrs | 4,762,252 records | 9986 ptr/s | 0 inv-err
  6,161,000 ptrs | 4,771,341 records | 9986 ptr/s | 0 inv-err
  6,164,200 ptrs | 4,773,771 records | 9984 ptr/s | 0 inv-err
  6,181,000 ptrs | 4,786,446 records | 9988 ptr/s | 0 inv-err
  6,188,800 ptrs | 4,792,281 records | 9989 ptr/s | 0 inv-err
  6,193,800 ptrs | 4,796,000 records | 9986 ptr/s | 0 inv-err
  6,199,600 ptrs | 4,800,265 records | 9985 ptr/s | 0 inv-err
  6,229,600 ptrs | 4,822,914 records | 9985 ptr/s | 0 inv-err
  6,236,000 ptrs | 4,827,685 records | 9985 ptr/s | 0 inv-err
  6,245,000 ptrs | 4,834,522 records | 9983 ptr/s | 0 inv-err
  6,248,800 ptrs | 4,837,413 records | 9983 ptr/s | 0 inv-err
  6,264,600 ptrs | 4,849,259 records | 9981 ptr/s | 0 inv-err
  6,269,000 ptrs | 4,852,498 records | 9983 ptr/s | 0 inv-err
  6,286,200 ptrs | 4,865,352 records | 9984 ptr/s | 0 inv-err
  6,295,000 ptrs | 4,871,994 records | 9982 ptr/s | 0 inv-err
  6,301,200 ptrs | 4,876,650 records | 9982 ptr/s | 0 inv-err
  6,313,400 ptrs | 4,885,900 records | 9982 ptr/s | 0 inv-err
  6,315,800 ptrs | 4,887,657 records | 9982 ptr/s | 0 inv-err
  6,349,000 ptrs | 4,912,586 records | 9980 ptr/s | 0 inv-err
  6,351,600 ptrs | 4,914,522 records | 9981 ptr/s | 0 inv-err
  6,357,000 ptrs | 4,918,594 records | 9979 ptr/s | 0 inv-err
  6,358,400 ptrs | 4,919,679 records | 9979 ptr/s | 0 inv-err
  6,371,200 ptrs | 4,929,355 records | 9978 ptr/s | 0 inv-err
  6,393,000 ptrs | 4,945,776 records | 9979 ptr/s | 0 inv-err
  6,393,400 ptrs | 4,946,070 records | 9978 ptr/s | 0 inv-err
  6,406,400 ptrs | 4,955,945 records | 9979 ptr/s | 0 inv-err
  6,417,800 ptrs | 4,964,462 records | 9978 ptr/s | 0 inv-err
  6,418,000 ptrs | 4,964,621 records | 9978 ptr/s | 0 inv-err
  6,420,600 ptrs | 4,966,580 records | 9978 ptr/s | 0 inv-err
  6,449,800 ptrs | 4,988,243 records | 9980 ptr/s | 0 inv-err
  6,455,400 ptrs | 4,992,410 records | 9977 ptr/s | 0 inv-err
  6,464,800 ptrs | 4,999,498 records | 9979 ptr/s | 0 inv-err
  6,476,400 ptrs | 5,008,223 records | 9975 ptr/s | 0 inv-err
  6,481,000 ptrs | 5,011,654 records | 9975 ptr/s | 0 inv-err
  6,484,400 ptrs | 5,014,229 records | 9976 ptr/s | 0 inv-err
  6,496,000 ptrs | 5,022,876 records | 9979 ptr/s | 0 inv-err
  6,508,800 ptrs | 5,032,423 records | 9980 ptr/s | 0 inv-err
  6,525,400 ptrs | 5,044,809 records | 9975 ptr/s | 0 inv-err
  6,525,600 ptrs | 5,044,961 records | 9975 ptr/s | 0 inv-err
  6,530,600 ptrs | 5,048,706 records | 9975 ptr/s | 0 inv-err
  6,537,800 ptrs | 5,054,206 records | 9977 ptr/s | 0 inv-err
  6,567,000 ptrs | 5,076,041 records | 9976 ptr/s | 0 inv-err
  6,569,000 ptrs | 5,077,569 records | 9973 ptr/s | 0 inv-err
  6,583,200 ptrs | 5,088,198 records | 9976 ptr/s | 0 inv-err
  6,589,400 ptrs | 5,092,875 records | 9978 ptr/s | 0 inv-err
  6,592,000 ptrs | 5,094,717 records | 9979 ptr/s | 0 inv-err
  6,617,600 ptrs | 5,113,848 records | 9973 ptr/s | 0 inv-err
  6,619,200 ptrs | 5,115,071 records | 9974 ptr/s | 0 inv-err
  6,630,600 ptrs | 5,123,708 records | 9975 ptr/s | 0 inv-err
  6,640,200 ptrs | 5,130,983 records | 9976 ptr/s | 0 inv-err
  6,650,800 ptrs | 5,138,805 records | 9975 ptr/s | 0 inv-err
  6,665,200 ptrs | 5,149,610 records | 9970 ptr/s | 0 inv-err
  6,668,800 ptrs | 5,152,334 records | 9971 ptr/s | 0 inv-err
  6,681,200 ptrs | 5,161,478 records | 9974 ptr/s | 0 inv-err
  6,688,600 ptrs | 5,167,134 records | 9977 ptr/s | 0 inv-err
  6,696,400 ptrs | 5,172,965 records | 9975 ptr/s | 0 inv-err
  6,714,000 ptrs | 5,186,174 records | 9972 ptr/s | 0 inv-err
  6,724,600 ptrs | 5,194,116 records | 9971 ptr/s | 0 inv-err
  6,728,600 ptrs | 5,197,079 records | 9969 ptr/s | 0 inv-err
  6,734,200 ptrs | 5,201,399 records | 9973 ptr/s | 0 inv-err
  6,746,400 ptrs | 5,211,024 records | 9973 ptr/s | 0 inv-err
  6,768,000 ptrs | 5,228,366 records | 9973 ptr/s | 0 inv-err
  6,769,800 ptrs | 5,229,839 records | 9973 ptr/s | 0 inv-err
  6,785,940 ptrs | 5,242,724 records | 9970 ptr/s | 0 inv-err
DONE: 6,789,340 pointers -> 5,245,411 records | 6,787,318 fetched, 0 empty | 0 invoke-err | 683s | 9946 ptr/s
Next: OPENSEARCH_ENDPOINT=… node load-extracted.js cc-extracted/backfill-mon/
=== [2/2] load-extracted cc-extracted/backfill-mon/ Sat Aug  1 02:00:53 EDT 2026 ===
loading s3://aws-athena-query-results-475987770186-us-east-1/cc-extracted/backfill-mon/ -> OpenSearch (conc 8)
33,947 file(s) to load
  1,000/33,947 files, 99,761 docs
  2,000/33,947 files, 198,570 docs
  3,000/33,947 files, 294,270 docs
  4,000/33,947 files, 389,803 docs
  5,000/33,947 files, 482,261 docs
  6,000/33,947 files, 575,000 docs
  7,000/33,947 files, 668,428 docs
  8,000/33,947 files, 760,643 docs
  9,000/33,947 files, 854,459 docs
  10,000/33,947 files, 947,593 docs
  11,000/33,947 files, 1,041,010 docs
  12,000/33,947 files, 1,132,355 docs
  13,000/33,947 files, 1,222,248 docs
  14,000/33,947 files, 1,320,974 docs
  15,000/33,947 files, 1,418,635 docs
  16,000/33,947 files, 1,517,410 docs
  17,000/33,947 files, 1,615,971 docs
  18,000/33,947 files, 1,713,228 docs
  19,000/33,947 files, 1,810,491 docs
  20,000/33,947 files, 1,908,586 docs
  21,000/33,947 files, 2,006,365 docs
  22,000/33,947 files, 2,104,954 docs
  23,000/33,947 files, 2,202,565 docs
  24,000/33,947 files, 2,300,406 docs
  25,000/33,947 files, 2,398,685 docs
  26,000/33,947 files, 2,495,398 docs
  27,000/33,947 files, 2,602,599 docs
  28,000/33,947 files, 2,706,642 docs
  29,000/33,947 files, 2,812,745 docs
  30,000/33,947 files, 2,915,418 docs
  31,000/33,947 files, 3,019,558 docs
  32,000/33,947 files, 3,123,470 docs
  33,000/33,947 files, 3,228,007 docs
DONE: 33,947 file(s), 3,321,308 docs -> OpenSearch, 92 error(s), 1593s
=== AFTER Sat Aug  1 02:27:32 EDT 2026 ===
total 12,197,019 | real-phone 2,015,334
=== BACKFILL WAVE 1 DONE Sat Aug  1 02:27:37 EDT 2026 ===
