==> Verifying app config
Validating C:\Users\scott\OneDrive\Desktop\Common Crawler Code\rampedup-phase1\fly.toml
[32m✓[0m Configuration is valid
--> Verified app config
==> Building image

WARN Build context is 7.5 GB across 1,062 files. It is uploaded to the builder on
     every deploy, and a large context can make builds noticeably slower.
     Largest paths in the context:
       monitor-bio-urls.txt      1.4 GB
       monitor-misses.txt        929 MB
       live-candidates-full.txt  882 MB
       mbu-chunk-01              457 MB
       mbu-chunk-02              455 MB
     If some of these don't need to be in the image, add them to .dockerignore:
     https://docs.docker.com/build/concepts/context/#dockerignore-files
     (disable with --build-context-warn-size 0)
Waiting for depot builder...

==> Building image with Depot
--> build:  (​)
#1 [internal] load build definition from Dockerfile
#1 transferring dockerfile: 649B 0.1s done
#1 DONE 0.1s

#2 [internal] load metadata for docker.io/library/node:24-slim
#2 DONE 0.3s

#3 [internal] load .dockerignore
#3 transferring context: 923B 0.1s done
#3 DONE 0.1s

#4 [1/5] FROM docker.io/library/node:24-slim@sha256:235600a8101ab264e117b1768e925532262668dc9b581ef1dd7d96ced463b8e7
#4 resolve docker.io/library/node:24-slim@sha256:235600a8101ab264e117b1768e925532262668dc9b581ef1dd7d96ced463b8e7 done
#4 DONE 0.0s

#5 [internal] load build context
#5 transferring context: 119.97MB 5.1s
#5 transferring context: 284.25MB 10.2s
#5 transferring context: 425.52MB 15.3s
#5 transferring context: 559.25MB 20.4s
#5 transferring context: 687.18MB 25.6s
#5 transferring context: 820.94MB 30.8s
#5 transferring context: 934.09MB 35.8s
#5 transferring context: 1.09GB 41.0s
#5 transferring context: 1.24GB 46.0s
#5 transferring context: 1.27GB 51.1s
#5 transferring context: 1.37GB 56.3s
#5 transferring context: 1.49GB 61.4s
#5 transferring context: 1.63GB 66.4s
#5 transferring context: 1.76GB 71.6s
#5 transferring context: 1.89GB 76.6s
#5 transferring context: 2.01GB 81.7s
#5 transferring context: 2.15GB 86.8s
#5 transferring context: 2.28GB 91.9s
#5 transferring context: 2.36GB 96.9s
#5 transferring context: 2.47GB 101.9s
#5 transferring context: 2.57GB 107.0s
#5 transferring context: 2.58GB 112.1s
#5 transferring context: 2.59GB 117.2s
#5 transferring context: 2.60GB 122.3s
#5 transferring context: 2.60GB 127.4s
#5 transferring context: 2.64GB 132.6s
#5 transferring context: 2.66GB 133.1s done
#5 DONE 133.1s

#6 [2/5] WORKDIR /app
#6 CACHED

#7 [3/5] COPY package*.json ./
#7 CACHED

#8 [4/5] RUN npm install --omit=dev
#8 CACHED

#9 [5/5] COPY . .
#9 DONE 121.9s

#10 exporting to image
#10 exporting layers
#10 exporting layers 108.8s done
#10 exporting manifest sha256:019d90c4f9ae1f9e4be487c704d531006d93bce911aa8e561f9a1c6b2546bc35 done
#10 exporting config sha256:fe23f0fd7ef6c51a6e1f34aaeae4d60ed6e05a26a4a385310ab77ce65fdab275 done
#10 pushing layers for registry.fly.io/common-crawler:deployment-01KZ3Z04TCWQYTZFC5D5W3Y2VH@sha256:019d90c4f9ae1f9e4be487c704d531006d93bce911aa8e561f9a1c6b2546bc35
#10 pushing layer sha256:fe23f0fd7ef6c51a6e1f34aaeae4d60ed6e05a26a4a385310ab77ce65fdab275
#10 pushing layer sha256:15c8ecab6b46672920a13b66a4bbce07da1be08ba9fe7ef7822e1adfa18b93cd
#10 pushing layer sha256:5b183551555dc4dfe5d330d57b191377e684653688aac9eaf519bb7201e1ea86 0.1s done
#10 pushing layer sha256:d6d03fb333561d9ba687cb34fbbdc0378bbd9e2d9048b60adab530a84b5a2b45 0.1s done
#10 pushing layer sha256:2623b3b33e9ee9aae2cca032676cce4583f2a9b4a535b18218d39c0e1b9cc7a2
#10 pushing layer sha256:4b43586f13c432da7def4a6cb4a723b79e2093b31d2b66a3f8cc6652c6ce7aee 0.1s done
#10 pushing layer sha256:78a51f678ac527c5bc822f60e2f7dbe9cf96c37c92efda9f04c3d3821144a21e
#10 pushing layer sha256:e45c94031ca71f9eba208832c1b43e1fabb0e55173b38694f715a5ca1f02aee8
#10 pushing layer sha256:11c0f282b6d7e1f9b1042f5385908b990f2ee325b96c93bfa1604cc04af6eeb7
#10 pushing layer sha256:9a42b0f9adc6b7b6100a8865fbc4152778f3336c645cd7c117f77cfe7062252b
#10 pushing layer sha256:15c8ecab6b46672920a13b66a4bbce07da1be08ba9fe7ef7822e1adfa18b93cd 0.1s done
#10 pushing layer sha256:78a51f678ac527c5bc822f60e2f7dbe9cf96c37c92efda9f04c3d3821144a21e 0.2s done
#10 pushing layer sha256:fe23f0fd7ef6c51a6e1f34aaeae4d60ed6e05a26a4a385310ab77ce65fdab275 0.3s done
#10 pushing layer sha256:2623b3b33e9ee9aae2cca032676cce4583f2a9b4a535b18218d39c0e1b9cc7a2 0.3s done
#10 pushing layer sha256:e45c94031ca71f9eba208832c1b43e1fabb0e55173b38694f715a5ca1f02aee8 0.3s done
#10 pushing layer sha256:9a42b0f9adc6b7b6100a8865fbc4152778f3336c645cd7c117f77cfe7062252b 0.3s done
#10 pushing layers for registry.fly.io/common-crawler:deployment-01KZ3Z04TCWQYTZFC5D5W3Y2VH@sha256:019d90c4f9ae1f9e4be487c704d531006d93bce911aa8e561f9a1c6b2546bc35 11.8s done
#10 pushing layer sha256:11c0f282b6d7e1f9b1042f5385908b990f2ee325b96c93bfa1604cc04af6eeb7 11.8s done
#10 pushing manifest for registry.fly.io/common-crawler:deployment-01KZ3Z04TCWQYTZFC5D5W3Y2VH@sha256:019d90c4f9ae1f9e4be487c704d531006d93bce911aa8e561f9a1c6b2546bc35 0.1s done
#10 DONE 120.7s
--> Build Summary:  (​)
2026/08/03 10:10:23 error releasing builder: deadline_exceeded: context deadline exceeded
[38;5;252m--> Building image done[0m
image: registry.fly.io/common-crawler:deployment-01KZ3Z04TCWQYTZFC5D5W3Y2VH
image size: 1.2 GB

Watch your deployment at https://fly.io/apps/common-crawler/monitoring

Updating existing machines in 'common-crawler' with rolling strategy
> Acquiring lease for 48ee626c3164d8
> Acquired lease for 48ee626c3164d8
> Updating machine config for 48ee626c3164d8
> Updating 48ee626c3164d8 [app]
> Updated machine config for 48ee626c3164d8
> Waiting for machine 48ee626c3164d8 to reach a good state
> Machine 48ee626c3164d8 reached started state

WARNING The app is not listening on the expected address and will not be reachable by fly-proxy.
You can fix this by configuring your app to listen on the following addresses:
  - 0.0.0.0:3000
Found these processes inside the machine with open listening sockets:
 PROCESS        │ ADDRESSES                            
────────────────┼──────────────────────────────────────
 /.fly/hallpass │ [fdaa:7c:48d0:a7b:49:39af:afff:2]:22 

> Running smoke checks on machine 48ee626c3164d8
> Running machine checks on machine 48ee626c3164d8
> Checking health of machine 48ee626c3164d8
✔ Machine 48ee626c3164d8 is now in a good state
> Clearing lease for 48ee626c3164d8
✔ Cleared lease for 48ee626c3164d8
Checking DNS configuration for common-crawler.fly.dev
WARNING: DNS verification failed: read udp 100.64.100.6:51785->8.8.8.8:53: i/o timeout
Your app is deployed but DNS may take a few minutes to propagate globally
[33mWARN[0m DNS checks failed: read udp 100.64.100.6:51785->8.8.8.8:53: i/o timeout


Visit your newly deployed app at https://common-crawler.fly.dev/

