Lambda concurrency limit 1000 -> driving at 250 concurrent (raise the quota to go faster)
  600 ptrs | 495 records | 121 ptr/s | 0 inv-err
  13,800 ptrs | 11,134 records | 2300 ptr/s | 0 inv-err
  34,000 ptrs | 27,582 records | 5054 ptr/s | 0 inv-err
  34,800 ptrs | 28,231 records | 5133 ptr/s | 0 inv-err
  43,000 ptrs | 34,800 records | 6046 ptr/s | 0 inv-err
  48,600 ptrs | 39,355 records | 6040 ptr/s | 0 inv-err
  50,800 ptrs | 41,071 records | 5663 ptr/s | 0 inv-err
  55,000 ptrs | 44,372 records | 5689 ptr/s | 0 inv-err
  65,400 ptrs | 52,562 records | 6407 ptr/s | 0 inv-err
  84,600 ptrs | 67,940 records | 7478 ptr/s | 0 inv-err
  95,800 ptrs | 77,048 records | 7518 ptr/s | 0 inv-err
  105,400 ptrs | 84,879 records | 7502 ptr/s | 0 inv-err
  108,000 ptrs | 86,946 records | 7594 ptr/s | 0 inv-err
  108,600 ptrs | 87,454 records | 7607 ptr/s | 0 inv-err
  140,000 ptrs | 112,954 records | 8144 ptr/s | 0 inv-err
  147,400 ptrs | 119,049 records | 8211 ptr/s | 0 inv-err
  184,000 ptrs | 148,739 records | 8675 ptr/s | 0 inv-err
  184,200 ptrs | 148,899 records | 8669 ptr/s | 0 inv-err
  187,200 ptrs | 151,332 records | 8696 ptr/s | 0 inv-err
  198,200 ptrs | 160,390 records | 8804 ptr/s | 0 inv-err
  200,000 ptrs | 161,844 records | 8806 ptr/s | 0 inv-err
  214,600 ptrs | 173,715 records | 8923 ptr/s | 0 inv-err
  219,400 ptrs | 177,618 records | 8962 ptr/s | 0 inv-err
  222,800 ptrs | 180,325 records | 8975 ptr/s | 0 inv-err
  239,600 ptrs | 193,859 records | 9127 ptr/s | 0 inv-err
  244,200 ptrs | 197,542 records | 9206 ptr/s | 0 inv-err
  259,600 ptrs | 209,922 records | 9197 ptr/s | 0 inv-err
  265,000 ptrs | 214,330 records | 9255 ptr/s | 0 inv-err
  275,200 ptrs | 222,449 records | 9339 ptr/s | 0 inv-err
  292,000 ptrs | 236,009 records | 9453 ptr/s | 0 inv-err
  301,600 ptrs | 243,826 records | 9492 ptr/s | 0 inv-err
  310,400 ptrs | 250,999 records | 9521 ptr/s | 0 inv-err
  326,600 ptrs | 263,754 records | 9562 ptr/s | 0 inv-err
  338,600 ptrs | 273,201 records | 9573 ptr/s | 0 inv-err
  341,800 ptrs | 275,720 records | 9602 ptr/s | 0 inv-err
  352,600 ptrs | 284,452 records | 9631 ptr/s | 0 inv-err
  361,600 ptrs | 291,749 records | 9695 ptr/s | 0 inv-err
  370,800 ptrs | 299,203 records | 9688 ptr/s | 0 inv-err
  375,800 ptrs | 303,292 records | 9727 ptr/s | 0 inv-err
  383,400 ptrs | 309,387 records | 9770 ptr/s | 0 inv-err
  389,800 ptrs | 314,621 records | 9776 ptr/s | 0 inv-err
  406,800 ptrs | 328,249 records | 9832 ptr/s | 0 inv-err
  410,400 ptrs | 331,092 records | 9831 ptr/s | 0 inv-err
  421,600 ptrs | 340,090 records | 9866 ptr/s | 0 inv-err
  429,200 ptrs | 346,051 records | 9914 ptr/s | 0 inv-err
  443,400 ptrs | 357,259 records | 9894 ptr/s | 0 inv-err
  453,400 ptrs | 365,196 records | 9891 ptr/s | 0 inv-err
  460,600 ptrs | 370,890 records | 9735 ptr/s | 0 inv-err
  483,200 ptrs | 388,900 records | 9887 ptr/s | 0 inv-err
  492,400 ptrs | 396,301 records | 9873 ptr/s | 0 inv-err
  494,200 ptrs | 397,761 records | 9870 ptr/s | 0 inv-err
  510,800 ptrs | 410,868 records | 9763 ptr/s | 0 inv-err
  512,400 ptrs | 412,143 records | 9769 ptr/s | 0 inv-err
  518,200 ptrs | 416,700 records | 9803 ptr/s | 0 inv-err
  536,800 ptrs | 431,421 records | 9831 ptr/s | 0 inv-err
  542,000 ptrs | 435,562 records | 9848 ptr/s | 0 inv-err
  561,400 ptrs | 450,848 records | 9832 ptr/s | 0 inv-err
  565,000 ptrs | 453,744 records | 9839 ptr/s | 0 inv-err
  581,200 ptrs | 466,852 records | 9887 ptr/s | 0 inv-err
  584,400 ptrs | 469,424 records | 9898 ptr/s | 0 inv-err
  597,200 ptrs | 479,731 records | 9871 ptr/s | 0 inv-err
  602,000 ptrs | 483,592 records | 9880 ptr/s | 0 inv-err
  615,600 ptrs | 494,535 records | 9932 ptr/s | 0 inv-err
  624,000 ptrs | 501,346 records | 9946 ptr/s | 0 inv-err
  641,800 ptrs | 515,868 records | 9909 ptr/s | 0 inv-err
  655,800 ptrs | 527,074 records | 9968 ptr/s | 0 inv-err
  671,000 ptrs | 539,305 records | 10008 ptr/s | 0 inv-err
  676,600 ptrs | 543,827 records | 9999 ptr/s | 0 inv-err
  679,000 ptrs | 545,781 records | 9978 ptr/s | 0 inv-err
  698,600 ptrs | 561,717 records | 10008 ptr/s | 0 inv-err
  709,000 ptrs | 569,981 records | 10033 ptr/s | 0 inv-err
  719,000 ptrs | 578,114 records | 10059 ptr/s | 0 inv-err
  725,000 ptrs | 582,867 records | 10033 ptr/s | 0 inv-err
  728,200 ptrs | 585,489 records | 10026 ptr/s | 0 inv-err
  733,800 ptrs | 590,009 records | 10026 ptr/s | 0 inv-err
  743,400 ptrs | 597,561 records | 10048 ptr/s | 0 inv-err
  754,200 ptrs | 606,226 records | 10079 ptr/s | 0 inv-err
  771,400 ptrs | 620,081 records | 10051 ptr/s | 0 inv-err
  774,000 ptrs | 622,242 records | 10007 ptr/s | 0 inv-err
  793,800 ptrs | 638,239 records | 10056 ptr/s | 0 inv-err
  797,000 ptrs | 640,804 records | 10066 ptr/s | 0 inv-err
  813,600 ptrs | 654,038 records | 10034 ptr/s | 0 inv-err
  817,000 ptrs | 656,725 records | 10018 ptr/s | 0 inv-err
  842,000 ptrs | 676,875 records | 10039 ptr/s | 0 inv-err
  844,200 ptrs | 678,549 records | 10053 ptr/s | 0 inv-err
  851,400 ptrs | 684,221 records | 10038 ptr/s | 0 inv-err
  851,600 ptrs | 684,389 records | 10033 ptr/s | 0 inv-err
  866,600 ptrs | 696,434 records | 10036 ptr/s | 0 inv-err
  878,200 ptrs | 705,772 records | 10061 ptr/s | 0 inv-err
  892,400 ptrs | 716,978 records | 10049 ptr/s | 0 inv-err
  893,200 ptrs | 717,611 records | 10046 ptr/s | 0 inv-err
  896,000 ptrs | 719,811 records | 10021 ptr/s | 0 inv-err
  931,200 ptrs | 748,061 records | 10052 ptr/s | 0 inv-err
  933,000 ptrs | 749,485 records | 10046 ptr/s | 0 inv-err
  937,800 ptrs | 753,348 records | 10044 ptr/s | 0 inv-err
  948,400 ptrs | 761,834 records | 9979 ptr/s | 0 inv-err
  950,400 ptrs | 763,381 records | 9988 ptr/s | 0 inv-err
  973,600 ptrs | 782,076 records | 10066 ptr/s | 0 inv-err
  979,600 ptrs | 786,917 records | 10056 ptr/s | 0 inv-err
  993,800 ptrs | 798,262 records | 9989 ptr/s | 0 inv-err
  1,019,800 ptrs | 819,321 records | 10018 ptr/s | 0 inv-err
  1,029,400 ptrs | 827,003 records | 10046 ptr/s | 0 inv-err
  1,031,400 ptrs | 828,623 records | 10039 ptr/s | 0 inv-err
  1,039,800 ptrs | 835,362 records | 9998 ptr/s | 0 inv-err
  1,046,600 ptrs | 840,818 records | 9946 ptr/s | 0 inv-err
  1,050,000 ptrs | 843,573 records | 9943 ptr/s | 0 inv-err
  1,053,400 ptrs | 846,306 records | 9949 ptr/s | 0 inv-err
  1,061,000 ptrs | 852,448 records | 9984 ptr/s | 0 inv-err
  1,066,800 ptrs | 857,129 records | 10007 ptr/s | 0 inv-err
  1,092,600 ptrs | 877,909 records | 9952 ptr/s | 0 inv-err
  1,098,600 ptrs | 882,815 records | 9958 ptr/s | 0 inv-err
  1,102,200 ptrs | 885,715 records | 9964 ptr/s | 0 inv-err
  1,124,000 ptrs | 902,963 records | 10020 ptr/s | 0 inv-err
  1,131,400 ptrs | 908,915 records | 9996 ptr/s | 0 inv-err
  1,140,000 ptrs | 915,698 records | 9987 ptr/s | 0 inv-err
  1,169,400 ptrs | 939,420 records | 10051 ptr/s | 0 inv-err
  1,171,400 ptrs | 940,976 records | 10053 ptr/s | 0 inv-err
  1,176,600 ptrs | 945,141 records | 10042 ptr/s | 0 inv-err
  1,183,600 ptrs | 950,815 records | 10031 ptr/s | 0 inv-err
  1,193,400 ptrs | 958,718 records | 10061 ptr/s | 0 inv-err
  1,207,600 ptrs | 970,083 records | 10080 ptr/s | 0 inv-err
  1,225,400 ptrs | 984,113 records | 10074 ptr/s | 0 inv-err
  1,229,200 ptrs | 987,173 records | 10065 ptr/s | 0 inv-err
  1,231,600 ptrs | 989,100 records | 10073 ptr/s | 0 inv-err
  1,236,800 ptrs | 993,202 records | 10089 ptr/s | 0 inv-err
  1,251,000 ptrs | 1,004,633 records | 10109 ptr/s | 0 inv-err
  1,261,200 ptrs | 1,012,946 records | 10120 ptr/s | 0 inv-err
  1,266,200 ptrs | 1,016,938 records | 10113 ptr/s | 0 inv-err
  1,289,400 ptrs | 1,035,543 records | 10130 ptr/s | 0 inv-err
  1,300,000 ptrs | 1,044,112 records | 10150 ptr/s | 0 inv-err
  1,306,000 ptrs | 1,049,022 records | 10144 ptr/s | 0 inv-err
  1,315,200 ptrs | 1,056,489 records | 10154 ptr/s | 0 inv-err
  1,321,000 ptrs | 1,061,159 records | 10151 ptr/s | 0 inv-err
  1,327,200 ptrs | 1,066,129 records | 10156 ptr/s | 0 inv-err
  1,330,800 ptrs | 1,069,040 records | 10159 ptr/s | 0 inv-err
  1,351,600 ptrs | 1,085,639 records | 10160 ptr/s | 0 inv-err
  1,352,600 ptrs | 1,086,426 records | 10161 ptr/s | 0 inv-err
  1,375,800 ptrs | 1,104,727 records | 10178 ptr/s | 0 inv-err
  1,382,200 ptrs | 1,109,887 records | 10186 ptr/s | 0 inv-err
  1,400,600 ptrs | 1,124,791 records | 10180 ptr/s | 0 inv-err
  1,412,200 ptrs | 1,134,096 records | 10162 ptr/s | 0 inv-err
  1,427,800 ptrs | 1,146,639 records | 10183 ptr/s | 0 inv-err
  1,431,000 ptrs | 1,149,226 records | 10194 ptr/s | 0 inv-err
  1,434,800 ptrs | 1,152,307 records | 10185 ptr/s | 0 inv-err
  1,436,400 ptrs | 1,153,598 records | 10182 ptr/s | 0 inv-err
  1,452,400 ptrs | 1,166,514 records | 10149 ptr/s | 0 inv-err
  1,453,800 ptrs | 1,167,646 records | 10148 ptr/s | 0 inv-err
  1,474,800 ptrs | 1,184,480 records | 10199 ptr/s | 0 inv-err
  1,481,000 ptrs | 1,189,438 records | 10206 ptr/s | 0 inv-err
  1,481,400 ptrs | 1,189,748 records | 10207 ptr/s | 0 inv-err
  1,499,800 ptrs | 1,204,482 records | 10143 ptr/s | 0 inv-err
  1,504,200 ptrs | 1,207,929 records | 10156 ptr/s | 0 inv-err
  1,508,800 ptrs | 1,211,544 records | 10161 ptr/s | 0 inv-err
  1,541,000 ptrs | 1,237,378 records | 10151 ptr/s | 0 inv-err
  1,545,200 ptrs | 1,240,701 records | 10154 ptr/s | 0 inv-err
  1,568,000 ptrs | 1,258,720 records | 10203 ptr/s | 0 inv-err
  1,575,600 ptrs | 1,264,683 records | 10195 ptr/s | 0 inv-err
  1,577,800 ptrs | 1,266,473 records | 10183 ptr/s | 0 inv-err
  1,582,200 ptrs | 1,270,103 records | 10145 ptr/s | 0 inv-err
  1,602,800 ptrs | 1,286,665 records | 10187 ptr/s | 0 inv-err
  1,614,800 ptrs | 1,296,406 records | 10221 ptr/s | 0 inv-err
  1,615,400 ptrs | 1,296,903 records | 10222 ptr/s | 0 inv-err
  1,617,200 ptrs | 1,298,339 records | 10225 ptr/s | 0 inv-err
  1,627,400 ptrs | 1,306,504 records | 10202 ptr/s | 0 inv-err
  1,635,800 ptrs | 1,313,267 records | 10185 ptr/s | 0 inv-err
  1,642,000 ptrs | 1,318,346 records | 10192 ptr/s | 0 inv-err
  1,657,400 ptrs | 1,330,655 records | 10239 ptr/s | 0 inv-err
  1,667,600 ptrs | 1,338,728 records | 10255 ptr/s | 0 inv-err
  1,671,800 ptrs | 1,342,157 records | 10250 ptr/s | 0 inv-err
  1,687,800 ptrs | 1,355,202 records | 10240 ptr/s | 0 inv-err
  1,694,200 ptrs | 1,360,355 records | 10249 ptr/s | 0 inv-err
  1,700,400 ptrs | 1,365,298 records | 10259 ptr/s | 0 inv-err
  1,711,200 ptrs | 1,373,848 records | 10276 ptr/s | 0 inv-err
  1,728,000 ptrs | 1,387,499 records | 10263 ptr/s | 0 inv-err
  1,736,000 ptrs | 1,394,000 records | 10275 ptr/s | 0 inv-err
  1,751,600 ptrs | 1,406,456 records | 10295 ptr/s | 0 inv-err
  1,769,000 ptrs | 1,420,217 records | 10291 ptr/s | 0 inv-err
  1,777,400 ptrs | 1,426,853 records | 10289 ptr/s | 0 inv-err
  1,779,400 ptrs | 1,428,463 records | 10285 ptr/s | 0 inv-err
  1,785,200 ptrs | 1,433,081 records | 10292 ptr/s | 0 inv-err
  1,789,000 ptrs | 1,436,110 records | 10296 ptr/s | 0 inv-err
  1,822,000 ptrs | 1,462,315 records | 10314 ptr/s | 0 inv-err
  1,830,000 ptrs | 1,468,670 records | 10316 ptr/s | 0 inv-err
  1,841,600 ptrs | 1,477,882 records | 10326 ptr/s | 0 inv-err
  1,844,800 ptrs | 1,480,367 records | 10327 ptr/s | 0 inv-err
  1,850,000 ptrs | 1,484,466 records | 10322 ptr/s | 0 inv-err
  1,850,200 ptrs | 1,484,621 records | 10322 ptr/s | 0 inv-err
  1,869,000 ptrs | 1,499,455 records | 10331 ptr/s | 0 inv-err
  1,879,800 ptrs | 1,507,959 records | 10340 ptr/s | 0 inv-err
  1,887,200 ptrs | 1,513,788 records | 10337 ptr/s | 0 inv-err
  1,891,600 ptrs | 1,517,305 records | 10332 ptr/s | 0 inv-err
  1,894,800 ptrs | 1,519,874 records | 10335 ptr/s | 0 inv-err
  1,906,400 ptrs | 1,529,102 records | 10346 ptr/s | 0 inv-err
  1,922,400 ptrs | 1,541,725 records | 10353 ptr/s | 0 inv-err
  1,932,600 ptrs | 1,549,856 records | 10352 ptr/s | 0 inv-err
  1,947,000 ptrs | 1,561,195 records | 10355 ptr/s | 0 inv-err
  1,948,800 ptrs | 1,562,605 records | 10355 ptr/s | 0 inv-err
  1,960,200 ptrs | 1,571,614 records | 10358 ptr/s | 0 inv-err
  1,967,400 ptrs | 1,577,368 records | 10358 ptr/s | 0 inv-err
  1,990,000 ptrs | 1,595,339 records | 10369 ptr/s | 0 inv-err
  1,999,000 ptrs | 1,602,475 records | 10375 ptr/s | 0 inv-err
  2,002,600 ptrs | 1,605,311 records | 10374 ptr/s | 0 inv-err
  2,016,000 ptrs | 1,615,997 records | 10373 ptr/s | 0 inv-err
  2,024,400 ptrs | 1,622,863 records | 10375 ptr/s | 0 inv-err
  2,042,400 ptrs | 1,637,103 records | 10388 ptr/s | 0 inv-err
  2,043,800 ptrs | 1,638,170 records | 10383 ptr/s | 0 inv-err
  2,061,800 ptrs | 1,652,455 records | 10386 ptr/s | 0 inv-err
  2,068,200 ptrs | 1,657,515 records | 10384 ptr/s | 0 inv-err
  2,069,400 ptrs | 1,658,467 records | 10388 ptr/s | 0 inv-err
  2,100,800 ptrs | 1,683,417 records | 10401 ptr/s | 0 inv-err
  2,103,000 ptrs | 1,685,180 records | 10401 ptr/s | 0 inv-err
  2,111,000 ptrs | 1,691,486 records | 10404 ptr/s | 0 inv-err
  2,127,600 ptrs | 1,704,604 records | 10414 ptr/s | 0 inv-err
  2,130,800 ptrs | 1,707,092 records | 10418 ptr/s | 0 inv-err
  2,134,000 ptrs | 1,709,694 records | 10420 ptr/s | 0 inv-err
  2,141,200 ptrs | 1,715,433 records | 10413 ptr/s | 0 inv-err
  2,152,000 ptrs | 1,724,007 records | 10415 ptr/s | 0 inv-err
  2,165,000 ptrs | 1,734,245 records | 10420 ptr/s | 0 inv-err
  2,178,400 ptrs | 1,744,783 records | 10393 ptr/s | 0 inv-err
  2,180,000 ptrs | 1,746,041 records | 10398 ptr/s | 0 inv-err
  2,187,200 ptrs | 1,751,691 records | 10400 ptr/s | 0 inv-err
  2,196,200 ptrs | 1,758,767 records | 10399 ptr/s | 0 inv-err
  2,225,200 ptrs | 1,781,752 records | 10388 ptr/s | 0 inv-err
  2,233,800 ptrs | 1,788,532 records | 10397 ptr/s | 0 inv-err
  2,237,000 ptrs | 1,791,040 records | 10394 ptr/s | 0 inv-err
  2,250,000 ptrs | 1,801,345 records | 10396 ptr/s | 0 inv-err
  2,254,600 ptrs | 1,804,996 records | 10401 ptr/s | 0 inv-err
  2,264,600 ptrs | 1,812,939 records | 10395 ptr/s | 0 inv-err
  2,265,200 ptrs | 1,813,407 records | 10396 ptr/s | 0 inv-err
  2,275,600 ptrs | 1,821,711 records | 10403 ptr/s | 0 inv-err
  2,298,800 ptrs | 1,840,177 records | 10408 ptr/s | 0 inv-err
  2,311,600 ptrs | 1,850,232 records | 10403 ptr/s | 0 inv-err
  2,326,200 ptrs | 1,861,692 records | 10410 ptr/s | 0 inv-err
  2,329,000 ptrs | 1,863,955 records | 10413 ptr/s | 0 inv-err
  2,338,800 ptrs | 1,871,676 records | 10405 ptr/s | 0 inv-err
  2,350,000 ptrs | 1,880,526 records | 10403 ptr/s | 0 inv-err
  2,366,200 ptrs | 1,893,373 records | 10409 ptr/s | 0 inv-err
  2,370,200 ptrs | 1,896,459 records | 10415 ptr/s | 0 inv-err
  2,380,000 ptrs | 1,904,215 records | 10413 ptr/s | 0 inv-err
  2,384,800 ptrs | 1,907,985 records | 10413 ptr/s | 0 inv-err
  2,412,200 ptrs | 1,929,675 records | 10418 ptr/s | 0 inv-err
  2,418,000 ptrs | 1,934,316 records | 10414 ptr/s | 0 inv-err
  2,420,400 ptrs | 1,936,139 records | 10410 ptr/s | 0 inv-err
  2,425,400 ptrs | 1,940,111 records | 10403 ptr/s | 0 inv-err
  2,433,200 ptrs | 1,946,331 records | 10383 ptr/s | 0 inv-err
  2,445,000 ptrs | 1,954,969 records | 10380 ptr/s | 0 inv-err
  2,446,200 ptrs | 1,955,821 records | 10377 ptr/s | 0 inv-err
  2,473,400 ptrs | 1,975,422 records | 10352 ptr/s | 0 inv-err
  2,483,400 ptrs | 1,982,541 records | 10355 ptr/s | 0 inv-err
  2,491,600 ptrs | 1,988,242 records | 10345 ptr/s | 0 inv-err
  2,497,400 ptrs | 1,992,293 records | 10329 ptr/s | 0 inv-err
  2,519,200 ptrs | 2,007,695 records | 10335 ptr/s | 0 inv-err
  2,527,000 ptrs | 2,013,210 records | 10334 ptr/s | 0 inv-err
  2,536,800 ptrs | 2,020,303 records | 10321 ptr/s | 0 inv-err
  2,540,000 ptrs | 2,022,588 records | 10302 ptr/s | 0 inv-err
  2,544,200 ptrs | 2,025,664 records | 10300 ptr/s | 0 inv-err
  2,566,800 ptrs | 2,042,034 records | 10314 ptr/s | 0 inv-err
  2,576,400 ptrs | 2,048,996 records | 10313 ptr/s | 0 inv-err
  2,580,800 ptrs | 2,052,207 records | 10300 ptr/s | 0 inv-err
  2,598,400 ptrs | 2,064,901 records | 10278 ptr/s | 0 inv-err
  2,599,800 ptrs | 2,065,937 records | 10278 ptr/s | 0 inv-err
  2,605,200 ptrs | 2,069,887 records | 10276 ptr/s | 0 inv-err
  2,608,800 ptrs | 2,072,489 records | 10277 ptr/s | 0 inv-err
  2,630,000 ptrs | 2,087,868 records | 10279 ptr/s | 0 inv-err
  2,647,600 ptrs | 2,100,379 records | 10264 ptr/s | 0 inv-err
  2,660,200 ptrs | 2,109,521 records | 10240 ptr/s | 0 inv-err
  2,664,600 ptrs | 2,112,598 records | 10242 ptr/s | 0 inv-err
  2,677,000 ptrs | 2,121,387 records | 10247 ptr/s | 0 inv-err
  2,683,200 ptrs | 2,125,739 records | 10246 ptr/s | 0 inv-err
  2,686,800 ptrs | 2,128,248 records | 10245 ptr/s | 0 inv-err
  2,713,400 ptrs | 2,147,366 records | 10229 ptr/s | 0 inv-err
  2,716,200 ptrs | 2,149,393 records | 10228 ptr/s | 0 inv-err
  2,724,600 ptrs | 2,155,304 records | 10226 ptr/s | 0 inv-err
  2,727,600 ptrs | 2,157,480 records | 10226 ptr/s | 0 inv-err
  2,740,200 ptrs | 2,166,572 records | 10227 ptr/s | 0 inv-err
  2,741,600 ptrs | 2,167,517 records | 10227 ptr/s | 0 inv-err
  2,756,200 ptrs | 2,177,850 records | 10219 ptr/s | 0 inv-err
  2,761,800 ptrs | 2,181,741 records | 10222 ptr/s | 0 inv-err
  2,767,800 ptrs | 2,186,073 records | 10218 ptr/s | 0 inv-err
  2,787,600 ptrs | 2,200,281 records | 10224 ptr/s | 0 inv-err
  2,803,200 ptrs | 2,211,350 records | 10220 ptr/s | 0 inv-err
  2,812,400 ptrs | 2,217,932 records | 10205 ptr/s | 0 inv-err
  2,821,000 ptrs | 2,224,167 records | 10207 ptr/s | 0 inv-err
  2,832,400 ptrs | 2,232,257 records | 10214 ptr/s | 0 inv-err
  2,843,800 ptrs | 2,240,358 records | 10217 ptr/s | 0 inv-err
  2,846,000 ptrs | 2,241,846 records | 10216 ptr/s | 0 inv-err
  2,860,000 ptrs | 2,251,828 records | 10212 ptr/s | 0 inv-err
  2,869,800 ptrs | 2,258,797 records | 10208 ptr/s | 0 inv-err
  2,878,000 ptrs | 2,264,597 records | 10208 ptr/s | 0 inv-err
  2,889,400 ptrs | 2,272,728 records | 10201 ptr/s | 0 inv-err
  2,902,200 ptrs | 2,281,833 records | 10204 ptr/s | 0 inv-err
  2,915,600 ptrs | 2,291,377 records | 10189 ptr/s | 0 inv-err
  2,928,000 ptrs | 2,300,253 records | 10198 ptr/s | 0 inv-err
  2,936,400 ptrs | 2,306,350 records | 10199 ptr/s | 0 inv-err
  2,943,800 ptrs | 2,311,589 records | 10202 ptr/s | 0 inv-err
  2,952,000 ptrs | 2,317,431 records | 10190 ptr/s | 0 inv-err
  2,955,200 ptrs | 2,319,725 records | 10192 ptr/s | 0 inv-err
  2,968,200 ptrs | 2,328,876 records | 10186 ptr/s | 0 inv-err
  2,972,000 ptrs | 2,331,513 records | 10186 ptr/s | 0 inv-err
  2,982,000 ptrs | 2,338,677 records | 10197 ptr/s | 0 inv-err
  3,003,400 ptrs | 2,353,859 records | 10182 ptr/s | 0 inv-err
  3,006,000 ptrs | 2,355,658 records | 10185 ptr/s | 0 inv-err
  3,010,200 ptrs | 2,358,651 records | 10176 ptr/s | 0 inv-err
  3,043,200 ptrs | 2,382,152 records | 10178 ptr/s | 0 inv-err
  3,043,600 ptrs | 2,382,466 records | 10179 ptr/s | 0 inv-err
  3,051,400 ptrs | 2,388,103 records | 10180 ptr/s | 0 inv-err
  3,064,400 ptrs | 2,397,574 records | 10183 ptr/s | 0 inv-err
  3,066,800 ptrs | 2,399,219 records | 10180 ptr/s | 0 inv-err
  3,081,600 ptrs | 2,409,552 records | 10176 ptr/s | 0 inv-err
  3,086,000 ptrs | 2,412,758 records | 10172 ptr/s | 0 inv-err
  3,088,800 ptrs | 2,414,791 records | 10172 ptr/s | 0 inv-err
  3,093,600 ptrs | 2,418,316 records | 10175 ptr/s | 0 inv-err
  3,106,200 ptrs | 2,427,186 records | 10179 ptr/s | 0 inv-err
  3,150,400 ptrs | 2,458,851 records | 10153 ptr/s | 0 inv-err
  3,151,800 ptrs | 2,459,810 records | 10152 ptr/s | 0 inv-err
  3,156,000 ptrs | 2,462,797 records | 10153 ptr/s | 0 inv-err
  3,178,400 ptrs | 2,478,774 records | 10129 ptr/s | 0 inv-err
  3,183,000 ptrs | 2,482,158 records | 10130 ptr/s | 0 inv-err
  3,183,800 ptrs | 2,482,705 records | 10131 ptr/s | 0 inv-err
  3,187,400 ptrs | 2,485,276 records | 10132 ptr/s | 0 inv-err
  3,206,600 ptrs | 2,498,998 records | 10147 ptr/s | 0 inv-err
  3,209,600 ptrs | 2,501,141 records | 10149 ptr/s | 0 inv-err
  3,222,600 ptrs | 2,510,383 records | 10136 ptr/s | 0 inv-err
  3,231,400 ptrs | 2,516,671 records | 10126 ptr/s | 0 inv-err
  3,236,800 ptrs | 2,520,508 records | 10128 ptr/s | 0 inv-err
  3,261,200 ptrs | 2,537,864 records | 10135 ptr/s | 0 inv-err
  3,261,400 ptrs | 2,538,010 records | 10136 ptr/s | 0 inv-err
  3,277,400 ptrs | 2,549,311 records | 10113 ptr/s | 0 inv-err
  3,284,600 ptrs | 2,554,462 records | 10118 ptr/s | 0 inv-err
  3,295,200 ptrs | 2,562,019 records | 10127 ptr/s | 0 inv-err
  3,303,800 ptrs | 2,568,142 records | 10132 ptr/s | 0 inv-err
  3,312,200 ptrs | 2,574,070 records | 10130 ptr/s | 0 inv-err
  3,314,600 ptrs | 2,575,657 records | 10124 ptr/s | 0 inv-err
  3,340,800 ptrs | 2,594,380 records | 10114 ptr/s | 0 inv-err
  3,346,600 ptrs | 2,598,529 records | 10119 ptr/s | 0 inv-err
  3,350,200 ptrs | 2,601,116 records | 10121 ptr/s | 0 inv-err
  3,359,000 ptrs | 2,607,253 records | 10116 ptr/s | 0 inv-err
  3,367,600 ptrs | 2,613,367 records | 10105 ptr/s | 0 inv-err
  3,387,000 ptrs | 2,627,321 records | 10100 ptr/s | 0 inv-err
  3,393,200 ptrs | 2,631,646 records | 10102 ptr/s | 0 inv-err
  3,393,800 ptrs | 2,632,093 records | 10102 ptr/s | 0 inv-err
  3,398,000 ptrs | 2,635,039 records | 10102 ptr/s | 0 inv-err
  3,418,400 ptrs | 2,649,540 records | 10080 ptr/s | 0 inv-err
  3,425,200 ptrs | 2,654,481 records | 10080 ptr/s | 0 inv-err
  3,438,000 ptrs | 2,663,647 records | 10071 ptr/s | 0 inv-err
  3,446,000 ptrs | 2,669,461 records | 10073 ptr/s | 0 inv-err
  3,464,200 ptrs | 2,682,359 records | 10067 ptr/s | 0 inv-err
  3,469,200 ptrs | 2,685,794 records | 10060 ptr/s | 0 inv-err
  3,470,000 ptrs | 2,686,368 records | 10059 ptr/s | 0 inv-err
  3,484,000 ptrs | 2,696,526 records | 10051 ptr/s | 0 inv-err
  3,496,600 ptrs | 2,705,411 records | 10062 ptr/s | 0 inv-err
  3,505,200 ptrs | 2,711,640 records | 10054 ptr/s | 0 inv-err
  3,516,400 ptrs | 2,719,565 records | 10034 ptr/s | 0 inv-err
  3,532,200 ptrs | 2,730,950 records | 10044 ptr/s | 0 inv-err
  3,543,800 ptrs | 2,739,241 records | 10047 ptr/s | 0 inv-err
  3,555,600 ptrs | 2,747,511 records | 10033 ptr/s | 0 inv-err
  3,575,600 ptrs | 2,761,829 records | 10035 ptr/s | 0 inv-err
  3,577,400 ptrs | 2,763,116 records | 10036 ptr/s | 0 inv-err
  3,585,600 ptrs | 2,769,002 records | 10045 ptr/s | 0 inv-err
  3,594,400 ptrs | 2,775,216 records | 10048 ptr/s | 0 inv-err
  3,595,200 ptrs | 2,775,783 records | 10049 ptr/s | 0 inv-err
  3,606,000 ptrs | 2,783,462 records | 10032 ptr/s | 0 inv-err
  3,614,200 ptrs | 2,789,354 records | 10027 ptr/s | 0 inv-err
  3,631,600 ptrs | 2,801,858 records | 10042 ptr/s | 0 inv-err
  3,634,400 ptrs | 2,803,853 records | 10043 ptr/s | 0 inv-err
  3,639,000 ptrs | 2,807,167 records | 10044 ptr/s | 0 inv-err
  3,647,600 ptrs | 2,813,281 records | 10034 ptr/s | 0 inv-err
  3,655,200 ptrs | 2,818,723 records | 10031 ptr/s | 0 inv-err
  3,666,200 ptrs | 2,826,523 records | 10035 ptr/s | 0 inv-err
  3,683,800 ptrs | 2,838,994 records | 10041 ptr/s | 0 inv-err
  3,695,200 ptrs | 2,846,986 records | 10035 ptr/s | 0 inv-err
  3,715,000 ptrs | 2,861,213 records | 10036 ptr/s | 0 inv-err
  3,720,400 ptrs | 2,865,066 records | 10037 ptr/s | 0 inv-err
  3,725,800 ptrs | 2,868,971 records | 10040 ptr/s | 0 inv-err
  3,740,000 ptrs | 2,879,075 records | 10039 ptr/s | 0 inv-err
  3,752,800 ptrs | 2,888,146 records | 10033 ptr/s | 0 inv-err
  3,764,000 ptrs | 2,895,983 records | 10035 ptr/s | 0 inv-err
  3,772,200 ptrs | 2,901,900 records | 10033 ptr/s | 0 inv-err
  3,775,600 ptrs | 2,904,275 records | 10035 ptr/s | 0 inv-err
  3,782,800 ptrs | 2,909,578 records | 10030 ptr/s | 0 inv-err
  3,798,400 ptrs | 2,920,582 records | 10034 ptr/s | 0 inv-err
  3,817,600 ptrs | 2,934,354 records | 10036 ptr/s | 0 inv-err
  3,837,200 ptrs | 2,948,329 records | 10034 ptr/s | 0 inv-err
  3,843,600 ptrs | 2,952,883 records | 10037 ptr/s | 0 inv-err
  3,861,400 ptrs | 2,965,684 records | 10033 ptr/s | 0 inv-err
  3,862,400 ptrs | 2,966,371 records | 10034 ptr/s | 0 inv-err
  3,864,400 ptrs | 2,967,788 records | 10033 ptr/s | 0 inv-err
  3,877,600 ptrs | 2,977,260 records | 10026 ptr/s | 0 inv-err
  3,894,200 ptrs | 2,989,067 records | 10039 ptr/s | 0 inv-err
  3,896,400 ptrs | 2,990,632 records | 10039 ptr/s | 0 inv-err
  3,896,800 ptrs | 2,990,904 records | 10038 ptr/s | 0 inv-err
  3,901,000 ptrs | 2,993,850 records | 10036 ptr/s | 0 inv-err
  3,920,200 ptrs | 3,007,584 records | 10025 ptr/s | 0 inv-err
  3,924,400 ptrs | 3,010,529 records | 10027 ptr/s | 0 inv-err
  3,933,000 ptrs | 3,016,571 records | 10033 ptr/s | 0 inv-err
  3,938,400 ptrs | 3,020,378 records | 10039 ptr/s | 0 inv-err
  3,955,800 ptrs | 3,032,703 records | 10036 ptr/s | 0 inv-err
  3,974,600 ptrs | 3,046,091 records | 10025 ptr/s | 0 inv-err
  3,975,400 ptrs | 3,046,646 records | 10025 ptr/s | 0 inv-err
  3,986,000 ptrs | 3,054,193 records | 10016 ptr/s | 0 inv-err
  4,008,800 ptrs | 3,070,437 records | 10012 ptr/s | 0 inv-err
  4,021,000 ptrs | 3,079,302 records | 10000 ptr/s | 0 inv-err
  4,032,000 ptrs | 3,087,095 records | 10003 ptr/s | 0 inv-err
  4,038,400 ptrs | 3,091,669 records | 10008 ptr/s | 0 inv-err
  4,042,000 ptrs | 3,094,245 records | 10010 ptr/s | 0 inv-err
  4,054,000 ptrs | 3,102,802 records | 10011 ptr/s | 0 inv-err
  4,054,200 ptrs | 3,102,923 records | 10011 ptr/s | 0 inv-err
  4,080,800 ptrs | 3,121,860 records | 9998 ptr/s | 0 inv-err
  4,088,600 ptrs | 3,127,502 records | 9999 ptr/s | 0 inv-err
  4,091,600 ptrs | 3,129,640 records | 10000 ptr/s | 0 inv-err
  4,107,000 ptrs | 3,140,567 records | 9999 ptr/s | 0 inv-err
  4,107,200 ptrs | 3,140,711 records | 9998 ptr/s | 0 inv-err
  4,129,000 ptrs | 3,156,230 records | 9996 ptr/s | 0 inv-err
  4,129,400 ptrs | 3,156,530 records | 9996 ptr/s | 0 inv-err
  4,135,400 ptrs | 3,160,783 records | 9993 ptr/s | 0 inv-err
  4,140,600 ptrs | 3,164,508 records | 9991 ptr/s | 0 inv-err
  4,149,200 ptrs | 3,170,476 records | 9991 ptr/s | 0 inv-err
  4,167,200 ptrs | 3,183,160 records | 9991 ptr/s | 0 inv-err
  4,168,200 ptrs | 3,183,892 records | 9990 ptr/s | 0 inv-err
  4,190,600 ptrs | 3,199,956 records | 9990 ptr/s | 0 inv-err
  4,193,400 ptrs | 3,201,976 records | 9990 ptr/s | 0 inv-err
  4,206,200 ptrs | 3,211,176 records | 9990 ptr/s | 0 inv-err
  4,221,800 ptrs | 3,222,396 records | 9987 ptr/s | 0 inv-err
  4,224,800 ptrs | 3,224,418 records | 9986 ptr/s | 0 inv-err
  4,228,800 ptrs | 3,227,273 records | 9981 ptr/s | 0 inv-err
  4,240,600 ptrs | 3,235,803 records | 9990 ptr/s | 0 inv-err
  4,255,200 ptrs | 3,246,328 records | 9983 ptr/s | 0 inv-err
  4,272,400 ptrs | 3,258,535 records | 9977 ptr/s | 0 inv-err
  4,278,800 ptrs | 3,263,093 records | 9979 ptr/s | 0 inv-err
  4,295,000 ptrs | 3,274,529 records | 9968 ptr/s | 0 inv-err
  4,305,200 ptrs | 3,281,729 records | 9972 ptr/s | 0 inv-err
  4,314,200 ptrs | 3,288,219 records | 9972 ptr/s | 0 inv-err
  4,316,200 ptrs | 3,289,712 records | 9972 ptr/s | 0 inv-err
  4,321,400 ptrs | 3,293,557 records | 9975 ptr/s | 0 inv-err
  4,351,400 ptrs | 3,315,391 records | 9975 ptr/s | 0 inv-err
  4,352,800 ptrs | 3,316,418 records | 9976 ptr/s | 0 inv-err
  4,355,400 ptrs | 3,318,409 records | 9972 ptr/s | 0 inv-err
  4,367,200 ptrs | 3,327,284 records | 9966 ptr/s | 0 inv-err
  4,390,800 ptrs | 3,344,923 records | 9971 ptr/s | 0 inv-err
  4,408,800 ptrs | 3,358,184 records | 9948 ptr/s | 0 inv-err
  4,413,400 ptrs | 3,361,509 records | 9950 ptr/s | 0 inv-err
  4,425,400 ptrs | 3,370,348 records | 9957 ptr/s | 0 inv-err
  4,428,800 ptrs | 3,372,887 records | 9957 ptr/s | 0 inv-err
  4,434,000 ptrs | 3,376,732 records | 9956 ptr/s | 0 inv-err
  4,441,800 ptrs | 3,382,643 records | 9944 ptr/s | 0 inv-err
  4,447,400 ptrs | 3,386,826 records | 9946 ptr/s | 0 inv-err
  4,453,200 ptrs | 3,391,135 records | 9944 ptr/s | 0 inv-err
  4,465,000 ptrs | 3,399,884 records | 9951 ptr/s | 0 inv-err
  4,467,200 ptrs | 3,401,483 records | 9949 ptr/s | 0 inv-err
  4,487,000 ptrs | 3,416,160 records | 9951 ptr/s | 0 inv-err
  4,500,000 ptrs | 3,425,705 records | 9952 ptr/s | 0 inv-err
  4,517,600 ptrs | 3,438,842 records | 9952 ptr/s | 0 inv-err
  4,528,200 ptrs | 3,446,630 records | 9954 ptr/s | 0 inv-err
  4,535,000 ptrs | 3,451,554 records | 9951 ptr/s | 0 inv-err
  4,552,200 ptrs | 3,464,207 records | 9956 ptr/s | 0 inv-err
  4,564,600 ptrs | 3,473,312 records | 9957 ptr/s | 0 inv-err
  4,569,400 ptrs | 3,476,886 records | 9957 ptr/s | 0 inv-err
  4,586,800 ptrs | 3,489,671 records | 9954 ptr/s | 0 inv-err
  4,590,200 ptrs | 3,492,123 records | 9957 ptr/s | 0 inv-err
  4,594,000 ptrs | 3,495,013 records | 9957 ptr/s | 0 inv-err
  4,607,200 ptrs | 3,504,630 records | 9966 ptr/s | 0 inv-err
  4,616,200 ptrs | 3,511,187 records | 9963 ptr/s | 0 inv-err
  4,617,200 ptrs | 3,511,878 records | 9963 ptr/s | 0 inv-err
  4,625,600 ptrs | 3,517,911 records | 9958 ptr/s | 0 inv-err
  4,642,600 ptrs | 3,530,353 records | 9961 ptr/s | 0 inv-err
  4,652,200 ptrs | 3,537,322 records | 9968 ptr/s | 0 inv-err
  4,660,400 ptrs | 3,543,134 records | 9965 ptr/s | 0 inv-err
  4,668,400 ptrs | 3,549,000 records | 9961 ptr/s | 0 inv-err
  4,695,800 ptrs | 3,569,204 records | 9963 ptr/s | 0 inv-err
  4,703,000 ptrs | 3,574,434 records | 9963 ptr/s | 0 inv-err
  4,703,800 ptrs | 3,575,007 records | 9963 ptr/s | 0 inv-err
  4,709,200 ptrs | 3,579,018 records | 9961 ptr/s | 0 inv-err
  4,721,400 ptrs | 3,587,942 records | 9961 ptr/s | 0 inv-err
  4,724,800 ptrs | 3,590,430 records | 9960 ptr/s | 0 inv-err
  4,731,800 ptrs | 3,595,535 records | 9964 ptr/s | 0 inv-err
  4,747,000 ptrs | 3,606,808 records | 9965 ptr/s | 0 inv-err
  4,761,000 ptrs | 3,617,153 records | 9963 ptr/s | 0 inv-err
  4,763,800 ptrs | 3,619,228 records | 9964 ptr/s | 0 inv-err
  4,775,800 ptrs | 3,628,043 records | 9964 ptr/s | 0 inv-err
  4,777,200 ptrs | 3,629,095 records | 9965 ptr/s | 0 inv-err
  4,790,400 ptrs | 3,638,914 records | 9961 ptr/s | 0 inv-err
  4,804,600 ptrs | 3,649,435 records | 9963 ptr/s | 0 inv-err
  4,819,400 ptrs | 3,660,193 records | 9962 ptr/s | 0 inv-err
  4,845,400 ptrs | 3,679,366 records | 9962 ptr/s | 0 inv-err
  4,849,600 ptrs | 3,682,452 records | 9959 ptr/s | 0 inv-err
  4,876,600 ptrs | 3,702,327 records | 9948 ptr/s | 0 inv-err
  4,880,400 ptrs | 3,705,184 records | 9948 ptr/s | 0 inv-err
  4,883,800 ptrs | 3,707,707 records | 9949 ptr/s | 0 inv-err
  4,890,800 ptrs | 3,712,780 records | 9949 ptr/s | 0 inv-err
  4,916,800 ptrs | 3,731,866 records | 9951 ptr/s | 0 inv-err
  4,920,400 ptrs | 3,734,446 records | 9953 ptr/s | 0 inv-err
  4,924,800 ptrs | 3,737,748 records | 9948 ptr/s | 0 inv-err
  4,927,400 ptrs | 3,739,644 records | 9943 ptr/s | 0 inv-err
  4,934,000 ptrs | 3,744,502 records | 9945 ptr/s | 0 inv-err
  4,939,600 ptrs | 3,748,680 records | 9946 ptr/s | 0 inv-err
  4,943,200 ptrs | 3,751,359 records | 9946 ptr/s | 0 inv-err
  4,958,800 ptrs | 3,762,808 records | 9947 ptr/s | 0 inv-err
  4,970,800 ptrs | 3,771,694 records | 9945 ptr/s | 0 inv-err
  4,980,400 ptrs | 3,778,753 records | 9942 ptr/s | 0 inv-err
  4,987,400 ptrs | 3,783,927 records | 9944 ptr/s | 0 inv-err
  4,992,600 ptrs | 3,787,786 records | 9943 ptr/s | 0 inv-err
  5,006,600 ptrs | 3,798,175 records | 9947 ptr/s | 0 inv-err
  5,018,000 ptrs | 3,806,496 records | 9946 ptr/s | 0 inv-err
  5,020,400 ptrs | 3,808,298 records | 9946 ptr/s | 0 inv-err
  5,025,000 ptrs | 3,811,746 records | 9944 ptr/s | 0 inv-err
  5,066,200 ptrs | 3,841,878 records | 9943 ptr/s | 0 inv-err
  5,066,600 ptrs | 3,842,163 records | 9943 ptr/s | 0 inv-err
  5,080,400 ptrs | 3,852,279 records | 9940 ptr/s | 0 inv-err
  5,087,600 ptrs | 3,857,513 records | 9939 ptr/s | 0 inv-err
  5,093,200 ptrs | 3,861,651 records | 9937 ptr/s | 0 inv-err
  5,105,600 ptrs | 3,870,933 records | 9939 ptr/s | 0 inv-err
  5,112,200 ptrs | 3,875,730 records | 9935 ptr/s | 0 inv-err
  5,123,000 ptrs | 3,883,712 records | 9935 ptr/s | 0 inv-err
  5,130,000 ptrs | 3,888,775 records | 9935 ptr/s | 0 inv-err
  5,148,000 ptrs | 3,902,102 records | 9925 ptr/s | 0 inv-err
  5,151,000 ptrs | 3,904,399 records | 9925 ptr/s | 0 inv-err
  5,157,600 ptrs | 3,909,303 records | 9923 ptr/s | 0 inv-err
  5,163,800 ptrs | 3,913,670 records | 9924 ptr/s | 0 inv-err
  5,171,800 ptrs | 3,919,448 records | 9922 ptr/s | 0 inv-err
  5,187,200 ptrs | 3,930,703 records | 9923 ptr/s | 0 inv-err
  5,205,400 ptrs | 3,944,054 records | 9910 ptr/s | 0 inv-err
  5,215,200 ptrs | 3,951,308 records | 9907 ptr/s | 0 inv-err
  5,226,200 ptrs | 3,959,260 records | 9912 ptr/s | 0 inv-err
  5,240,000 ptrs | 3,969,521 records | 9905 ptr/s | 0 inv-err
  5,256,800 ptrs | 3,982,010 records | 9898 ptr/s | 0 inv-err
  5,271,400 ptrs | 3,992,528 records | 9903 ptr/s | 0 inv-err
  5,293,400 ptrs | 4,008,861 records | 9893 ptr/s | 0 inv-err
  5,304,200 ptrs | 4,016,759 records | 9897 ptr/s | 0 inv-err
  5,306,800 ptrs | 4,018,637 records | 9897 ptr/s | 0 inv-err
  5,312,400 ptrs | 4,022,773 records | 9898 ptr/s | 0 inv-err
  5,312,600 ptrs | 4,022,912 records | 9898 ptr/s | 0 inv-err
  5,319,600 ptrs | 4,028,009 records | 9902 ptr/s | 0 inv-err
  5,324,000 ptrs | 4,031,262 records | 9901 ptr/s | 0 inv-err
  5,324,200 ptrs | 4,031,407 records | 9901 ptr/s | 0 inv-err
  5,364,000 ptrs | 4,060,474 records | 9900 ptr/s | 0 inv-err
  5,366,600 ptrs | 4,062,415 records | 9900 ptr/s | 0 inv-err
  5,384,600 ptrs | 4,075,529 records | 9900 ptr/s | 0 inv-err
  5,392,200 ptrs | 4,080,974 records | 9899 ptr/s | 0 inv-err
  5,394,000 ptrs | 4,082,294 records | 9899 ptr/s | 0 inv-err
  5,403,400 ptrs | 4,089,172 records | 9901 ptr/s | 0 inv-err
  5,405,600 ptrs | 4,090,757 records | 9902 ptr/s | 0 inv-err
  5,414,600 ptrs | 4,097,332 records | 9906 ptr/s | 0 inv-err
  5,418,400 ptrs | 4,100,103 records | 9906 ptr/s | 0 inv-err
  5,429,600 ptrs | 4,108,453 records | 9902 ptr/s | 0 inv-err
  5,437,000 ptrs | 4,113,884 records | 9903 ptr/s | 0 inv-err
  5,445,000 ptrs | 4,119,698 records | 9903 ptr/s | 0 inv-err
  5,461,400 ptrs | 4,131,854 records | 9906 ptr/s | 0 inv-err
  5,467,400 ptrs | 4,136,269 records | 9906 ptr/s | 0 inv-err
  5,480,400 ptrs | 4,145,862 records | 9904 ptr/s | 0 inv-err
  5,480,800 ptrs | 4,146,142 records | 9904 ptr/s | 0 inv-err
  5,493,800 ptrs | 4,155,662 records | 9901 ptr/s | 0 inv-err
  5,501,000 ptrs | 4,160,982 records | 9905 ptr/s | 0 inv-err
  5,509,000 ptrs | 4,166,812 records | 9907 ptr/s | 0 inv-err
  5,526,600 ptrs | 4,179,860 records | 9902 ptr/s | 0 inv-err
  5,531,200 ptrs | 4,183,268 records | 9903 ptr/s | 0 inv-err
  5,534,200 ptrs | 4,185,469 records | 9903 ptr/s | 0 inv-err
  5,538,000 ptrs | 4,188,296 records | 9903 ptr/s | 0 inv-err
  5,562,800 ptrs | 4,206,506 records | 9907 ptr/s | 0 inv-err
  5,577,800 ptrs | 4,217,605 records | 9902 ptr/s | 0 inv-err
  5,591,600 ptrs | 4,227,801 records | 9904 ptr/s | 0 inv-err
  5,606,000 ptrs | 4,238,426 records | 9910 ptr/s | 0 inv-err
  5,608,600 ptrs | 4,240,408 records | 9909 ptr/s | 0 inv-err
  5,611,800 ptrs | 4,242,844 records | 9909 ptr/s | 0 inv-err
  5,631,000 ptrs | 4,256,966 records | 9903 ptr/s | 0 inv-err
  5,637,600 ptrs | 4,261,924 records | 9905 ptr/s | 0 inv-err
  5,654,400 ptrs | 4,274,235 records | 9912 ptr/s | 0 inv-err
  5,655,800 ptrs | 4,275,226 records | 9912 ptr/s | 0 inv-err
  5,673,400 ptrs | 4,288,193 records | 9905 ptr/s | 0 inv-err
  5,677,800 ptrs | 4,291,485 records | 9907 ptr/s | 0 inv-err
  5,682,200 ptrs | 4,294,743 records | 9904 ptr/s | 0 inv-err
  5,685,000 ptrs | 4,296,788 records | 9906 ptr/s | 0 inv-err
  5,704,400 ptrs | 4,311,085 records | 9909 ptr/s | 0 inv-err
  5,709,800 ptrs | 4,315,067 records | 9905 ptr/s | 0 inv-err
  5,727,800 ptrs | 4,328,092 records | 9908 ptr/s | 0 inv-err
  5,739,400 ptrs | 4,336,552 records | 9910 ptr/s | 0 inv-err
  5,753,800 ptrs | 4,347,033 records | 9906 ptr/s | 0 inv-err
  5,763,000 ptrs | 4,353,829 records | 9893 ptr/s | 0 inv-err
  5,782,000 ptrs | 4,367,665 records | 9900 ptr/s | 0 inv-err
  5,786,800 ptrs | 4,371,184 records | 9899 ptr/s | 0 inv-err
  5,792,400 ptrs | 4,375,270 records | 9896 ptr/s | 0 inv-err
  5,796,000 ptrs | 4,377,903 records | 9894 ptr/s | 0 inv-err
  5,812,800 ptrs | 4,390,257 records | 9888 ptr/s | 0 inv-err
  5,816,000 ptrs | 4,392,618 records | 9888 ptr/s | 0 inv-err
  5,818,600 ptrs | 4,394,467 records | 9889 ptr/s | 0 inv-err
  5,840,200 ptrs | 4,410,340 records | 9892 ptr/s | 0 inv-err
  5,847,200 ptrs | 4,415,531 records | 9885 ptr/s | 0 inv-err
  5,852,000 ptrs | 4,419,076 records | 9888 ptr/s | 0 inv-err
  5,864,800 ptrs | 4,428,602 records | 9888 ptr/s | 0 inv-err
  5,884,600 ptrs | 4,443,121 records | 9886 ptr/s | 0 inv-err
  5,890,400 ptrs | 4,447,367 records | 9889 ptr/s | 0 inv-err
  5,896,400 ptrs | 4,451,651 records | 9888 ptr/s | 0 inv-err
  5,904,400 ptrs | 4,457,720 records | 9889 ptr/s | 0 inv-err
  5,917,600 ptrs | 4,467,484 records | 9887 ptr/s | 0 inv-err
  5,920,400 ptrs | 4,469,514 records | 9884 ptr/s | 0 inv-err
  5,954,400 ptrs | 4,494,765 records | 9880 ptr/s | 0 inv-err
  5,955,400 ptrs | 4,495,503 records | 9880 ptr/s | 0 inv-err
  5,957,200 ptrs | 4,496,834 records | 9879 ptr/s | 0 inv-err
  5,963,600 ptrs | 4,501,536 records | 9882 ptr/s | 0 inv-err
  5,974,400 ptrs | 4,509,344 records | 9878 ptr/s | 0 inv-err
  5,991,800 ptrs | 4,522,049 records | 9879 ptr/s | 0 inv-err
  6,009,600 ptrs | 4,534,959 records | 9878 ptr/s | 0 inv-err
  6,014,600 ptrs | 4,538,639 records | 9877 ptr/s | 0 inv-err
  6,016,200 ptrs | 4,539,775 records | 9877 ptr/s | 0 inv-err
  6,030,200 ptrs | 4,549,899 records | 9874 ptr/s | 0 inv-err
  6,045,800 ptrs | 4,561,116 records | 9870 ptr/s | 0 inv-err
  6,060,000 ptrs | 4,571,467 records | 9866 ptr/s | 0 inv-err
  6,061,800 ptrs | 4,572,777 records | 9867 ptr/s | 0 inv-err
  6,064,800 ptrs | 4,574,996 records | 9867 ptr/s | 0 inv-err
  6,071,200 ptrs | 4,579,671 records | 9869 ptr/s | 0 inv-err
  6,085,200 ptrs | 4,589,752 records | 9865 ptr/s | 0 inv-err
  6,092,400 ptrs | 4,595,047 records | 9859 ptr/s | 0 inv-err
  6,105,000 ptrs | 4,604,110 records | 9861 ptr/s | 0 inv-err
  6,121,400 ptrs | 4,615,979 records | 9861 ptr/s | 0 inv-err
  6,129,400 ptrs | 4,621,764 records | 9858 ptr/s | 0 inv-err
  6,137,200 ptrs | 4,627,483 records | 9853 ptr/s | 0 inv-err
  6,151,400 ptrs | 4,637,834 records | 9852 ptr/s | 0 inv-err
  6,156,200 ptrs | 4,641,393 records | 9853 ptr/s | 0 inv-err
  6,165,600 ptrs | 4,648,311 records | 9853 ptr/s | 0 inv-err
  6,181,200 ptrs | 4,659,716 records | 9856 ptr/s | 0 inv-err
  6,188,800 ptrs | 4,665,280 records | 9856 ptr/s | 0 inv-err
  6,196,600 ptrs | 4,670,864 records | 9851 ptr/s | 0 inv-err
  6,200,000 ptrs | 4,673,310 records | 9852 ptr/s | 0 inv-err
  6,230,000 ptrs | 4,695,206 records | 9853 ptr/s | 0 inv-err
  6,233,000 ptrs | 4,697,385 records | 9854 ptr/s | 0 inv-err
  6,243,400 ptrs | 4,705,058 records | 9856 ptr/s | 0 inv-err
  6,248,800 ptrs | 4,708,956 records | 9855 ptr/s | 0 inv-err
  6,264,200 ptrs | 4,720,110 records | 9857 ptr/s | 0 inv-err
  6,271,800 ptrs | 4,725,715 records | 9858 ptr/s | 0 inv-err
  6,287,000 ptrs | 4,736,685 records | 9857 ptr/s | 0 inv-err
  6,295,400 ptrs | 4,742,820 records | 9857 ptr/s | 0 inv-err
  6,303,800 ptrs | 4,748,886 records | 9857 ptr/s | 0 inv-err
  6,313,600 ptrs | 4,756,196 records | 9860 ptr/s | 0 inv-err
  6,315,600 ptrs | 4,757,541 records | 9859 ptr/s | 0 inv-err
  6,345,200 ptrs | 4,779,218 records | 9858 ptr/s | 0 inv-err
  6,353,200 ptrs | 4,784,987 records | 9861 ptr/s | 0 inv-err
  6,358,000 ptrs | 4,788,497 records | 9861 ptr/s | 0 inv-err
  6,358,200 ptrs | 4,788,658 records | 9861 ptr/s | 0 inv-err
  6,375,200 ptrs | 4,801,166 records | 9862 ptr/s | 0 inv-err
  6,396,800 ptrs | 4,816,930 records | 9862 ptr/s | 0 inv-err
  6,397,200 ptrs | 4,817,224 records | 9863 ptr/s | 0 inv-err
  6,412,400 ptrs | 4,828,476 records | 9863 ptr/s | 0 inv-err
  6,417,600 ptrs | 4,832,265 records | 9864 ptr/s | 0 inv-err
  6,420,400 ptrs | 4,834,214 records | 9864 ptr/s | 0 inv-err
  6,422,000 ptrs | 4,835,294 records | 9864 ptr/s | 0 inv-err
  6,451,200 ptrs | 4,856,380 records | 9858 ptr/s | 0 inv-err
  6,452,200 ptrs | 4,857,138 records | 9857 ptr/s | 0 inv-err
  6,464,600 ptrs | 4,866,126 records | 9857 ptr/s | 0 inv-err
  6,476,000 ptrs | 4,874,412 records | 9852 ptr/s | 0 inv-err
  6,485,200 ptrs | 4,881,089 records | 9850 ptr/s | 0 inv-err
  6,493,600 ptrs | 4,887,132 records | 9854 ptr/s | 0 inv-err
  6,504,000 ptrs | 4,894,701 records | 9852 ptr/s | 0 inv-err
  6,509,600 ptrs | 4,898,666 records | 9854 ptr/s | 0 inv-err
  6,524,000 ptrs | 4,909,024 records | 9848 ptr/s | 0 inv-err
  6,526,200 ptrs | 4,910,665 records | 9848 ptr/s | 0 inv-err
  6,530,600 ptrs | 4,913,794 records | 9850 ptr/s | 0 inv-err
  6,535,400 ptrs | 4,917,347 records | 9848 ptr/s | 0 inv-err
  6,568,400 ptrs | 4,941,402 records | 9848 ptr/s | 0 inv-err
  6,569,000 ptrs | 4,941,852 records | 9848 ptr/s | 0 inv-err
  6,576,600 ptrs | 4,947,368 records | 9847 ptr/s | 0 inv-err
  6,592,600 ptrs | 4,959,055 records | 9852 ptr/s | 0 inv-err
  6,593,000 ptrs | 4,959,362 records | 9853 ptr/s | 0 inv-err
  6,610,800 ptrs | 4,972,264 records | 9846 ptr/s | 0 inv-err
  6,613,400 ptrs | 4,974,061 records | 9848 ptr/s | 0 inv-err
  6,632,400 ptrs | 4,987,935 records | 9849 ptr/s | 0 inv-err
  6,639,600 ptrs | 4,993,231 records | 9851 ptr/s | 0 inv-err
  6,658,400 ptrs | 5,006,846 records | 9844 ptr/s | 0 inv-err
  6,660,400 ptrs | 5,008,225 records | 9842 ptr/s | 0 inv-err
  6,672,200 ptrs | 5,016,820 records | 9846 ptr/s | 0 inv-err
  6,679,200 ptrs | 5,021,816 records | 9848 ptr/s | 0 inv-err
  6,690,000 ptrs | 5,029,686 records | 9850 ptr/s | 0 inv-err
  6,699,600 ptrs | 5,036,712 records | 9841 ptr/s | 0 inv-err
  6,709,000 ptrs | 5,043,558 records | 9837 ptr/s | 0 inv-err
  6,720,800 ptrs | 5,052,018 records | 9838 ptr/s | 0 inv-err
  6,732,000 ptrs | 5,060,119 records | 9834 ptr/s | 0 inv-err
  6,735,200 ptrs | 5,062,506 records | 9834 ptr/s | 0 inv-err
  6,749,800 ptrs | 5,073,734 records | 9832 ptr/s | 0 inv-err
  6,767,200 ptrs | 5,087,419 records | 9832 ptr/s | 0 inv-err
  6,770,400 ptrs | 5,089,960 records | 9833 ptr/s | 0 inv-err
  6,783,140 ptrs | 5,099,949 records | 9832 ptr/s | 0 inv-err
DONE: 6,789,340 pointers -> 5,104,816 records | 6,784,198 fetched, 0 empty | 0 invoke-err | 692s | 9807 ptr/s
Next: OPENSEARCH_ENDPOINT=… node load-extracted.js cc-extracted/s200k-mon/
